Component: ARM Compiler 5.06 update 7 (build 960) Tool: armlink [4d3601]

==============================================================================

Section Cross References

    startup_stm32f103xb.o(RESET) refers to startup_stm32f103xb.o(STACK) for __initial_sp
    startup_stm32f103xb.o(RESET) refers to startup_stm32f103xb.o(.text) for Reset_Handler
    startup_stm32f103xb.o(RESET) refers to stm32f1xx_it.o(i.NMI_Handler) for NMI_Handler
    startup_stm32f103xb.o(RESET) refers to stm32f1xx_it.o(i.HardFault_Handler) for HardFault_Handler
    startup_stm32f103xb.o(RESET) refers to stm32f1xx_it.o(i.MemManage_Handler) for MemManage_Handler
    startup_stm32f103xb.o(RESET) refers to stm32f1xx_it.o(i.BusFault_Handler) for BusFault_Handler
    startup_stm32f103xb.o(RESET) refers to stm32f1xx_it.o(i.UsageFault_Handler) for UsageFault_Handler
    startup_stm32f103xb.o(RESET) refers to stm32f1xx_it.o(i.SVC_Handler) for SVC_Handler
    startup_stm32f103xb.o(RESET) refers to stm32f1xx_it.o(i.DebugMon_Handler) for DebugMon_Handler
    startup_stm32f103xb.o(RESET) refers to stm32f1xx_it.o(i.PendSV_Handler) for PendSV_Handler
    startup_stm32f103xb.o(RESET) refers to stm32f1xx_it.o(i.SysTick_Handler) for SysTick_Handler
    startup_stm32f103xb.o(RESET) refers to stm32f1xx_it.o(i.USB_LP_CAN1_RX0_IRQHandler) for USB_LP_CAN1_RX0_IRQHandler
    startup_stm32f103xb.o(.text) refers to system_stm32f1xx.o(i.SystemInit) for SystemInit
    startup_stm32f103xb.o(.text) refers to entry.o(.ARM.Collect$$$$00000000) for __main
    main.o(i.ADC_Read_CH0) refers to main.o(i.ADC_Select_CH0) for ADC_Select_CH0
    main.o(i.ADC_Read_CH0) refers to stm32f1xx_hal_adc.o(i.HAL_ADC_Start) for HAL_ADC_Start
    main.o(i.ADC_Read_CH0) refers to stm32f1xx_hal_adc.o(i.HAL_ADC_PollForConversion) for HAL_ADC_PollForConversion
    main.o(i.ADC_Read_CH0) refers to stm32f1xx_hal_adc.o(i.HAL_ADC_GetValue) for HAL_ADC_GetValue
    main.o(i.ADC_Read_CH0) refers to stm32f1xx_hal_adc.o(i.HAL_ADC_Stop) for HAL_ADC_Stop
    main.o(i.ADC_Read_CH0) refers to adc.o(.bss) for hadc1
    main.o(i.ADC_Read_CH1) refers to main.o(i.ADC_Select_CH1) for ADC_Select_CH1
    main.o(i.ADC_Read_CH1) refers to stm32f1xx_hal_adc.o(i.HAL_ADC_Start) for HAL_ADC_Start
    main.o(i.ADC_Read_CH1) refers to stm32f1xx_hal_adc.o(i.HAL_ADC_PollForConversion) for HAL_ADC_PollForConversion
    main.o(i.ADC_Read_CH1) refers to stm32f1xx_hal_adc.o(i.HAL_ADC_GetValue) for HAL_ADC_GetValue
    main.o(i.ADC_Read_CH1) refers to stm32f1xx_hal_adc.o(i.HAL_ADC_Stop) for HAL_ADC_Stop
    main.o(i.ADC_Read_CH1) refers to adc.o(.bss) for hadc1
    main.o(i.ADC_Select_CH0) refers to stm32f1xx_hal_adc.o(i.HAL_ADC_ConfigChannel) for HAL_ADC_ConfigChannel
    main.o(i.ADC_Select_CH0) refers to adc.o(.bss) for hadc1
    main.o(i.ADC_Select_CH1) refers to stm32f1xx_hal_adc.o(i.HAL_ADC_ConfigChannel) for HAL_ADC_ConfigChannel
    main.o(i.ADC_Select_CH1) refers to adc.o(.bss) for hadc1
    main.o(i.DWT_Delay_us) refers to stm32f1xx_hal_rcc.o(i.HAL_RCC_GetHCLKFreq) for HAL_RCC_GetHCLKFreq
    main.o(i.JS_Calibration) refers to main.o(i.ADC_Select_CH1) for ADC_Select_CH1
    main.o(i.JS_Calibration) refers to stm32f1xx_hal_adc.o(i.HAL_ADC_Start) for HAL_ADC_Start
    main.o(i.JS_Calibration) refers to stm32f1xx_hal_adc.o(i.HAL_ADC_PollForConversion) for HAL_ADC_PollForConversion
    main.o(i.JS_Calibration) refers to stm32f1xx_hal_adc.o(i.HAL_ADC_GetValue) for HAL_ADC_GetValue
    main.o(i.JS_Calibration) refers to fflti.o(.text) for __aeabi_i2f
    main.o(i.JS_Calibration) refers to main.o(i.min) for min
    main.o(i.JS_Calibration) refers to ffixi.o(.text) for __aeabi_f2iz
    main.o(i.JS_Calibration) refers to main.o(i.max) for max
    main.o(i.JS_Calibration) refers to stm32f1xx_hal_adc.o(i.HAL_ADC_Stop) for HAL_ADC_Stop
    main.o(i.JS_Calibration) refers to fadd.o(.text) for __aeabi_fadd
    main.o(i.JS_Calibration) refers to main.o(i.ADC_Select_CH0) for ADC_Select_CH0
    main.o(i.JS_Calibration) refers to adc.o(.bss) for hadc1
    main.o(i.SystemClock_Config) refers to memseta.o(.text) for __aeabi_memclr4
    main.o(i.SystemClock_Config) refers to stm32f1xx_hal_rcc.o(i.HAL_RCC_OscConfig) for HAL_RCC_OscConfig
    main.o(i.SystemClock_Config) refers to stm32f1xx_hal_rcc.o(i.HAL_RCC_ClockConfig) for HAL_RCC_ClockConfig
    main.o(i.SystemClock_Config) refers to stm32f1xx_hal_rcc_ex.o(i.HAL_RCCEx_PeriphCLKConfig) for HAL_RCCEx_PeriphCLKConfig
    main.o(i.itoa) refers to main.o(.conststring) for .conststring
    main.o(i.main) refers to memseta.o(.text) for __aeabi_memclr4
    main.o(i.main) refers to stm32f1xx_hal.o(i.HAL_Init) for HAL_Init
    main.o(i.main) refers to main.o(i.SystemClock_Config) for SystemClock_Config
    main.o(i.main) refers to gpio.o(i.MX_GPIO_Init) for MX_GPIO_Init
    main.o(i.main) refers to tim.o(i.MX_TIM2_Init) for MX_TIM2_Init
    main.o(i.main) refers to tim.o(i.MX_TIM3_Init) for MX_TIM3_Init
    main.o(i.main) refers to adc.o(i.MX_ADC1_Init) for MX_ADC1_Init
[...]
    ../clib/microlib/init/entry.s            0x00000000   Number         0  entry7a.o ABSOLUTE
    ../clib/microlib/init/entry.s            0x00000000   Number         0  entry5.o ABSOLUTE
    ../clib/microlib/init/entry.s            0x00000000   Number         0  entry.o ABSOLUTE
    ../clib/microlib/init/entry.s            0x00000000   Number         0  entry8a.o ABSOLUTE
    ../clib/microlib/longlong.c              0x00000000   Number         0  llushr.o ABSOLUTE
    ../clib/microlib/string/memcpy.c         0x00000000   Number         0  memcpya.o ABSOLUTE
    ../clib/microlib/string/memcpy.c         0x00000000   Number         0  memcpyb.o ABSOLUTE
    ../clib/microlib/string/memset.c         0x00000000   Number         0  memseta.o ABSOLUTE
    ../clib/microlib/string/strlen.c         0x00000000   Number         0  strlen.o ABSOLUTE
    ../clib/microlib/stubs.s                 0x00000000   Number         0  iusefp.o ABSOLUTE
    ../fplib/microlib/fpadd.c                0x00000000   Number         0  fadd.o ABSOLUTE
    ../fplib/microlib/fpepilogue.c           0x00000000   Number         0  fepilogue.o ABSOLUTE
    ../fplib/microlib/fpfix.c                0x00000000   Number         0  ffixi.o ABSOLUTE
    ../fplib/microlib/fpflt.c                0x00000000   Number         0  fflti.o ABSOLUTE
    ..\Core\Src\adc.c                        0x00000000   Number         0  adc.o ABSOLUTE
    ..\Core\Src\gpio.c                       0x00000000   Number         0  gpio.o ABSOLUTE
    ..\Core\Src\main.c                       0x00000000   Number         0  main.o ABSOLUTE
    ..\Core\Src\stm32f1xx_hal_msp.c          0x00000000   Number         0  stm32f1xx_hal_msp.o ABSOLUTE
    ..\Core\Src\stm32f1xx_it.c               0x00000000   Number         0  stm32f1xx_it.o ABSOLUTE
    ..\Core\Src\system_stm32f1xx.c           0x00000000   Number         0  system_stm32f1xx.o ABSOLUTE
    ..\Core\Src\tim.c                        0x00000000   Number         0  tim.o ABSOLUTE
    ..\Drivers\STM32F1xx_HAL_Driver\Src\stm32f1xx_hal.c 0x00000000   Number         0  stm32f1xx_hal.o ABSOLUTE
    ..\Drivers\STM32F1xx_HAL_Driver\Src\stm32f1xx_hal_adc.c 0x00000000   Number         0  stm32f1xx_hal_adc.o ABSOLUTE
    ..\Drivers\STM32F1xx_HAL_Driver\Src\stm32f1xx_hal_adc_ex.c 0x00000000   Number         0  stm32f1xx_hal_adc_ex.o ABSOLUTE
    ..\Drivers\STM32F1xx_HAL_Driver\Src\stm32f1xx_hal_cortex.c 0x00000000   Number         0  stm32f1xx_hal_cortex.o ABSOLUTE
    ..\Drivers\STM32F1xx_HAL_Driver\Src\stm32f1xx_hal_dma.c 0x00000000   Number         0  stm32f1xx_hal_dma.o ABSOLUTE
    ..\Drivers\STM32F1xx_HAL_Driver\Src\stm32f1xx_hal_exti.c 0x00000000   Number         0  stm32f1xx_hal_exti.o ABSOLUTE
    ..\Drivers\STM32F1xx_HAL_Driver\Src\stm32f1xx_hal_flash.c 0x00000000   Number         0  stm32f1xx_hal_flash.o ABSOLUTE
    ..\Drivers\STM32F1xx_HAL_Driver\Src\stm32f1xx_hal_flash_ex.c 0x00000000   Number         0  stm32f1xx_hal_flash_ex.o ABSOLUTE
    ..\Drivers\STM32F1xx_HAL_Driver\Src\stm32f1xx_hal_gpio.c 0x00000000   Number         0  stm32f1xx_hal_gpio.o ABSOLUTE
    ..\Drivers\STM32F1xx_HAL_Driver\Src\stm32f1xx_hal_gpio_ex.c 0x00000000   Number         0  stm32f1xx_hal_gpio_ex.o ABSOLUTE
    ..\Drivers\STM32F1xx_HAL_Driver\Src\stm32f1xx_hal_pcd.c 0x00000000   Number         0  stm32f1xx_hal_pcd.o ABSOLUTE
    ..\Drivers\STM32F1xx_HAL_Driver\Src\stm32f1xx_hal_pcd_ex.c 0x00000000   Number         0  stm32f1xx_hal_pcd_ex.o ABSOLUTE
    ..\Drivers\STM32F1xx_HAL_Driver\Src\stm32f1xx_hal_pwr.c 0x00000000   Number         0  stm32f1xx_hal_pwr.o ABSOLUTE
    ..\Drivers\STM32F1xx_HAL_Driver\Src\stm32f1xx_hal_rcc.c 0x00000000   Number         0  stm32f1xx_hal_rcc.o ABSOLUTE
    ..\Drivers\STM32F1xx_HAL_Driver\Src\stm32f1xx_hal_rcc_ex.c 0x00000000   Number         0  stm32f1xx_hal_rcc_ex.o ABSOLUTE
    ..\Drivers\STM32F1xx_HAL_Driver\Src\stm32f1xx_hal_tim.c 0x00000000   Number         0  stm32f1xx_hal_tim.o ABSOLUTE
    ..\Drivers\STM32F1xx_HAL_Driver\Src\stm32f1xx_hal_tim_ex.c 0x00000000   Number         0  stm32f1xx_hal_tim_ex.o ABSOLUTE
    ..\Drivers\STM32F1xx_HAL_Driver\Src\stm32f1xx_ll_usb.c 0x00000000   Number         0  stm32f1xx_ll_usb.o ABSOLUTE
    ..\Middlewares\ST\STM32_USB_Device_Library\Class\CDC\Src\usbd_cdc.c 0x00000000   Number         0  usbd_cdc.o ABSOLUTE
    ..\Middlewares\ST\STM32_USB_Device_Library\Core\Src\usbd_core.c 0x00000000   Number         0  usbd_core.o ABSOLUTE
    ..\Middlewares\ST\STM32_USB_Device_Library\Core\Src\usbd_ctlreq.c 0x00000000   Number         0  usbd_ctlreq.o ABSOLUTE
    ..\Middlewares\ST\STM32_USB_Device_Library\Core\Src\usbd_ioreq.c 0x00000000   Number         0  usbd_ioreq.o ABSOLUTE
    ..\USB_DEVICE\App\usb_device.c           0x00000000   Number         0  usb_device.o ABSOLUTE
    ..\USB_DEVICE\App\usbd_cdc_if.c          0x00000000   Number         0  usbd_cdc_if.o ABSOLUTE
    ..\USB_DEVICE\App\usbd_desc.c            0x00000000   Number         0  usbd_desc.o ABSOLUTE
    ..\USB_DEVICE\Target\usbd_conf.c         0x00000000   Number         0  usbd_conf.o ABSOLUTE
    cfcmple.s                                0x00000000   Number         0  cfcmple.o ABSOLUTE
    cfrcmple.s                               0x00000000   Number         0  cfrcmple.o ABSOLUTE
    dc.s                                     0x00000000   Number         0  dc.o ABSOLUTE
    handlers.s                               0x00000000   Number         0  handlers.o ABSOLUTE
    init.s                                   0x00000000   Number         0  init.o ABSOLUTE
    startup_stm32f103xb.s                    0x00000000   Number         0  startup_stm32f103xb.o ABSOLUTE
    RESET                                    0x08000000   Section      236  startup_stm32f103xb.o(RESET)
    .ARM.Collect$$$$00000000                 0x080000ec   Section        0  entry.o(.ARM.Collect$$$$00000000)
    .ARM.Collect$$$$00000001                 0x080000ec   Section        4  entry2.o(.ARM.Collect$$$$00000001)
    .ARM.Collect$$$$00000004                 0x080000f0   Section        4  entry5.o(.ARM.Collect$$$$00000004)
    .ARM.Collect$$$$00000008                 0x080000f4   Section        0  entry7b.o(.ARM.Collect$$$$00000008)
    .ARM.Collect$$$$0000000A                 0x080000f4   Section        0  entry8b.o(.ARM.Collect$$$$0000000A)
    .ARM.Collect$$$$0000000B                 0x080000f4   Section        8  entry9a.o(.ARM.Collect$$$$0000000B)
    .ARM.Collect$$$$0000000E                 0x080000fc   Section        4  entry12b.o(.ARM.Collect$$$$0000000E)
    .ARM.Collect$$$$0000000F                 0x08000100   Section        0  entry10a.o(.ARM.Collect$$$$0000000F)
    .ARM.Collect$$$$00000011                 0x08000100   Section        0  entry11a.o(.ARM.Collect$$$$00000011)
    .ARM.Collect$$$$00002712                 0x08000100   Section        4  entry2.o(.ARM.Collect$$$$00002712)
    __lit__00000000                          0x08000100   Data           4  entry2.o(.ARM.Collect$$$$00002712)
    .text                                    0x08000104   Section       36  startup_stm32f103xb.o(.text)
    .text                                    0x08000128   Section        0  memcpya.o(.text)
    .text                                    0x0800014c   Section        0  memseta.o(.text)
    .text                                    0x08000170   Section        0  strlen.o(.text)
    .text                                    0x0800017e   Section        0  fadd.o(.text)
    .text                                    0x0800022e   Section        0  fflti.o(.text)
    .text                                    0x08000240   Section        0  ffixi.o(.text)
    .text                                    0x08000274   Section       20  cfcmple.o(.text)
    .text                                    0x08000288   Section       20  cfrcmple.o(.text)
    .text                                    0x0800029c   Section        0  iusefp.o(.text)
    .text                                    0x0800029c   Section        0  fepilogue.o(.text)
    .text                                    0x0800030c   Section       36  init.o(.text)
    .text                                    0x08000330   Section        0  __dczerorl2.o(.text)
    i.ADC_ConversionStop_Disable             0x08000388   Section        0  stm32f1xx_hal_adc.o(i.ADC_ConversionStop_Disable)
    i.ADC_Enable                             0x080003d4   Section        0  stm32f1xx_hal_adc.o(i.ADC_Enable)
    i.ADC_Read_CH0                           0x08000444   Section        0  main.o(i.ADC_Read_CH0)
    i.ADC_Read_CH1                           0x08000470   Section        0  main.o(i.ADC_Read_CH1)
    i.ADC_Select_CH0                         0x0800049c   Section        0  main.o(i.ADC_Select_CH0)
    i.ADC_Select_CH1                         0x080004c0   Section        0  main.o(i.ADC_Select_CH1)
    i.BusFault_Handler                       0x080004e4   Section        0  stm32f1xx_it.o(i.BusFault_Handler)
    i.CDC_Control_FS                         0x080004e6   Section        0  usbd_cdc_if.o(i.CDC_Control_FS)
    CDC_Control_FS                           0x080004e7   Thumb Code     4  usbd_cdc_if.o(i.CDC_Control_FS)
    i.CDC_DeInit_FS                          0x080004ea   Section        0  usbd_cdc_if.o(i.CDC_DeInit_FS)
    CDC_DeInit_FS                            0x080004eb   Thumb Code     4  usbd_cdc_if.o(i.CDC_DeInit_FS)
    i.CDC_Init_FS                            0x080004f0   Section        0  usbd_cdc_if.o(i.CDC_Init_FS)
    CDC_Init_FS                              0x080004f1   Thumb Code    24  usbd_cdc_if.o(i.CDC_Init_FS)
    i.CDC_Receive_FS                         0x08000514   Section        0  usbd_cdc_if.o(i.CDC_Receive_FS)
    CDC_Receive_FS                           0x08000515   Thumb Code    56  usbd_cdc_if.o(i.CDC_Receive_FS)
    i.CDC_Transmit_FS                        0x08000558   Section        0  usbd_cdc_if.o(i.CDC_Transmit_FS)
    i.DWT_Delay_Init                         0x08000584   Section        0  main.o(i.DWT_Delay_Init)
    i.DWT_Delay_us                           0x080005c8   Section        0  main.o(i.DWT_Delay_us)
    DWT_Delay_us                             0x080005c9   Thumb Code    34  main.o(i.DWT_Delay_us)
    i.DebugMon_Handler                       0x080005f4   Section        0  stm32f1xx_it.o(i.DebugMon_Handler)
    i.Error_Handler                          0x080005f6   Section        0  main.o(i.Error_Handler)
    i.HAL_ADC_ConfigChannel                  0x080005fc   Section        0  stm32f1xx_hal_adc.o(i.HAL_ADC_ConfigChannel)
    i.HAL_ADC_GetValue                       0x080006f8   Section        0  stm32f1xx_hal_adc.o(i.HAL_ADC_GetValue)
    i.HAL_ADC_Init                           0x08000700   Section        0  stm32f1xx_hal_adc.o(i.HAL_ADC_Init)
    i.HAL_ADC_MspInit                        0x0800081c   Section        0  adc.o(i.HAL_ADC_MspInit)
    i.HAL_ADC_PollForConversion              0x08000874   Section        0  stm32f1xx_hal_adc.o(i.HAL_ADC_PollForConversion)
    i.HAL_ADC_Start                          0x080009a4   Section        0  stm32f1xx_hal_adc.o(i.HAL_ADC_Start)
    i.HAL_ADC_Stop                           0x08000a64   Section        0  stm32f1xx_hal_adc.o(i.HAL_ADC_Stop)
    i.HAL_Delay                              0x08000a98   Section        0  stm32f1xx_hal.o(i.HAL_Delay)
    i.HAL_GPIO_Init                          0x08000abc   Section        0  stm32f1xx_hal_gpio.o(i.HAL_GPIO_Init)
    i.HAL_GPIO_ReadPin                       0x08000c9c   Section        0  stm32f1xx_hal_gpio.o(i.HAL_GPIO_ReadPin)
    i.HAL_GPIO_WritePin                      0x08000ca6   Section        0  stm32f1xx_hal_gpio.o(i.HAL_GPIO_WritePin)
    i.HAL_GetTick                            0x08000cb0   Section        0  stm32f1xx_hal.o(i.HAL_GetTick)
    i.HAL_IncTick                            0x08000cbc   Section        0  stm32f1xx_hal.o(i.HAL_IncTick)
    i.HAL_Init                               0x08000ccc   Section        0  stm32f1xx_hal.o(i.HAL_Init)
    i.HAL_InitTick                           0x08000cf0   Section        0  stm32f1xx_hal.o(i.HAL_InitTick)
    i.HAL_MspInit                            0x08000d30   Section        0  stm32f1xx_hal_msp.o(i.HAL_MspInit)
    i.HAL_NVIC_EnableIRQ                     0x08000d6c   Section        0  stm32f1xx_hal_cortex.o(i.HAL_NVIC_EnableIRQ)
    i.HAL_NVIC_SetPriority                   0x08000d88   Section        0  stm32f1xx_hal_cortex.o(i.HAL_NVIC_SetPriority)
    i.HAL_NVIC_SetPriorityGrouping           0x08000dc8   Section        0  stm32f1xx_hal_cortex.o(i.HAL_NVIC_SetPriorityGrouping)
    i.HAL_PCDEx_PMAConfig                    0x08000dec   Section        0  stm32f1xx_hal_pcd_ex.o(i.HAL_PCDEx_PMAConfig)
    i.HAL_PCDEx_SetConnectionState           0x08000e28   Section        0  usbd_conf.o(i.HAL_PCDEx_SetConnectionState)
    i.HAL_PCD_DataInStageCallback            0x08000e2a   Section        0  usbd_conf.o(i.HAL_PCD_DataInStageCallback)
    i.HAL_PCD_DataOutStageCallback           0x08000e3c   Section        0  usbd_conf.o(i.HAL_PCD_DataOutStageCallback)
    i.HAL_PCD_EP_Close                       0x08000e50   Section        0  stm32f1xx_hal_pcd.o(i.HAL_PCD_EP_Close)
    i.HAL_PCD_EP_ClrStall                    0x08000e9c   Section        0  stm32f1xx_hal_pcd.o(i.HAL_PCD_EP_ClrStall)
    i.HAL_PCD_EP_DB_Receive                  0x08000ef8   Section        0  stm32f1xx_hal_pcd.o(i.HAL_PCD_EP_DB_Receive)
    HAL_PCD_EP_DB_Receive                    0x08000ef9   Thumb Code   230  stm32f1xx_hal_pcd.o(i.HAL_PCD_EP_DB_Receive)
    i.HAL_PCD_EP_DB_Transmit                 0x08000fde   Section        0  stm32f1xx_hal_pcd.o(i.HAL_PCD_EP_DB_Transmit)
    HAL_PCD_EP_DB_Transmit                   0x08000fdf   Thumb Code   544  stm32f1xx_hal_pcd.o(i.HAL_PCD_EP_DB_Transmit)
    i.HAL_PCD_EP_GetRxCount                  0x080011fe   Section        0  stm32f1xx_hal_pcd.o(i.HAL_PCD_EP_GetRxCount)
    i.HAL_PCD_EP_Open                        0x08001210   Section        0  stm32f1xx_hal_pcd.o(i.HAL_PCD_EP_Open)
    i.HAL_PCD_EP_Receive                     0x08001270   Section        0  stm32f1xx_hal_pcd.o(i.HAL_PCD_EP_Receive)
    i.HAL_PCD_EP_SetStall                    0x080012a2   Section        0  stm32f1xx_hal_pcd.o(i.HAL_PCD_EP_SetStall)
    i.HAL_PCD_EP_Transmit                    0x08001314   Section        0  stm32f1xx_hal_pcd.o(i.HAL_PCD_EP_Transmit)
    i.HAL_PCD_IRQHandler                     0x08001348   Section        0  stm32f1xx_hal_pcd.o(i.HAL_PCD_IRQHandler)
    i.HAL_PCD_Init                           0x0800149c   Section        0  stm32f1xx_hal_pcd.o(i.HAL_PCD_Init)
    i.HAL_PCD_MspInit                        0x08001578   Section        0  usbd_conf.o(i.HAL_PCD_MspInit)
    i.HAL_PCD_ResetCallback                  0x080015b4   Section        0  usbd_conf.o(i.HAL_PCD_ResetCallback)
    i.HAL_PCD_ResumeCallback                 0x080015da   Section        0  usbd_conf.o(i.HAL_PCD_ResumeCallback)
    i.HAL_PCD_SOFCallback                    0x080015e2   Section        0  usbd_conf.o(i.HAL_PCD_SOFCallback)
    i.HAL_PCD_SetAddress                     0x080015ea   Section        0  stm32f1xx_hal_pcd.o(i.HAL_PCD_SetAddress)
    i.HAL_PCD_SetupStageCallback             0x08001612   Section        0  usbd_conf.o(i.HAL_PCD_SetupStageCallback)
    i.HAL_PCD_Start                          0x08001620   Section        0  stm32f1xx_hal_pcd.o(i.HAL_PCD_Start)
    i.HAL_PCD_SuspendCallback                0x08001654   Section        0  usbd_conf.o(i.HAL_PCD_SuspendCallback)
    i.HAL_RCCEx_GetPeriphCLKFreq             0x08001678   Section        0  stm32f1xx_hal_rcc_ex.o(i.HAL_RCCEx_GetPeriphCLKFreq)
    i.HAL_RCCEx_PeriphCLKConfig              0x08001740   Section        0  stm32f1xx_hal_rcc_ex.o(i.HAL_RCCEx_PeriphCLKConfig)
    i.HAL_RCC_ClockConfig                    0x0800182c   Section        0  stm32f1xx_hal_rcc.o(i.HAL_RCC_ClockConfig)
    i.HAL_RCC_GetHCLKFreq                    0x08001958   Section        0  stm32f1xx_hal_rcc.o(i.HAL_RCC_GetHCLKFreq)
    i.HAL_RCC_GetPCLK2Freq                   0x08001964   Section        0  stm32f1xx_hal_rcc.o(i.HAL_RCC_GetPCLK2Freq)
    i.HAL_RCC_GetSysClockFreq                0x08001984   Section        0  stm32f1xx_hal_rcc.o(i.HAL_RCC_GetSysClockFreq)
    i.HAL_RCC_OscConfig                      0x080019f0   Section        0  stm32f1xx_hal_rcc.o(i.HAL_RCC_OscConfig)
    i.HAL_SYSTICK_Config                     0x08001d10   Section        0  stm32f1xx_hal_cortex.o(i.HAL_SYSTICK_Config)
    i.HAL_TIMEx_MasterConfigSynchronization  0x08001d38   Section        0  stm32f1xx_hal_tim_ex.o(i.HAL_TIMEx_MasterConfigSynchronization)
    i.HAL_TIM_Encoder_Init                   0x08001da0   Section        0  stm32f1xx_hal_tim.o(i.HAL_TIM_Encoder_Init)
    i.HAL_TIM_Encoder_MspInit                0x08001e44   Section        0  tim.o(i.HAL_TIM_Encoder_MspInit)
    i.HAL_TIM_Encoder_Start                  0x08001f08   Section        0  stm32f1xx_hal_tim.o(i.HAL_TIM_Encoder_Start)
    i.HardFault_Handler                      0x08001f96   Section        0  stm32f1xx_it.o(i.HardFault_Handler)
    i.IntToUnicode                           0x08001f98   Section        0  usbd_desc.o(i.IntToUnicode)
    IntToUnicode                             0x08001f99   Thumb Code    56  usbd_desc.o(i.IntToUnicode)
    i.JS_Calibration                         0x08001fd0   Section        0  main.o(i.JS_Calibration)
    i.MX_ADC1_Init                           0x080020cc   Section        0  adc.o(i.MX_ADC1_Init)
    i.MX_GPIO_Init                           0x08002104   Section        0  gpio.o(i.MX_GPIO_Init)
    i.MX_TIM2_Init                           0x080021fc   Section        0  tim.o(i.MX_TIM2_Init)
    i.MX_TIM3_Init                           0x08002264   Section        0  tim.o(i.MX_TIM3_Init)
    i.MX_USB_DEVICE_Init                     0x080022cc   Section        0  usb_device.o(i.MX_USB_DEVICE_Init)
    i.MemManage_Handler                      0x08002320   Section        0  stm32f1xx_it.o(i.MemManage_Handler)
    i.NMI_Handler                            0x08002322   Section        0  stm32f1xx_it.o(i.NMI_Handler)
    i.PCD_EP_ISR_Handler                     0x08002324   Section        0  stm32f1xx_hal_pcd.o(i.PCD_EP_ISR_Handler)
    PCD_EP_ISR_Handler                       0x08002325   Thumb Code   764  stm32f1xx_hal_pcd.o(i.PCD_EP_ISR_Handler)
    i.PendSV_Handler                         0x08002620   Section        0  stm32f1xx_it.o(i.PendSV_Handler)
    i.SVC_Handler                            0x08002622   Section        0  stm32f1xx_it.o(i.SVC_Handler)
    i.SysTick_Handler                        0x08002624   Section        0  stm32f1xx_it.o(i.SysTick_Handler)
    i.SystemClock_Config                     0x08002628   Section        0  main.o(i.SystemClock_Config)
    i.SystemInit                             0x080026a4   Section        0  system_stm32f1xx.o(i.SystemInit)
    i.TIM_Base_SetConfig                     0x080026a8   Section        0  stm32f1xx_hal_tim.o(i.TIM_Base_SetConfig)
    i.TIM_CCxChannelCmd                      0x08002714   Section        0  stm32f1xx_hal_tim.o(i.TIM_CCxChannelCmd)
    i.USBD_CDC_DataIn                        0x0800272e   Section        0  usbd_cdc.o(i.USBD_CDC_DataIn)
    USBD_CDC_DataIn                          0x0800272f   Thumb Code    70  usbd_cdc.o(i.USBD_CDC_DataIn)
    i.USBD_CDC_DataOut                       0x08002774   Section        0  usbd_cdc.o(i.USBD_CDC_DataOut)
    USBD_CDC_DataOut                         0x08002775   Thumb Code    46  usbd_cdc.o(i.USBD_CDC_DataOut)
    i.USBD_CDC_DeInit                        0x080027a2   Section        0  usbd_cdc.o(i.USBD_CDC_DeInit)
    USBD_CDC_DeInit                          0x080027a3   Thumb Code    68  usbd_cdc.o(i.USBD_CDC_DeInit)
    i.USBD_CDC_EP0_RxReady                   0x080027e6   Section        0  usbd_cdc.o(i.USBD_CDC_EP0_RxReady)
    USBD_CDC_EP0_RxReady                     0x080027e7   Thumb Code    36  usbd_cdc.o(i.USBD_CDC_EP0_RxReady)
    i.USBD_CDC_GetDeviceQualifierDescriptor  0x0800280c   Section        0  usbd_cdc.o(i.USBD_CDC_GetDeviceQualifierDescriptor)
    i.USBD_CDC_GetFSCfgDesc                  0x08002818   Section        0  usbd_cdc.o(i.USBD_CDC_GetFSCfgDesc)
    USBD_CDC_GetFSCfgDesc                    0x08002819   Thumb Code     8  usbd_cdc.o(i.USBD_CDC_GetFSCfgDesc)
    i.USBD_CDC_GetHSCfgDesc                  0x08002824   Section        0  usbd_cdc.o(i.USBD_CDC_GetHSCfgDesc)
    USBD_CDC_GetHSCfgDesc                    0x08002825   Thumb Code     8  usbd_cdc.o(i.USBD_CDC_GetHSCfgDesc)
    i.USBD_CDC_GetOtherSpeedCfgDesc          0x08002830   Section        0  usbd_cdc.o(i.USBD_CDC_GetOtherSpeedCfgDesc)
    USBD_CDC_GetOtherSpeedCfgDesc            0x08002831   Thumb Code     8  usbd_cdc.o(i.USBD_CDC_GetOtherSpeedCfgDesc)
    i.USBD_CDC_Init                          0x0800283c   Section        0  usbd_cdc.o(i.USBD_CDC_Init)
    USBD_CDC_Init                            0x0800283d   Thumb Code   148  usbd_cdc.o(i.USBD_CDC_Init)
    i.USBD_CDC_ReceivePacket                 0x080028d0   Section        0  usbd_cdc.o(i.USBD_CDC_ReceivePacket)
    i.USBD_CDC_RegisterInterface             0x080028f8   Section        0  usbd_cdc.o(i.USBD_CDC_RegisterInterface)
    i.USBD_CDC_SetRxBuffer                   0x08002908   Section        0  usbd_cdc.o(i.USBD_CDC_SetRxBuffer)
    i.USBD_CDC_SetTxBuffer                   0x08002914   Section        0  usbd_cdc.o(i.USBD_CDC_SetTxBuffer)
    i.USBD_CDC_Setup                         0x08002924   Section        0  usbd_cdc.o(i.USBD_CDC_Setup)
    USBD_CDC_Setup                           0x08002925   Thumb Code   172  usbd_cdc.o(i.USBD_CDC_Setup)
    i.USBD_CDC_TransmitPacket                0x080029d0   Section        0  usbd_cdc.o(i.USBD_CDC_TransmitPacket)
    i.USBD_ClrClassConfig                    0x08002a06   Section        0  usbd_core.o(i.USBD_ClrClassConfig)
    i.USBD_CtlContinueRx                     0x08002a14   Section        0  usbd_ioreq.o(i.USBD_CtlContinueRx)
    i.USBD_CtlContinueSendData               0x08002a24   Section        0  usbd_ioreq.o(i.USBD_CtlContinueSendData)
    i.USBD_CtlError                          0x08002a34   Section        0  usbd_ctlreq.o(i.USBD_CtlError)
    i.USBD_CtlPrepareRx                      0x08002a4a   Section        0  usbd_ioreq.o(i.USBD_CtlPrepareRx)
    i.USBD_CtlReceiveStatus                  0x08002a68   Section        0  usbd_ioreq.o(i.USBD_CtlReceiveStatus)
    i.USBD_CtlSendData                       0x08002a7e   Section        0  usbd_ioreq.o(i.USBD_CtlSendData)
    i.USBD_CtlSendStatus                     0x08002a98   Section        0  usbd_ioreq.o(i.USBD_CtlSendStatus)
    i.USBD_FS_ConfigStrDescriptor            0x08002ab0   Section        0  usbd_desc.o(i.USBD_FS_ConfigStrDescriptor)
    i.USBD_FS_DeviceDescriptor               0x08002ad0   Section        0  usbd_desc.o(i.USBD_FS_DeviceDescriptor)
    i.USBD_FS_InterfaceStrDescriptor         0x08002adc   Section        0  usbd_desc.o(i.USBD_FS_InterfaceStrDescriptor)
    i.USBD_FS_LangIDStrDescriptor            0x08002b00   Section        0  usbd_desc.o(i.USBD_FS_LangIDStrDescriptor)
    i.USBD_FS_ManufacturerStrDescriptor      0x08002b0c   Section        0  usbd_desc.o(i.USBD_FS_ManufacturerStrDescriptor)
    i.USBD_FS_ProductStrDescriptor           0x08002b34   Section        0  usbd_desc.o(i.USBD_FS_ProductStrDescriptor)
    i.USBD_FS_SerialStrDescriptor            0x08002b60   Section        0  usbd_desc.o(i.USBD_FS_SerialStrDescriptor)
    i.USBD_GetDescriptor                     0x08002b98   Section        0  usbd_ctlreq.o(i.USBD_GetDescriptor)
    USBD_GetDescriptor                       0x08002b99   Thumb Code   232  usbd_ctlreq.o(i.USBD_GetDescriptor)
    i.USBD_GetString                         0x08002c80   Section        0  usbd_ctlreq.o(i.USBD_GetString)
    i.USBD_Get_USB_Status                    0x08002cc8   Section        0  usbd_conf.o(i.USBD_Get_USB_Status)
    USBD_Get_USB_Status                      0x08002cc9   Thumb Code    24  usbd_conf.o(i.USBD_Get_USB_Status)
    i.USBD_Init                              0x08002ce0   Section        0  usbd_core.o(i.USBD_Init)
    i.USBD_LL_ClearStallEP                   0x08002d0a   Section        0  usbd_conf.o(i.USBD_LL_ClearStallEP)
    i.USBD_LL_CloseEP                        0x08002d1c   Section        0  usbd_conf.o(i.USBD_LL_CloseEP)
    i.USBD_LL_DataInStage                    0x08002d2e   Section        0  usbd_core.o(i.USBD_LL_DataInStage)
    i.USBD_LL_DataOutStage                   0x08002df4   Section        0  usbd_core.o(i.USBD_LL_DataOutStage)
    i.USBD_LL_GetRxDataSize                  0x08002e76   Section        0  usbd_conf.o(i.USBD_LL_GetRxDataSize)
    i.USBD_LL_Init                           0x08002e80   Section        0  usbd_conf.o(i.USBD_LL_Init)
    i.USBD_LL_IsStallEP                      0x08002f00   Section        0  usbd_conf.o(i.USBD_LL_IsStallEP)
    i.USBD_LL_OpenEP                         0x08002f20   Section        0  usbd_conf.o(i.USBD_LL_OpenEP)
    i.USBD_LL_PrepareReceive                 0x08002f38   Section        0  usbd_conf.o(i.USBD_LL_PrepareReceive)
    i.USBD_LL_Reset                          0x08002f4a   Section        0  usbd_core.o(i.USBD_LL_Reset)
    i.USBD_LL_Resume                         0x08002f9a   Section        0  usbd_core.o(i.USBD_LL_Resume)
    i.USBD_LL_SOF                            0x08002fae   Section        0  usbd_core.o(i.USBD_LL_SOF)
    i.USBD_LL_SetSpeed                       0x08002fc6   Section        0  usbd_core.o(i.USBD_LL_SetSpeed)
    i.USBD_LL_SetUSBAddress                  0x08002fcc   Section        0  usbd_conf.o(i.USBD_LL_SetUSBAddress)
    i.USBD_LL_SetupStage                     0x08002fde   Section        0  usbd_core.o(i.USBD_LL_SetupStage)
    i.USBD_LL_StallEP                        0x08003038   Section        0  usbd_conf.o(i.USBD_LL_StallEP)
    i.USBD_LL_Start                          0x0800304a   Section        0  usbd_conf.o(i.USBD_LL_Start)
    i.USBD_LL_Suspend                        0x0800305c   Section        0  usbd_core.o(i.USBD_LL_Suspend)
    i.USBD_LL_Transmit                       0x0800306e   Section        0  usbd_conf.o(i.USBD_LL_Transmit)
    i.USBD_ParseSetupRequest                 0x08003080   Section        0  usbd_ctlreq.o(i.USBD_ParseSetupRequest)
    i.USBD_RegisterClass                     0x080030a8   Section        0  usbd_core.o(i.USBD_RegisterClass)
    i.USBD_SetClassConfig                    0x080030b8   Section        0  usbd_core.o(i.USBD_SetClassConfig)
    i.USBD_SetConfig                         0x080030d0   Section        0  usbd_ctlreq.o(i.USBD_SetConfig)
    USBD_SetConfig                           0x080030d1   Thumb Code   128  usbd_ctlreq.o(i.USBD_SetConfig)
    i.USBD_Start                             0x08003154   Section        0  usbd_core.o(i.USBD_Start)
    i.USBD_StdDevReq                         0x0800315e   Section        0  usbd_ctlreq.o(i.USBD_StdDevReq)
    i.USBD_StdEPReq                          0x08003270   Section        0  usbd_ctlreq.o(i.USBD_StdEPReq)
    i.USBD_StdItfReq                         0x080033c0   Section        0  usbd_ctlreq.o(i.USBD_StdItfReq)
    i.USBD_static_free                       0x0800340e   Section        0  usbd_conf.o(i.USBD_static_free)
    i.USBD_static_malloc                     0x08003410   Section        0  usbd_conf.o(i.USBD_static_malloc)
    i.USB_ActivateEndpoint                   0x08003418   Section        0  stm32f1xx_ll_usb.o(i.USB_ActivateEndpoint)
    i.USB_CoreInit                           0x08003670   Section        0  stm32f1xx_ll_usb.o(i.USB_CoreInit)
    i.USB_DeactivateEndpoint                 0x08003674   Section        0  stm32f1xx_ll_usb.o(i.USB_DeactivateEndpoint)
    i.USB_DevConnect                         0x08003782   Section        0  stm32f1xx_ll_usb.o(i.USB_DevConnect)
    i.USB_DevDisconnect                      0x08003786   Section        0  stm32f1xx_ll_usb.o(i.USB_DevDisconnect)
    i.USB_DevInit                            0x0800378a   Section        0  stm32f1xx_ll_usb.o(i.USB_DevInit)
    i.USB_DisableGlobalInt                   0x0800379c   Section        0  stm32f1xx_ll_usb.o(i.USB_DisableGlobalInt)
    i.USB_EP0_OutStart                       0x080037aa   Section        0  stm32f1xx_ll_usb.o(i.USB_EP0_OutStart)
    i.USB_EPClearStall                       0x080037ae   Section        0  stm32f1xx_ll_usb.o(i.USB_EPClearStall)
    i.USB_EPSetStall                         0x08003826   Section        0  stm32f1xx_ll_usb.o(i.USB_EPSetStall)
    i.USB_EPStartXfer                        0x08003858   Section        0  stm32f1xx_ll_usb.o(i.USB_EPStartXfer)
    i.USB_EnableGlobalInt                    0x08003d26   Section        0  stm32f1xx_ll_usb.o(i.USB_EnableGlobalInt)
    i.USB_LP_CAN1_RX0_IRQHandler             0x08003d38   Section        0  stm32f1xx_it.o(i.USB_LP_CAN1_RX0_IRQHandler)
    i.USB_ReadInterrupts                     0x08003d44   Section        0  stm32f1xx_ll_usb.o(i.USB_ReadInterrupts)
    i.USB_ReadPMA                            0x08003d4c   Section        0  stm32f1xx_ll_usb.o(i.USB_ReadPMA)
    i.USB_SetCurrentMode                     0x08003d78   Section        0  stm32f1xx_ll_usb.o(i.USB_SetCurrentMode)
    i.USB_SetDevAddress                      0x08003d7c   Section        0  stm32f1xx_ll_usb.o(i.USB_SetDevAddress)
    i.USB_WritePMA                           0x08003d88   Section        0  stm32f1xx_ll_usb.o(i.USB_WritePMA)
    i.UsageFault_Handler                     0x08003dae   Section        0  stm32f1xx_it.o(i.UsageFault_Handler)
    i.__NVIC_SetPriority                     0x08003db0   Section        0  stm32f1xx_hal_cortex.o(i.__NVIC_SetPriority)
    __NVIC_SetPriority                       0x08003db1   Thumb Code    32  stm32f1xx_hal_cortex.o(i.__NVIC_SetPriority)
    i.__scatterload_copy                     0x08003dd0   Section       14  handlers.o(i.__scatterload_copy)
    i.__scatterload_null                     0x08003dde   Section        2  handlers.o(i.__scatterload_null)
    i.__scatterload_zeroinit                 0x08003de0   Section       14  handlers.o(i.__scatterload_zeroinit)
    i.main                                   0x08003df0   Section        0  main.o(i.main)
    i.max                                    0x08004600   Section        0  main.o(i.max)
    i.min                                    0x08004614   Section        0  main.o(i.min)
    i.to_num                                 0x08004628   Section        0  main.o(i.to_num)
    .constdata                               0x080046b4   Section       16  system_stm32f1xx.o(.constdata)
    .constdata                               0x080046c4   Section        8  system_stm32f1xx.o(.constdata)
    .conststring                             0x080046cc   Section       12  main.o(.conststring)
    .data                                    0x20000000   Section       64  main.o(.data)
    .data                                    0x20000040   Section       28  usbd_desc.o(.data)
    .data                                    0x2000005c   Section       50  usbd_desc.o(.data)
    .data                                    0x20000090   Section       16  usbd_cdc_if.o(.data)
    .data                                    0x200000a0   Section        4  usbd_cdc_if.o(.data)
    .data                                    0x200000a4   Section       12  stm32f1xx_hal.o(.data)
    .data                                    0x200000b0   Section        4  system_stm32f1xx.o(.data)
    .data                                    0x200000b4   Section        1  usbd_ctlreq.o(.data)
    cfgidx                                   0x200000b4   Data           1  usbd_ctlreq.o(.data)
    .data                                    0x200000b8   Section      215  usbd_cdc.o(.data)
    USBD_CDC_DeviceQualifierDesc             0x200000b8   Data          10  usbd_cdc.o(.data)
    .data                                    0x20000190   Section       56  usbd_cdc.o(.data)
    .bss                                     0x200001c8   Section       48  adc.o(.bss)
    .bss                                     0x200001f8   Section      144  tim.o(.bss)
    .bss                                     0x20000288   Section      708  usb_device.o(.bss)
    .bss                                     0x2000054c   Section      512  usbd_desc.o(.bss)
    .bss                                     0x2000074c   Section     2256  usbd_cdc_if.o(.bss)
    .bss                                     0x2000101c   Section     1292  usbd_conf.o(.bss)
    mem                                      0x2000101c   Data         544  usbd_conf.o(.bss)
    STACK                                    0x20001528   Section     1024  startup_stm32f103xb.o(STACK)

    Global Symbols

    Symbol Name                              Value     Ov Type        Size  Object(Section)

    BuildAttributes$$THM_ISAv4$P$D$K$B$S$PE$A:L22UL41UL21$X:L11$S22US41US21$IEEE1$IW$USESV6$~STKCKD$USESV7$~SHL$OTIME$ROPI$EBA8$MICROLIB$REQ8$PRES8$EABIv2 0x00000000   Number         0  anon$$obj.o ABSOLUTE
    __ARM_use_no_argv                        0x00000000   Number         0  main.o ABSOLUTE
    __arm_fini_                               - Undefined Weak Reference
    __cpp_initialize__aeabi_                  - Undefined Weak Reference
    __cxa_finalize                            - Undefined Weak Reference
    _clock_init                               - Undefined Weak Reference
    _microlib_exit                            - Undefined Weak Reference
    __Vectors_Size                           0x000000ec   Number         0  startup_stm32f103xb.o ABSOLUTE
    __Vectors                                0x08000000   Data           4  startup_stm32f103xb.o(RESET)
    __Vectors_End                            0x080000ec   Data           0  startup_stm32f103xb.o(RESET)
    __main                                   0x080000ed   Thumb Code     0  entry.o(.ARM.Collect$$$$00000000)
    _main_stk                                0x080000ed   Thumb Code     0  entry2.o(.ARM.Collect$$$$00000001)
    _main_scatterload                        0x080000f1   Thumb Code     0  entry5.o(.ARM.Collect$$$$00000004)
    __main_after_scatterload                 0x080000f5   Thumb Code     0  entry5.o(.ARM.Collect$$$$00000004)
    _main_clock                              0x080000f5   Thumb Code     0  entry7b.o(.ARM.Collect$$$$00000008)
    _main_cpp_init                           0x080000f5   Thumb Code     0  entry8b.o(.ARM.Collect$$$$0000000A)
    _main_init                               0x080000f5   Thumb Code     0  entry9a.o(.ARM.Collect$$$$0000000B)
    __rt_lib_shutdown_fini                   0x080000fd   Thumb Code     0  entry12b.o(.ARM.Collect$$$$0000000E)
    __rt_final_cpp                           0x08000101   Thumb Code     0  entry10a.o(.ARM.Collect$$$$0000000F)
    __rt_final_exit                          0x08000101   Thumb Code     0  entry11a.o(.ARM.Collect$$$$00000011)
    Reset_Handler                            0x08000105   Thumb Code     8  startup_stm32f103xb.o(.text)
    ADC1_2_IRQHandler                        0x0800011f   Thumb Code     0  startup_stm32f103xb.o(.text)
    CAN1_RX1_IRQHandler                      0x0800011f   Thumb Code     0  startup_stm32f103xb.o(.text)
    CAN1_SCE_IRQHandler                      0x0800011f   Thumb Code     0  startup_stm32f103xb.o(.text)
    DMA1_Channel1_IRQHandler                 0x0800011f   Thumb Code     0  startup_stm32f103xb.o(.text)
    DMA1_Channel2_IRQHandler                 0x0800011f   Thumb Code     0  startup_stm32f103xb.o(.text)
    DMA1_Channel3_IRQHandler                 0x0800011f   Thumb Code     0  startup_stm32f103xb.o(.text)
    DMA1_Channel4_IRQHandler                 0x0800011f   Thumb Code     0  startup_stm32f103xb.o(.text)
    DMA1_Channel5_IRQHandler                 0x0800011f   Thumb Code     0  startup_stm32f103xb.o(.text)
    DMA1_Channel6_IRQHandler                 0x0800011f   Thumb Code     0  startup_stm32f103xb.o(.text)
    DMA1_Channel7_IRQHandler                 0x0800011f   Thumb Code     0  startup_stm32f103xb.o(.text)
    EXTI0_IRQHandler                         0x0800011f   Thumb Code     0  startup_stm32f103xb.o(.text)
    EXTI15_10_IRQHandler                     0x0800011f   Thumb Code     0  startup_stm32f103xb.o(.text)
    EXTI1_IRQHandler                         0x0800011f   Thumb Code     0  startup_stm32f103xb.o(.text)
    EXTI2_IRQHandler                         0x0800011f   Thumb Code     0  startup_stm32f103xb.o(.text)
    EXTI3_IRQHandler                         0x0800011f   Thumb Code     0  startup_stm32f103xb.o(.text)
    EXTI4_IRQHandler                         0x0800011f   Thumb Code     0  startup_stm32f103xb.o(.text)
    EXTI9_5_IRQHandler                       0x0800011f   Thumb Code     0  startup_stm32f103xb.o(.text)
    FLASH_IRQHandler                         0x0800011f   Thumb Code     0  startup_stm32f103xb.o(.text)
    I2C1_ER_IRQHandler                       0x0800011f   Thumb Code     0  startup_stm32f103xb.o(.text)
    I2C1_EV_IRQHandler                       0x0800011f   Thumb Code     0  startup_stm32f103xb.o(.text)
    I2C2_ER_IRQHandler                       0x0800011f   Thumb Code     0  startup_stm32f103xb.o(.text)
    I2C2_EV_IRQHandler                       0x0800011f   Thumb Code     0  startup_stm32f103xb.o(.text)
    PVD_IRQHandler                           0x0800011f   Thumb Code     0  startup_stm32f103xb.o(.text)
    RCC_IRQHandler                           0x0800011f   Thumb Code     0  startup_stm32f103xb.o(.text)
    RTC_Alarm_IRQHandler                     0x0800011f   Thumb Code     0  startup_stm32f103xb.o(.text)
    RTC_IRQHandler                           0x0800011f   Thumb Code     0  startup_stm32f103xb.o(.text)
    SPI1_IRQHandler                          0x0800011f   Thumb Code     0  startup_stm32f103xb.o(.text)
    SPI2_IRQHandler                          0x0800011f   Thumb Code     0  startup_stm32f103xb.o(.text)
    TAMPER_IRQHandler                        0x0800011f   Thumb Code     0  startup_stm32f103xb.o(.text)
    TIM1_BRK_IRQHandler                      0x0800011f   Thumb Code     0  startup_stm32f103xb.o(.text)
    TIM1_CC_IRQHandler                       0x0800011f   Thumb Code     0  startup_stm32f103xb.o(.text)
    TIM1_TRG_COM_IRQHandler                  0x0800011f   Thumb Code     0  startup_stm32f103xb.o(.text)
    TIM1_UP_IRQHandler                       0x0800011f   Thumb Code     0  startup_stm32f103xb.o(.text)
    TIM2_IRQHandler                          0x0800011f   Thumb Code     0  startup_stm32f103xb.o(.text)
    TIM3_IRQHandler                          0x0800011f   Thumb Code     0  startup_stm32f103xb.o(.text)
    TIM4_IRQHandler                          0x0800011f   Thumb Code     0  startup_stm32f103xb.o(.text)
    USART1_IRQHandler                        0x0800011f   Thumb Code     0  startup_stm32f103xb.o(.text)
    USART2_IRQHandler                        0x0800011f   Thumb Code     0  startup_stm32f103xb.o(.text)
    USART3_IRQHandler                        0x0800011f   Thumb Code     0  startup_stm32f103xb.o(.text)
    USBWakeUp_IRQHandler                     0x0800011f   Thumb Code     0  startup_stm32f103xb.o(.text)
    USB_HP_CAN1_TX_IRQHandler                0x0800011f   Thumb Code     0  startup_stm32f103xb.o(.text)
    WWDG_IRQHandler                          0x0800011f   Thumb Code     0  startup_stm32f103xb.o(.text)
    __aeabi_memcpy                           0x08000129   Thumb Code    36  memcpya.o(.text)
    __aeabi_memcpy4                          0x08000129   Thumb Code     0  memcpya.o(.text)
    __aeabi_memcpy8                          0x08000129   Thumb Code     0  memcpya.o(.text)
    __aeabi_memset                           0x0800014d   Thumb Code    14  memseta.o(.text)
    __aeabi_memset4                          0x0800014d   Thumb Code     0  memseta.o(.text)
    __aeabi_memset8                          0x0800014d   Thumb Code     0  memseta.o(.text)
    __aeabi_memclr                           0x0800015b   Thumb Code     4  memseta.o(.text)
    __aeabi_memclr4                          0x0800015b   Thumb Code     0  memseta.o(.text)
    __aeabi_memclr8                          0x0800015b   Thumb Code     0  memseta.o(.text)
    _memset$wrapper                          0x0800015f   Thumb Code    18  memseta.o(.text)
    strlen                                   0x08000171   Thumb Code    14  strlen.o(.text)
    __aeabi_fadd                             0x0800017f   Thumb Code   164  fadd.o(.text)
    __aeabi_fsub                             0x08000223   Thumb Code     6  fadd.o(.text)
    __aeabi_frsub                            0x08000229   Thumb Code     6  fadd.o(.text)
    __aeabi_i2f                              0x0800022f   Thumb Code    18  fflti.o(.text)
    __aeabi_f2iz                             0x08000241   Thumb Code    50  ffixi.o(.text)
    __aeabi_cfcmpeq                          0x08000275   Thumb Code     0  cfcmple.o(.text)
    __aeabi_cfcmple                          0x08000275   Thumb Code    20  cfcmple.o(.text)
    __aeabi_cfrcmple                         0x08000289   Thumb Code    20  cfrcmple.o(.text)
    __I$use$fp                               0x0800029d   Thumb Code     0  iusefp.o(.text)
    _float_round                             0x0800029d   Thumb Code    18  fepilogue.o(.text)
    _float_epilogue                          0x080002af   Thumb Code    92  fepilogue.o(.text)
    __scatterload                            0x0800030d   Thumb Code    28  init.o(.text)
    __scatterload_rt2                        0x0800030d   Thumb Code     0  init.o(.text)
    __decompress                             0x08000331   Thumb Code     0  __dczerorl2.o(.text)
    __decompress1                            0x08000331   Thumb Code    86  __dczerorl2.o(.text)
    ADC_ConversionStop_Disable               0x08000389   Thumb Code    76  stm32f1xx_hal_adc.o(i.ADC_ConversionStop_Disable)
    ADC_Enable                               0x080003d5   Thumb Code   104  stm32f1xx_hal_adc.o(i.ADC_Enable)
    ADC_Read_CH0                             0x08000445   Thumb Code    38  main.o(i.ADC_Read_CH0)
    ADC_Read_CH1                             0x08000471   Thumb Code    38  main.o(i.ADC_Read_CH1)
    ADC_Select_CH0                           0x0800049d   Thumb Code    30  main.o(i.ADC_Select_CH0)
    ADC_Select_CH1                           0x080004c1   Thumb Code    30  main.o(i.ADC_Select_CH1)
    BusFault_Handler                         0x080004e5   Thumb Code     2  stm32f1xx_it.o(i.BusFault_Handler)
    CDC_Transmit_FS                          0x08000559   Thumb Code    38  usbd_cdc_if.o(i.CDC_Transmit_FS)
    DWT_Delay_Init                           0x08000585   Thumb Code    58  main.o(i.DWT_Delay_Init)
    DebugMon_Handler                         0x080005f5   Thumb Code     2  stm32f1xx_it.o(i.DebugMon_Handler)
    Error_Handler                            0x080005f7   Thumb Code     4  main.o(i.Error_Handler)
    HAL_ADC_ConfigChannel                    0x080005fd   Thumb Code   240  stm32f1xx_hal_adc.o(i.HAL_ADC_ConfigChannel)
    HAL_ADC_GetValue                         0x080006f9   Thumb Code     6  stm32f1xx_hal_adc.o(i.HAL_ADC_GetValue)
    HAL_ADC_Init                             0x08000701   Thumb Code   272  stm32f1xx_hal_adc.o(i.HAL_ADC_Init)
    HAL_ADC_MspInit                          0x0800081d   Thumb Code    74  adc.o(i.HAL_ADC_MspInit)
    HAL_ADC_PollForConversion                0x08000875   Thumb Code   290  stm32f1xx_hal_adc.o(i.HAL_ADC_PollForConversion)
    HAL_ADC_Start                            0x080009a5   Thumb Code   184  stm32f1xx_hal_adc.o(i.HAL_ADC_Start)
    HAL_ADC_Stop                             0x08000a65   Thumb Code    52  stm32f1xx_hal_adc.o(i.HAL_ADC_Stop)
    HAL_Delay                                0x08000a99   Thumb Code    32  stm32f1xx_hal.o(i.HAL_Delay)
    HAL_GPIO_Init                            0x08000abd   Thumb Code   446  stm32f1xx_hal_gpio.o(i.HAL_GPIO_Init)
    HAL_GPIO_ReadPin                         0x08000c9d   Thumb Code    10  stm32f1xx_hal_gpio.o(i.HAL_GPIO_ReadPin)
    HAL_GPIO_WritePin                        0x08000ca7   Thumb Code    10  stm32f1xx_hal_gpio.o(i.HAL_GPIO_WritePin)
    HAL_GetTick                              0x08000cb1   Thumb Code     6  stm32f1xx_hal.o(i.HAL_GetTick)
    HAL_IncTick                              0x08000cbd   Thumb Code    12  stm32f1xx_hal.o(i.HAL_IncTick)
    HAL_Init                                 0x08000ccd   Thumb Code    32  stm32f1xx_hal.o(i.HAL_Init)
    HAL_InitTick                             0x08000cf1   Thumb Code    54  stm32f1xx_hal.o(i.HAL_InitTick)
    HAL_MspInit                              0x08000d31   Thumb Code    52  stm32f1xx_hal_msp.o(i.HAL_MspInit)
    HAL_NVIC_EnableIRQ                       0x08000d6d   Thumb Code    26  stm32f1xx_hal_cortex.o(i.HAL_NVIC_EnableIRQ)
    HAL_NVIC_SetPriority                     0x08000d89   Thumb Code    60  stm32f1xx_hal_cortex.o(i.HAL_NVIC_SetPriority)
    HAL_NVIC_SetPriorityGrouping             0x08000dc9   Thumb Code    26  stm32f1xx_hal_cortex.o(i.HAL_NVIC_SetPriorityGrouping)
    HAL_PCDEx_PMAConfig                      0x08000ded   Thumb Code    60  stm32f1xx_hal_pcd_ex.o(i.HAL_PCDEx_PMAConfig)
    HAL_PCDEx_SetConnectionState             0x08000e29   Thumb Code     2  usbd_conf.o(i.HAL_PCDEx_SetConnectionState)
    HAL_PCD_DataInStageCallback              0x08000e2b   Thumb Code    18  usbd_conf.o(i.HAL_PCD_DataInStageCallback)
    HAL_PCD_DataOutStageCallback             0x08000e3d   Thumb Code    20  usbd_conf.o(i.HAL_PCD_DataOutStageCallback)
    HAL_PCD_EP_Close                         0x08000e51   Thumb Code    76  stm32f1xx_hal_pcd.o(i.HAL_PCD_EP_Close)
    HAL_PCD_EP_ClrStall                      0x08000e9d   Thumb Code    92  stm32f1xx_hal_pcd.o(i.HAL_PCD_EP_ClrStall)
    HAL_PCD_EP_GetRxCount                    0x080011ff   Thumb Code    18  stm32f1xx_hal_pcd.o(i.HAL_PCD_EP_GetRxCount)
    HAL_PCD_EP_Open                          0x08001211   Thumb Code    96  stm32f1xx_hal_pcd.o(i.HAL_PCD_EP_Open)
    HAL_PCD_EP_Receive                       0x08001271   Thumb Code    50  stm32f1xx_hal_pcd.o(i.HAL_PCD_EP_Receive)
    HAL_PCD_EP_SetStall                      0x080012a3   Thumb Code   114  stm32f1xx_hal_pcd.o(i.HAL_PCD_EP_SetStall)
    HAL_PCD_EP_Transmit                      0x08001315   Thumb Code    52  stm32f1xx_hal_pcd.o(i.HAL_PCD_EP_Transmit)
    HAL_PCD_IRQHandler                       0x08001349   Thumb Code   340  stm32f1xx_hal_pcd.o(i.HAL_PCD_IRQHandler)
    HAL_PCD_Init                             0x0800149d   Thumb Code   218  stm32f1xx_hal_pcd.o(i.HAL_PCD_Init)
    HAL_PCD_MspInit                          0x08001579   Thumb Code    50  usbd_conf.o(i.HAL_PCD_MspInit)
    HAL_PCD_ResetCallback                    0x080015b5   Thumb Code    38  usbd_conf.o(i.HAL_PCD_ResetCallback)
    HAL_PCD_ResumeCallback                   0x080015db   Thumb Code     8  usbd_conf.o(i.HAL_PCD_ResumeCallback)
    HAL_PCD_SOFCallback                      0x080015e3   Thumb Code     8  usbd_conf.o(i.HAL_PCD_SOFCallback)
    HAL_PCD_SetAddress                       0x080015eb   Thumb Code    40  stm32f1xx_hal_pcd.o(i.HAL_PCD_SetAddress)
    HAL_PCD_SetupStageCallback               0x08001613   Thumb Code    14  usbd_conf.o(i.HAL_PCD_SetupStageCallback)
    HAL_PCD_Start                            0x08001621   Thumb Code    50  stm32f1xx_hal_pcd.o(i.HAL_PCD_Start)
    HAL_PCD_SuspendCallback                  0x08001655   Thumb Code    30  usbd_conf.o(i.HAL_PCD_SuspendCallback)
    HAL_RCCEx_GetPeriphCLKFreq               0x08001679   Thumb Code   166  stm32f1xx_hal_rcc_ex.o(i.HAL_RCCEx_GetPeriphCLKFreq)
    HAL_RCCEx_PeriphCLKConfig                0x08001741   Thumb Code   224  stm32f1xx_hal_rcc_ex.o(i.HAL_RCCEx_PeriphCLKConfig)
    HAL_RCC_ClockConfig                      0x0800182d   Thumb Code   280  stm32f1xx_hal_rcc.o(i.HAL_RCC_ClockConfig)
    HAL_RCC_GetHCLKFreq                      0x08001959   Thumb Code     6  stm32f1xx_hal_rcc.o(i.HAL_RCC_GetHCLKFreq)
    HAL_RCC_GetPCLK2Freq                     0x08001965   Thumb Code    20  stm32f1xx_hal_rcc.o(i.HAL_RCC_GetPCLK2Freq)
    HAL_RCC_GetSysClockFreq                  0x08001985   Thumb Code    74  stm32f1xx_hal_rcc.o(i.HAL_RCC_GetSysClockFreq)
    HAL_RCC_OscConfig                        0x080019f1   Thumb Code   778  stm32f1xx_hal_rcc.o(i.HAL_RCC_OscConfig)
    HAL_SYSTICK_Config                       0x08001d11   Thumb Code    40  stm32f1xx_hal_cortex.o(i.HAL_SYSTICK_Config)
    HAL_TIMEx_MasterConfigSynchronization    0x08001d39   Thumb Code    92  stm32f1xx_hal_tim_ex.o(i.HAL_TIMEx_MasterConfigSynchronization)
    HAL_TIM_Encoder_Init                     0x08001da1   Thumb Code   164  stm32f1xx_hal_tim.o(i.HAL_TIM_Encoder_Init)
    HAL_TIM_Encoder_MspInit                  0x08001e45   Thumb Code   174  tim.o(i.HAL_TIM_Encoder_MspInit)
    HAL_TIM_Encoder_Start                    0x08001f09   Thumb Code   142  stm32f1xx_hal_tim.o(i.HAL_TIM_Encoder_Start)
    HardFault_Handler                        0x08001f97   Thumb Code     2  stm32f1xx_it.o(i.HardFault_Handler)
    JS_Calibration                           0x08001fd1   Thumb Code   246  main.o(i.JS_Calibration)
    MX_ADC1_Init                             0x080020cd   Thumb Code    48  adc.o(i.MX_ADC1_Init)
    MX_GPIO_Init                             0x08002105   Thumb Code   232  gpio.o(i.MX_GPIO_Init)
    MX_TIM2_Init                             0x080021fd   Thumb Code    98  tim.o(i.MX_TIM2_Init)
    MX_TIM3_Init                             0x08002265   Thumb Code    96  tim.o(i.MX_TIM3_Init)
    MX_USB_DEVICE_Init                       0x080022cd   Thumb Code    66  usb_device.o(i.MX_USB_DEVICE_Init)
    MemManage_Handler                        0x08002321   Thumb Code     2  stm32f1xx_it.o(i.MemManage_Handler)
    NMI_Handler                              0x08002323   Thumb Code     2  stm32f1xx_it.o(i.NMI_Handler)
    PendSV_Handler                           0x08002621   Thumb Code     2  stm32f1xx_it.o(i.PendSV_Handler)
    SVC_Handler                              0x08002623   Thumb Code     2  stm32f1xx_it.o(i.SVC_Handler)
    SysTick_Handler                          0x08002625   Thumb Code     4  stm32f1xx_it.o(i.SysTick_Handler)
    SystemClock_Config                       0x08002629   Thumb Code   124  main.o(i.SystemClock_Config)
    SystemInit                               0x080026a5   Thumb Code     2  system_stm32f1xx.o(i.SystemInit)
    TIM_Base_SetConfig                       0x080026a9   Thumb Code    94  stm32f1xx_hal_tim.o(i.TIM_Base_SetConfig)
    TIM_CCxChannelCmd                        0x08002715   Thumb Code    26  stm32f1xx_hal_tim.o(i.TIM_CCxChannelCmd)
    USBD_CDC_GetDeviceQualifierDescriptor    0x0800280d   Thumb Code     8  usbd_cdc.o(i.USBD_CDC_GetDeviceQualifierDescriptor)
    USBD_CDC_ReceivePacket                   0x080028d1   Thumb Code    40  usbd_cdc.o(i.USBD_CDC_ReceivePacket)
    USBD_CDC_RegisterInterface               0x080028f9   Thumb Code    16  usbd_cdc.o(i.USBD_CDC_RegisterInterface)
    USBD_CDC_SetRxBuffer                     0x08002909   Thumb Code    12  usbd_cdc.o(i.USBD_CDC_SetRxBuffer)
    USBD_CDC_SetTxBuffer                     0x08002915   Thumb Code    16  usbd_cdc.o(i.USBD_CDC_SetTxBuffer)
    USBD_CDC_TransmitPacket                  0x080029d1   Thumb Code    54  usbd_cdc.o(i.USBD_CDC_TransmitPacket)
    USBD_ClrClassConfig                      0x08002a07   Thumb Code    14  usbd_core.o(i.USBD_ClrClassConfig)
    USBD_CtlContinueRx                       0x08002a15   Thumb Code    16  usbd_ioreq.o(i.USBD_CtlContinueRx)
    USBD_CtlContinueSendData                 0x08002a25   Thumb Code    16  usbd_ioreq.o(i.USBD_CtlContinueSendData)
    USBD_CtlError                            0x08002a35   Thumb Code    22  usbd_ctlreq.o(i.USBD_CtlError)
    USBD_CtlPrepareRx                        0x08002a4b   Thumb Code    30  usbd_ioreq.o(i.USBD_CtlPrepareRx)
    USBD_CtlReceiveStatus                    0x08002a69   Thumb Code    22  usbd_ioreq.o(i.USBD_CtlReceiveStatus)
    USBD_CtlSendData                         0x08002a7f   Thumb Code    26  usbd_ioreq.o(i.USBD_CtlSendData)
    USBD_CtlSendStatus                       0x08002a99   Thumb Code    22  usbd_ioreq.o(i.USBD_CtlSendStatus)
    USBD_FS_ConfigStrDescriptor              0x08002ab1   Thumb Code    16  usbd_desc.o(i.USBD_FS_ConfigStrDescriptor)
    USBD_FS_DeviceDescriptor                 0x08002ad1   Thumb Code     8  usbd_desc.o(i.USBD_FS_DeviceDescriptor)
    USBD_FS_InterfaceStrDescriptor           0x08002add   Thumb Code    16  usbd_desc.o(i.USBD_FS_InterfaceStrDescriptor)
    USBD_FS_LangIDStrDescriptor              0x08002b01   Thumb Code     8  usbd_desc.o(i.USBD_FS_LangIDStrDescriptor)
    USBD_FS_ManufacturerStrDescriptor        0x08002b0d   Thumb Code    16  usbd_desc.o(i.USBD_FS_ManufacturerStrDescriptor)
    USBD_FS_ProductStrDescriptor             0x08002b35   Thumb Code    16  usbd_desc.o(i.USBD_FS_ProductStrDescriptor)
    USBD_FS_SerialStrDescriptor              0x08002b61   Thumb Code    48  usbd_desc.o(i.USBD_FS_SerialStrDescriptor)
    USBD_GetString                           0x08002c81   Thumb Code    72  usbd_ctlreq.o(i.USBD_GetString)
    USBD_Init                                0x08002ce1   Thumb Code    42  usbd_core.o(i.USBD_Init)
    USBD_LL_ClearStallEP                     0x08002d0b   Thumb Code    18  usbd_conf.o(i.USBD_LL_ClearStallEP)
    USBD_LL_CloseEP                          0x08002d1d   Thumb Code    18  usbd_conf.o(i.USBD_LL_CloseEP)
    USBD_LL_DataInStage                      0x08002d2f   Thumb Code   198  usbd_core.o(i.USBD_LL_DataInStage)
    USBD_LL_DataOutStage                     0x08002df5   Thumb Code   130  usbd_core.o(i.USBD_LL_DataOutStage)
    USBD_LL_GetRxDataSize                    0x08002e77   Thumb Code     8  usbd_conf.o(i.USBD_LL_GetRxDataSize)
    USBD_LL_Init                             0x08002e81   Thumb Code   118  usbd_conf.o(i.USBD_LL_Init)
    USBD_LL_IsStallEP                        0x08002f01   Thumb Code    32  usbd_conf.o(i.USBD_LL_IsStallEP)
    USBD_LL_OpenEP                           0x08002f21   Thumb Code    24  usbd_conf.o(i.USBD_LL_OpenEP)
    USBD_LL_PrepareReceive                   0x08002f39   Thumb Code    18  usbd_conf.o(i.USBD_LL_PrepareReceive)
    USBD_LL_Reset                            0x08002f4b   Thumb Code    80  usbd_core.o(i.USBD_LL_Reset)
    USBD_LL_Resume                           0x08002f9b   Thumb Code    20  usbd_core.o(i.USBD_LL_Resume)
    USBD_LL_SOF                              0x08002faf   Thumb Code    24  usbd_core.o(i.USBD_LL_SOF)
    USBD_LL_SetSpeed                         0x08002fc7   Thumb Code     6  usbd_core.o(i.USBD_LL_SetSpeed)
    USBD_LL_SetUSBAddress                    0x08002fcd   Thumb Code    18  usbd_conf.o(i.USBD_LL_SetUSBAddress)
    USBD_LL_SetupStage                       0x08002fdf   Thumb Code    90  usbd_core.o(i.USBD_LL_SetupStage)
    USBD_LL_StallEP                          0x08003039   Thumb Code    18  usbd_conf.o(i.USBD_LL_StallEP)
    USBD_LL_Start                            0x0800304b   Thumb Code    18  usbd_conf.o(i.USBD_LL_Start)
    USBD_LL_Suspend                          0x0800305d   Thumb Code    18  usbd_core.o(i.USBD_LL_Suspend)
    USBD_LL_Transmit                         0x0800306f   Thumb Code    18  usbd_conf.o(i.USBD_LL_Transmit)
    USBD_ParseSetupRequest                   0x08003081   Thumb Code    40  usbd_ctlreq.o(i.USBD_ParseSetupRequest)
    USBD_RegisterClass                       0x080030a9   Thumb Code    16  usbd_core.o(i.USBD_RegisterClass)
    USBD_SetClassConfig                      0x080030b9   Thumb Code    22  usbd_core.o(i.USBD_SetClassConfig)
    USBD_Start                               0x08003155   Thumb Code    10  usbd_core.o(i.USBD_Start)
    USBD_StdDevReq                           0x0800315f   Thumb Code   274  usbd_ctlreq.o(i.USBD_StdDevReq)
    USBD_StdEPReq                            0x08003271   Thumb Code   336  usbd_ctlreq.o(i.USBD_StdEPReq)
    USBD_StdItfReq                           0x080033c1   Thumb Code    78  usbd_ctlreq.o(i.USBD_StdItfReq)
    USBD_static_free                         0x0800340f   Thumb Code     2  usbd_conf.o(i.USBD_static_free)
    USBD_static_malloc                       0x08003411   Thumb Code     4  usbd_conf.o(i.USBD_static_malloc)
    USB_ActivateEndpoint                     0x08003419   Thumb Code   600  stm32f1xx_ll_usb.o(i.USB_ActivateEndpoint)
    USB_CoreInit                             0x08003671   Thumb Code     4  stm32f1xx_ll_usb.o(i.USB_CoreInit)
    USB_DeactivateEndpoint                   0x08003675   Thumb Code   270  stm32f1xx_ll_usb.o(i.USB_DeactivateEndpoint)
    USB_DevConnect                           0x08003783   Thumb Code     4  stm32f1xx_ll_usb.o(i.USB_DevConnect)
    USB_DevDisconnect                        0x08003787   Thumb Code     4  stm32f1xx_ll_usb.o(i.USB_DevDisconnect)
    USB_DevInit                              0x0800378b   Thumb Code    18  stm32f1xx_ll_usb.o(i.USB_DevInit)
    USB_DisableGlobalInt                     0x0800379d   Thumb Code    14  stm32f1xx_ll_usb.o(i.USB_DisableGlobalInt)
    USB_EP0_OutStart                         0x080037ab   Thumb Code     4  stm32f1xx_ll_usb.o(i.USB_EP0_OutStart)
    USB_EPClearStall                         0x080037af   Thumb Code   120  stm32f1xx_ll_usb.o(i.USB_EPClearStall)
    USB_EPSetStall                           0x08003827   Thumb Code    50  stm32f1xx_ll_usb.o(i.USB_EPSetStall)
    USB_EPStartXfer                          0x08003859   Thumb Code  1230  stm32f1xx_ll_usb.o(i.USB_EPStartXfer)
    USB_EnableGlobalInt                      0x08003d27   Thumb Code    18  stm32f1xx_ll_usb.o(i.USB_EnableGlobalInt)
    USB_LP_CAN1_RX0_IRQHandler               0x08003d39   Thumb Code     6  stm32f1xx_it.o(i.USB_LP_CAN1_RX0_IRQHandler)
    USB_ReadInterrupts                       0x08003d45   Thumb Code     6  stm32f1xx_ll_usb.o(i.USB_ReadInterrupts)
    USB_ReadPMA                              0x08003d4d   Thumb Code    44  stm32f1xx_ll_usb.o(i.USB_ReadPMA)
    USB_SetCurrentMode                       0x08003d79   Thumb Code     4  stm32f1xx_ll_usb.o(i.USB_SetCurrentMode)
    USB_SetDevAddress                        0x08003d7d   Thumb Code    12  stm32f1xx_ll_usb.o(i.USB_SetDevAddress)
    USB_WritePMA                             0x08003d89   Thumb Code    38  stm32f1xx_ll_usb.o(i.USB_WritePMA)
    UsageFault_Handler                       0x08003daf   Thumb Code     2  stm32f1xx_it.o(i.UsageFault_Handler)
    __scatterload_copy                       0x08003dd1   Thumb Code    14  handlers.o(i.__scatterload_copy)
    __scatterload_null                       0x08003ddf   Thumb Code     2  handlers.o(i.__scatterload_null)
    __scatterload_zeroinit                   0x08003de1   Thumb Code    14  handlers.o(i.__scatterload_zeroinit)
    main                                     0x08003df1   Thumb Code  2054  main.o(i.main)
    max                                      0x08004601   Thumb Code    20  main.o(i.max)
    min                                      0x08004615   Thumb Code    20  main.o(i.min)
    to_num                                   0x08004629   Thumb Code   100  main.o(i.to_num)
    AHBPrescTable                            0x080046b4   Data          16  system_stm32f1xx.o(.constdata)
    APBPrescTable                            0x080046c4   Data           8  system_stm32f1xx.o(.constdata)
    Region$$Table$$Base                      0x080046d8   Number         0  anon$$obj.o(Region$$Table)
    Region$$Table$$Limit                     0x080046f8   Number         0  anon$$obj.o(Region$$Table)
    ok                                       0x20000000   Data           4  main.o(.data)
    done                                     0x20000004   Data           4  main.o(.data)
    Cur_ENC1                                 0x20000008   Data           4  main.o(.data)
    Prev_ENC1                                0x2000000c   Data           4  main.o(.data)
    Delta_ENC1                               0x20000010   Data           4  main.o(.data)
    Cur_ENC2                                 0x20000014   Data           4  main.o(.data)
    Prev_ENC2                                0x20000018   Data           4  main.o(.data)
    Delta_ENC2                               0x2000001c   Data           4  main.o(.data)
    Spd                                      0x20000020   Data           4  main.o(.data)
    Nstep                                    0x20000024   Data           4  main.o(.data)
    JS                                       0x20000028   Data           8  main.o(.data)
    JS_Cal_X                                 0x20000030   Data           8  main.o(.data)
    JS_Cal_Y                                 0x20000038   Data           8  main.o(.data)
    FS_Desc                                  0x20000040   Data          28  usbd_desc.o(.data)
    USBD_LangIDDesc                          0x2000005c   Data           4  usbd_desc.o(.data)
    USBD_FS_DeviceDesc                       0x20000060   Data          18  usbd_desc.o(.data)
    USBD_StringSerial                        0x20000074   Data          26  usbd_desc.o(.data)
    USBD_Interface_fops_FS                   0x20000090   Data          16  usbd_cdc_if.o(.data)
    len                                      0x200000a0   Data           4  usbd_cdc_if.o(.data)
    uwTickFreq                               0x200000a4   Data           1  stm32f1xx_hal.o(.data)
    uwTickPrio                               0x200000a8   Data           4  stm32f1xx_hal.o(.data)
    uwTick                                   0x200000ac   Data           4  stm32f1xx_hal.o(.data)
    SystemCoreClock                          0x200000b0   Data           4  system_stm32f1xx.o(.data)
    USBD_CDC_CfgHSDesc                       0x200000c4   Data          67  usbd_cdc.o(.data)
    USBD_CDC_CfgFSDesc                       0x20000108   Data          67  usbd_cdc.o(.data)
    USBD_CDC_OtherSpeedCfgDesc               0x2000014c   Data          67  usbd_cdc.o(.data)
    USBD_CDC                                 0x20000190   Data          56  usbd_cdc.o(.data)
    hadc1                                    0x200001c8   Data          48  adc.o(.bss)
    htim2                                    0x200001f8   Data          72  tim.o(.bss)
    htim3                                    0x20000240   Data          72  tim.o(.bss)
    hUsbDeviceFS                             0x20000288   Data         708  usb_device.o(.bss)
    USBD_StrDesc                             0x2000054c   Data         512  usbd_desc.o(.bss)
    UserRxBufferFS                           0x2000074c   Data        1000  usbd_cdc_if.o(.bss)
    UserTxBufferFS                           0x20000b34   Data        1000  usbd_cdc_if.o(.bss)
    buffer                                   0x20000f1c   Data         256  usbd_cdc_if.o(.bss)
    hpcd_USB_FS                              0x2000123c   Data         748  usbd_conf.o(.bss)
    __initial_sp                             0x20001928   Data           0  startup_stm32f103xb.o(STACK)



==============================================================================

Memory Map of the image

  Image Entry point : 0x080000ed

  Load Region LR_IROM1 (Base: 0x08000000, Size: 0x000048c0, Max: 0x00010000, ABSOLUTE, COMPRESSED[0x000047c0])

    Execution Region ER_IROM1 (Exec base: 0x08000000, Load base: 0x08000000, Size: 0x000046f8, Max: 0x00010000, ABSOLUTE)

    Exec Addr    Load Addr    Size         Type   Attr      Idx    E Section Name        Object

    0x08000000   0x08000000   0x000000ec   Data   RO            3    RESET               startup_stm32f103xb.o
    0x080000ec   0x080000ec   0x00000000   Code   RO         3978  * .ARM.Collect$$$$00000000  mc_w.l(entry.o)
    0x080000ec   0x080000ec   0x00000004   Code   RO         4001    .ARM.Collect$$$$00000001  mc_w.l(entry2.o)
    0x080000f0   0x080000f0   0x00000004   Code   RO         4004    .ARM.Collect$$$$00000004  mc_w.l(entry5.o)
    0x080000f4   0x080000f4   0x00000000   Code   RO         4006    .ARM.Collect$$$$00000008  mc_w.l(entry7b.o)
    0x080000f4   0x080000f4   0x00000000   Code   RO         4008    .ARM.Collect$$$$0000000A  mc_w.l(entry8b.o)
    0x080000f4   0x080000f4   0x00000008   Code   RO         4009    .ARM.Collect$$$$0000000B  mc_w.l(entry9a.o)
    0x080000fc   0x080000fc   0x00000004   Code   RO         4016    .ARM.Collect$$$$0000000E  mc_w.l(entry12b.o)
    0x08000100   0x08000100   0x00000000   Code   RO         4011    .ARM.Collect$$$$0000000F  mc_w.l(entry10a.o)
    0x08000100   0x08000100   0x00000000   Code   RO         4013    .ARM.Collect$$$$00000011  mc_w.l(entry11a.o)
    0x08000100   0x08000100   0x00000004   Code   RO         4002    .ARM.Collect$$$$00002712  mc_w.l(entry2.o)
    0x08000104   0x08000104   0x00000024   Code   RO            4    .text               startup_stm32f103xb.o
    0x08000128   0x08000128   0x00000024   Code   RO         3983    .text               mc_w.l(memcpya.o)
    0x0800014c   0x0800014c   0x00000024   Code   RO         3985    .text               mc_w.l(memseta.o)
    0x08000170   0x08000170   0x0000000e   Code   RO         3987    .text               mc_w.l(strlen.o)
    0x0800017e   0x0800017e   0x000000b0   Code   RO         3991    .text               mf_w.l(fadd.o)
    0x0800022e   0x0800022e   0x00000012   Code   RO         3993    .text               mf_w.l(fflti.o)
    0x08000240   0x08000240   0x00000032   Code   RO         3995    .text               mf_w.l(ffixi.o)
    0x08000272   0x08000272   0x00000002   PAD
    0x08000274   0x08000274   0x00000014   Code   RO         3997    .text               mf_w.l(cfcmple.o)
    0x08000288   0x08000288   0x00000014   Code   RO         3999    .text               mf_w.l(cfrcmple.o)
    0x0800029c   0x0800029c   0x00000000   Code   RO         4017    .text               mc_w.l(iusefp.o)
    0x0800029c   0x0800029c   0x0000006e   Code   RO         4018    .text               mf_w.l(fepilogue.o)
    0x0800030a   0x0800030a   0x00000002   PAD
    0x0800030c   0x0800030c   0x00000024   Code   RO         4020    .text               mc_w.l(init.o)
    0x08000330   0x08000330   0x00000056   Code   RO         4030    .text               mc_w.l(__dczerorl2.o)
    0x08000386   0x08000386   0x00000002   PAD
    0x08000388   0x08000388   0x0000004c   Code   RO         2325    i.ADC_ConversionStop_Disable  stm32f1xx_hal_adc.o
    0x080003d4   0x080003d4   0x00000070   Code   RO         2329    i.ADC_Enable        stm32f1xx_hal_adc.o
    0x08000444   0x08000444   0x0000002c   Code   RO           13    i.ADC_Read_CH0      main.o
    0x08000470   0x08000470   0x0000002c   Code   RO           14    i.ADC_Read_CH1      main.o
    0x0800049c   0x0800049c   0x00000024   Code   RO           15    i.ADC_Select_CH0    main.o
    0x080004c0   0x080004c0   0x00000024   Code   RO           16    i.ADC_Select_CH1    main.o
    0x080004e4   0x080004e4   0x00000002   Code   RO          374    i.BusFault_Handler  stm32f1xx_it.o
    0x080004e6   0x080004e6   0x00000004   Code   RO          597    i.CDC_Control_FS    usbd_cdc_if.o
    0x080004ea   0x080004ea   0x00000004   Code   RO          598    i.CDC_DeInit_FS     usbd_cdc_if.o
    0x080004ee   0x080004ee   0x00000002   PAD
    0x080004f0   0x080004f0   0x00000024   Code   RO          599    i.CDC_Init_FS       usbd_cdc_if.o
    0x08000514   0x08000514   0x00000044   Code   RO          600    i.CDC_Receive_FS    usbd_cdc_if.o
    0x08000558   0x08000558   0x0000002c   Code   RO          601    i.CDC_Transmit_FS   usbd_cdc_if.o
    0x08000584   0x08000584   0x00000044   Code   RO           17    i.DWT_Delay_Init    main.o
    0x080005c8   0x080005c8   0x0000002c   Code   RO           18    i.DWT_Delay_us      main.o
    0x080005f4   0x080005f4   0x00000002   Code   RO          375    i.DebugMon_Handler  stm32f1xx_it.o
    0x080005f6   0x080005f6   0x00000004   Code   RO           19    i.Error_Handler     main.o
    0x080005fa   0x080005fa   0x00000002   PAD
    0x080005fc   0x080005fc   0x000000fc   Code   RO         2331    i.HAL_ADC_ConfigChannel  stm32f1xx_hal_adc.o
    0x080006f8   0x080006f8   0x00000006   Code   RO         2338    i.HAL_ADC_GetValue  stm32f1xx_hal_adc.o
    0x080006fe   0x080006fe   0x00000002   PAD
    0x08000700   0x08000700   0x0000011c   Code   RO         2340    i.HAL_ADC_Init      stm32f1xx_hal_adc.o
    0x0800081c   0x0800081c   0x00000058   Code   RO          285    i.HAL_ADC_MspInit   adc.o
    0x08000874   0x08000874   0x00000130   Code   RO         2344    i.HAL_ADC_PollForConversion  stm32f1xx_hal_adc.o
    0x080009a4   0x080009a4   0x000000c0   Code   RO         2346    i.HAL_ADC_Start     stm32f1xx_hal_adc.o
    0x08000a64   0x08000a64   0x00000034   Code   RO         2349    i.HAL_ADC_Stop      stm32f1xx_hal_adc.o
    0x08000a98   0x08000a98   0x00000024   Code   RO         1357    i.HAL_Delay         stm32f1xx_hal.o
    0x08000abc   0x08000abc   0x000001e0   Code   RO         1665    i.HAL_GPIO_Init     stm32f1xx_hal_gpio.o
    0x08000c9c   0x08000c9c   0x0000000a   Code   RO         1667    i.HAL_GPIO_ReadPin  stm32f1xx_hal_gpio.o
    0x08000ca6   0x08000ca6   0x0000000a   Code   RO         1669    i.HAL_GPIO_WritePin  stm32f1xx_hal_gpio.o
    0x08000cb0   0x08000cb0   0x0000000c   Code   RO         1361    i.HAL_GetTick       stm32f1xx_hal.o
    0x08000cbc   0x08000cbc   0x00000010   Code   RO         1367    i.HAL_IncTick       stm32f1xx_hal.o
    0x08000ccc   0x08000ccc   0x00000024   Code   RO         1368    i.HAL_Init          stm32f1xx_hal.o
    0x08000cf0   0x08000cf0   0x00000040   Code   RO         1369    i.HAL_InitTick      stm32f1xx_hal.o
    0x08000d30   0x08000d30   0x0000003c   Code   RO          456    i.HAL_MspInit       stm32f1xx_hal_msp.o
    0x08000d6c   0x08000d6c   0x0000001a   Code   RO         1825    i.HAL_NVIC_EnableIRQ  stm32f1xx_hal_cortex.o
    0x08000d86   0x08000d86   0x00000002   PAD
    0x08000d88   0x08000d88   0x00000040   Code   RO         1831    i.HAL_NVIC_SetPriority  stm32f1xx_hal_cortex.o
    0x08000dc8   0x08000dc8   0x00000024   Code   RO         1832    i.HAL_NVIC_SetPriorityGrouping  stm32f1xx_hal_cortex.o
    0x08000dec   0x08000dec   0x0000003c   Code   RO         1130    i.HAL_PCDEx_PMAConfig  stm32f1xx_hal_pcd_ex.o
    0x08000e28   0x08000e28   0x00000002   Code   RO          649    i.HAL_PCDEx_SetConnectionState  usbd_conf.o
    0x08000e2a   0x08000e2a   0x00000012   Code   RO          651    i.HAL_PCD_DataInStageCallback  usbd_conf.o
    0x08000e3c   0x08000e3c   0x00000014   Code   RO          652    i.HAL_PCD_DataOutStageCallback  usbd_conf.o
    0x08000e50   0x08000e50   0x0000004c   Code   RO          906    i.HAL_PCD_EP_Close  stm32f1xx_hal_pcd.o
    0x08000e9c   0x08000e9c   0x0000005c   Code   RO          907    i.HAL_PCD_EP_ClrStall  stm32f1xx_hal_pcd.o
    0x08000ef8   0x08000ef8   0x000000e6   Code   RO          908    i.HAL_PCD_EP_DB_Receive  stm32f1xx_hal_pcd.o
    0x08000fde   0x08000fde   0x00000220   Code   RO          909    i.HAL_PCD_EP_DB_Transmit  stm32f1xx_hal_pcd.o
    0x080011fe   0x080011fe   0x00000012   Code   RO          911    i.HAL_PCD_EP_GetRxCount  stm32f1xx_hal_pcd.o
    0x08001210   0x08001210   0x00000060   Code   RO          912    i.HAL_PCD_EP_Open   stm32f1xx_hal_pcd.o
    0x08001270   0x08001270   0x00000032   Code   RO          913    i.HAL_PCD_EP_Receive  stm32f1xx_hal_pcd.o
    0x080012a2   0x080012a2   0x00000072   Code   RO          914    i.HAL_PCD_EP_SetStall  stm32f1xx_hal_pcd.o
    0x08001314   0x08001314   0x00000034   Code   RO          915    i.HAL_PCD_EP_Transmit  stm32f1xx_hal_pcd.o
    0x08001348   0x08001348   0x00000154   Code   RO          917    i.HAL_PCD_IRQHandler  stm32f1xx_hal_pcd.o
    0x0800149c   0x0800149c   0x000000da   Code   RO          920    i.HAL_PCD_Init      stm32f1xx_hal_pcd.o
    0x08001576   0x08001576   0x00000002   PAD
    0x08001578   0x08001578   0x0000003c   Code   RO          657    i.HAL_PCD_MspInit   usbd_conf.o
    0x080015b4   0x080015b4   0x00000026   Code   RO          658    i.HAL_PCD_ResetCallback  usbd_conf.o
    0x080015da   0x080015da   0x00000008   Code   RO          659    i.HAL_PCD_ResumeCallback  usbd_conf.o
    0x080015e2   0x080015e2   0x00000008   Code   RO          660    i.HAL_PCD_SOFCallback  usbd_conf.o
    0x080015ea   0x080015ea   0x00000028   Code   RO          926    i.HAL_PCD_SetAddress  stm32f1xx_hal_pcd.o
    0x08001612   0x08001612   0x0000000e   Code   RO          661    i.HAL_PCD_SetupStageCallback  usbd_conf.o
    0x08001620   0x08001620   0x00000032   Code   RO          928    i.HAL_PCD_Start     stm32f1xx_hal_pcd.o
    0x08001652   0x08001652   0x00000002   PAD
    0x08001654   0x08001654   0x00000024   Code   RO          662    i.HAL_PCD_SuspendCallback  usbd_conf.o
    0x08001678   0x08001678   0x000000c8   Code   RO         1627    i.HAL_RCCEx_GetPeriphCLKFreq  stm32f1xx_hal_rcc_ex.o
    0x08001740   0x08001740   0x000000ec   Code   RO         1628    i.HAL_RCCEx_PeriphCLKConfig  stm32f1xx_hal_rcc_ex.o
    0x0800182c   0x0800182c   0x0000012c   Code   RO         1525    i.HAL_RCC_ClockConfig  stm32f1xx_hal_rcc.o
    0x08001958   0x08001958   0x0000000c   Code   RO         1530    i.HAL_RCC_GetHCLKFreq  stm32f1xx_hal_rcc.o
    0x08001964   0x08001964   0x00000020   Code   RO         1533    i.HAL_RCC_GetPCLK2Freq  stm32f1xx_hal_rcc.o
    0x08001984   0x08001984   0x0000006c   Code   RO         1534    i.HAL_RCC_GetSysClockFreq  stm32f1xx_hal_rcc.o
    0x080019f0   0x080019f0   0x00000320   Code   RO         1537    i.HAL_RCC_OscConfig  stm32f1xx_hal_rcc.o
    0x08001d10   0x08001d10   0x00000028   Code   RO         1836    i.HAL_SYSTICK_Config  stm32f1xx_hal_cortex.o
    0x08001d38   0x08001d38   0x00000068   Code   RO         3326    i.HAL_TIMEx_MasterConfigSynchronization  stm32f1xx_hal_tim_ex.o
    0x08001da0   0x08001da0   0x000000a4   Code   RO         2624    i.HAL_TIM_Encoder_Init  stm32f1xx_hal_tim.o
    0x08001e44   0x08001e44   0x000000c4   Code   RO          327    i.HAL_TIM_Encoder_MspInit  tim.o
    0x08001f08   0x08001f08   0x0000008e   Code   RO         2627    i.HAL_TIM_Encoder_Start  stm32f1xx_hal_tim.o
    0x08001f96   0x08001f96   0x00000002   Code   RO          376    i.HardFault_Handler  stm32f1xx_it.o
    0x08001f98   0x08001f98   0x00000038   Code   RO          511    i.IntToUnicode      usbd_desc.o
    0x08001fd0   0x08001fd0   0x000000fc   Code   RO           20    i.JS_Calibration    main.o
    0x080020cc   0x080020cc   0x00000038   Code   RO          286    i.MX_ADC1_Init      adc.o
    0x08002104   0x08002104   0x000000f8   Code   RO          260    i.MX_GPIO_Init      gpio.o
    0x080021fc   0x080021fc   0x00000068   Code   RO          328    i.MX_TIM2_Init      tim.o
    0x08002264   0x08002264   0x00000068   Code   RO          329    i.MX_TIM3_Init      tim.o
    0x080022cc   0x080022cc   0x00000054   Code   RO          480    i.MX_USB_DEVICE_Init  usb_device.o
    0x08002320   0x08002320   0x00000002   Code   RO          377    i.MemManage_Handler  stm32f1xx_it.o
    0x08002322   0x08002322   0x00000002   Code   RO          378    i.NMI_Handler       stm32f1xx_it.o
    0x08002324   0x08002324   0x000002fc   Code   RO          932    i.PCD_EP_ISR_Handler  stm32f1xx_hal_pcd.o
    0x08002620   0x08002620   0x00000002   Code   RO          379    i.PendSV_Handler    stm32f1xx_it.o
    0x08002622   0x08002622   0x00000002   Code   RO          380    i.SVC_Handler       stm32f1xx_it.o
    0x08002624   0x08002624   0x00000004   Code   RO          381    i.SysTick_Handler   stm32f1xx_it.o
    0x08002628   0x08002628   0x0000007c   Code   RO           21    i.SystemClock_Config  main.o
    0x080026a4   0x080026a4   0x00000002   Code   RO         3575    i.SystemInit        system_stm32f1xx.o
    0x080026a6   0x080026a6   0x00000002   PAD
    0x080026a8   0x080026a8   0x0000006c   Code   RO         2696    i.TIM_Base_SetConfig  stm32f1xx_hal_tim.o
    0x08002714   0x08002714   0x0000001a   Code   RO         2697    i.TIM_CCxChannelCmd  stm32f1xx_hal_tim.o
    0x0800272e   0x0800272e   0x00000046   Code   RO         3875    i.USBD_CDC_DataIn   usbd_cdc.o
    0x08002774   0x08002774   0x0000002e   Code   RO         3876    i.USBD_CDC_DataOut  usbd_cdc.o
    0x080027a2   0x080027a2   0x00000044   Code   RO         3877    i.USBD_CDC_DeInit   usbd_cdc.o
    0x080027e6   0x080027e6   0x00000024   Code   RO         3878    i.USBD_CDC_EP0_RxReady  usbd_cdc.o
    0x0800280a   0x0800280a   0x00000002   PAD
    0x0800280c   0x0800280c   0x0000000c   Code   RO         3879    i.USBD_CDC_GetDeviceQualifierDescriptor  usbd_cdc.o
    0x08002818   0x08002818   0x0000000c   Code   RO         3880    i.USBD_CDC_GetFSCfgDesc  usbd_cdc.o
    0x08002824   0x08002824   0x0000000c   Code   RO         3881    i.USBD_CDC_GetHSCfgDesc  usbd_cdc.o
    0x08002830   0x08002830   0x0000000c   Code   RO         3882    i.USBD_CDC_GetOtherSpeedCfgDesc  usbd_cdc.o
    0x0800283c   0x0800283c   0x00000094   Code   RO         3883    i.USBD_CDC_Init     usbd_cdc.o
    0x080028d0   0x080028d0   0x00000028   Code   RO         3884    i.USBD_CDC_ReceivePacket  usbd_cdc.o
    0x080028f8   0x080028f8   0x00000010   Code   RO         3885    i.USBD_CDC_RegisterInterface  usbd_cdc.o
    0x08002908   0x08002908   0x0000000c   Code   RO         3886    i.USBD_CDC_SetRxBuffer  usbd_cdc.o
    0x08002914   0x08002914   0x00000010   Code   RO         3887    i.USBD_CDC_SetTxBuffer  usbd_cdc.o
    0x08002924   0x08002924   0x000000ac   Code   RO         3888    i.USBD_CDC_Setup    usbd_cdc.o
    0x080029d0   0x080029d0   0x00000036   Code   RO         3889    i.USBD_CDC_TransmitPacket  usbd_cdc.o
    0x08002a06   0x08002a06   0x0000000e   Code   RO         3612    i.USBD_ClrClassConfig  usbd_core.o
    0x08002a14   0x08002a14   0x00000010   Code   RO         3815    i.USBD_CtlContinueRx  usbd_ioreq.o
    0x08002a24   0x08002a24   0x00000010   Code   RO         3816    i.USBD_CtlContinueSendData  usbd_ioreq.o
    0x08002a34   0x08002a34   0x00000016   Code   RO         3750    i.USBD_CtlError     usbd_ctlreq.o
    0x08002a4a   0x08002a4a   0x0000001e   Code   RO         3817    i.USBD_CtlPrepareRx  usbd_ioreq.o
    0x08002a68   0x08002a68   0x00000016   Code   RO         3818    i.USBD_CtlReceiveStatus  usbd_ioreq.o
    0x08002a7e   0x08002a7e   0x0000001a   Code   RO         3819    i.USBD_CtlSendData  usbd_ioreq.o
    0x08002a98   0x08002a98   0x00000016   Code   RO         3820    i.USBD_CtlSendStatus  usbd_ioreq.o
    0x08002aae   0x08002aae   0x00000002   PAD
    0x08002ab0   0x08002ab0   0x00000020   Code   RO          512    i.USBD_FS_ConfigStrDescriptor  usbd_desc.o
    0x08002ad0   0x08002ad0   0x0000000c   Code   RO          513    i.USBD_FS_DeviceDescriptor  usbd_desc.o
    0x08002adc   0x08002adc   0x00000024   Code   RO          514    i.USBD_FS_InterfaceStrDescriptor  usbd_desc.o
    0x08002b00   0x08002b00   0x0000000c   Code   RO          515    i.USBD_FS_LangIDStrDescriptor  usbd_desc.o
    0x08002b0c   0x08002b0c   0x00000028   Code   RO          516    i.USBD_FS_ManufacturerStrDescriptor  usbd_desc.o
    0x08002b34   0x08002b34   0x0000002c   Code   RO          517    i.USBD_FS_ProductStrDescriptor  usbd_desc.o
    0x08002b60   0x08002b60   0x00000038   Code   RO          518    i.USBD_FS_SerialStrDescriptor  usbd_desc.o
    0x08002b98   0x08002b98   0x000000e8   Code   RO         3751    i.USBD_GetDescriptor  usbd_ctlreq.o
    0x08002c80   0x08002c80   0x00000048   Code   RO         3752    i.USBD_GetString    usbd_ctlreq.o
    0x08002cc8   0x08002cc8   0x00000018   Code   RO          663    i.USBD_Get_USB_Status  usbd_conf.o
    0x08002ce0   0x08002ce0   0x0000002a   Code   RO         3614    i.USBD_Init         usbd_core.o
    0x08002d0a   0x08002d0a   0x00000012   Code   RO          664    i.USBD_LL_ClearStallEP  usbd_conf.o
    0x08002d1c   0x08002d1c   0x00000012   Code   RO          665    i.USBD_LL_CloseEP   usbd_conf.o
    0x08002d2e   0x08002d2e   0x000000c6   Code   RO         3615    i.USBD_LL_DataInStage  usbd_core.o
    0x08002df4   0x08002df4   0x00000082   Code   RO         3616    i.USBD_LL_DataOutStage  usbd_core.o
    0x08002e76   0x08002e76   0x00000008   Code   RO          669    i.USBD_LL_GetRxDataSize  usbd_conf.o
    0x08002e7e   0x08002e7e   0x00000002   PAD
    0x08002e80   0x08002e80   0x00000080   Code   RO          670    i.USBD_LL_Init      usbd_conf.o
    0x08002f00   0x08002f00   0x00000020   Code   RO          671    i.USBD_LL_IsStallEP  usbd_conf.o
    0x08002f20   0x08002f20   0x00000018   Code   RO          672    i.USBD_LL_OpenEP    usbd_conf.o
    0x08002f38   0x08002f38   0x00000012   Code   RO          673    i.USBD_LL_PrepareReceive  usbd_conf.o
    0x08002f4a   0x08002f4a   0x00000050   Code   RO         3621    i.USBD_LL_Reset     usbd_core.o
    0x08002f9a   0x08002f9a   0x00000014   Code   RO         3622    i.USBD_LL_Resume    usbd_core.o
    0x08002fae   0x08002fae   0x00000018   Code   RO         3623    i.USBD_LL_SOF       usbd_core.o
    0x08002fc6   0x08002fc6   0x00000006   Code   RO         3624    i.USBD_LL_SetSpeed  usbd_core.o
    0x08002fcc   0x08002fcc   0x00000012   Code   RO          674    i.USBD_LL_SetUSBAddress  usbd_conf.o
    0x08002fde   0x08002fde   0x0000005a   Code   RO         3625    i.USBD_LL_SetupStage  usbd_core.o
    0x08003038   0x08003038   0x00000012   Code   RO          675    i.USBD_LL_StallEP   usbd_conf.o
    0x0800304a   0x0800304a   0x00000012   Code   RO          676    i.USBD_LL_Start     usbd_conf.o
    0x0800305c   0x0800305c   0x00000012   Code   RO         3626    i.USBD_LL_Suspend   usbd_core.o
    0x0800306e   0x0800306e   0x00000012   Code   RO          678    i.USBD_LL_Transmit  usbd_conf.o
    0x08003080   0x08003080   0x00000028   Code   RO         3753    i.USBD_ParseSetupRequest  usbd_ctlreq.o
    0x080030a8   0x080030a8   0x00000010   Code   RO         3627    i.USBD_RegisterClass  usbd_core.o
    0x080030b8   0x080030b8   0x00000016   Code   RO         3629    i.USBD_SetClassConfig  usbd_core.o
    0x080030ce   0x080030ce   0x00000002   PAD
    0x080030d0   0x080030d0   0x00000084   Code   RO         3754    i.USBD_SetConfig    usbd_ctlreq.o
    0x08003154   0x08003154   0x0000000a   Code   RO         3630    i.USBD_Start        usbd_core.o
    0x0800315e   0x0800315e   0x00000112   Code   RO         3755    i.USBD_StdDevReq    usbd_ctlreq.o
    0x08003270   0x08003270   0x00000150   Code   RO         3756    i.USBD_StdEPReq     usbd_ctlreq.o
    0x080033c0   0x080033c0   0x0000004e   Code   RO         3757    i.USBD_StdItfReq    usbd_ctlreq.o
    0x0800340e   0x0800340e   0x00000002   Code   RO          679    i.USBD_static_free  usbd_conf.o
    0x08003410   0x08003410   0x00000008   Code   RO          680    i.USBD_static_malloc  usbd_conf.o
    0x08003418   0x08003418   0x00000258   Code   RO         1170    i.USB_ActivateEndpoint  stm32f1xx_ll_usb.o
    0x08003670   0x08003670   0x00000004   Code   RO         1173    i.USB_CoreInit      stm32f1xx_ll_usb.o
    0x08003674   0x08003674   0x0000010e   Code   RO         1175    i.USB_DeactivateEndpoint  stm32f1xx_ll_usb.o
    0x08003782   0x08003782   0x00000004   Code   RO         1176    i.USB_DevConnect    stm32f1xx_ll_usb.o
    0x08003786   0x08003786   0x00000004   Code   RO         1177    i.USB_DevDisconnect  stm32f1xx_ll_usb.o
    0x0800378a   0x0800378a   0x00000012   Code   RO         1178    i.USB_DevInit       stm32f1xx_ll_usb.o
    0x0800379c   0x0800379c   0x0000000e   Code   RO         1179    i.USB_DisableGlobalInt  stm32f1xx_ll_usb.o
    0x080037aa   0x080037aa   0x00000004   Code   RO         1180    i.USB_EP0_OutStart  stm32f1xx_ll_usb.o
    0x080037ae   0x080037ae   0x00000078   Code   RO         1181    i.USB_EPClearStall  stm32f1xx_ll_usb.o
    0x08003826   0x08003826   0x00000032   Code   RO         1182    i.USB_EPSetStall    stm32f1xx_ll_usb.o
    0x08003858   0x08003858   0x000004ce   Code   RO         1183    i.USB_EPStartXfer   stm32f1xx_ll_usb.o
    0x08003d26   0x08003d26   0x00000012   Code   RO         1184    i.USB_EnableGlobalInt  stm32f1xx_ll_usb.o
    0x08003d38   0x08003d38   0x0000000c   Code   RO          382    i.USB_LP_CAN1_RX0_IRQHandler  stm32f1xx_it.o
    0x08003d44   0x08003d44   0x00000006   Code   RO         1191    i.USB_ReadInterrupts  stm32f1xx_ll_usb.o
    0x08003d4a   0x08003d4a   0x00000002   PAD
    0x08003d4c   0x08003d4c   0x0000002c   Code   RO         1192    i.USB_ReadPMA       stm32f1xx_ll_usb.o
    0x08003d78   0x08003d78   0x00000004   Code   RO         1193    i.USB_SetCurrentMode  stm32f1xx_ll_usb.o
    0x08003d7c   0x08003d7c   0x0000000c   Code   RO         1194    i.USB_SetDevAddress  stm32f1xx_ll_usb.o
    0x08003d88   0x08003d88   0x00000026   Code   RO         1196    i.USB_WritePMA      stm32f1xx_ll_usb.o
    0x08003dae   0x08003dae   0x00000002   Code   RO          383    i.UsageFault_Handler  stm32f1xx_it.o
    0x08003db0   0x08003db0   0x00000020   Code   RO         1838    i.__NVIC_SetPriority  stm32f1xx_hal_cortex.o
    0x08003dd0   0x08003dd0   0x0000000e   Code   RO         4024    i.__scatterload_copy  mc_w.l(handlers.o)
    0x08003dde   0x08003dde   0x00000002   Code   RO         4025    i.__scatterload_null  mc_w.l(handlers.o)
    0x08003de0   0x08003de0   0x0000000e   Code   RO         4026    i.__scatterload_zeroinit  mc_w.l(handlers.o)
    0x08003dee   0x08003dee   0x00000002   PAD
    0x08003df0   0x08003df0   0x00000810   Code   RO           23    i.main              main.o
    0x08004600   0x08004600   0x00000014   Code   RO           24    i.max               main.o
    0x08004614   0x08004614   0x00000014   Code   RO           25    i.min               main.o
    0x08004628   0x08004628   0x0000008c   Code   RO           26    i.to_num            main.o
    0x080046b4   0x080046b4   0x00000010   Data   RO         3576    .constdata          system_stm32f1xx.o
    0x080046c4   0x080046c4   0x00000008   Data   RO         3577    .constdata          system_stm32f1xx.o
    0x080046cc   0x080046cc   0x0000000c   Data   RO           27    .conststring        main.o
    0x080046d8   0x080046d8   0x00000020   Data   RO         4022    Region$$Table       anon$$obj.o


    Execution Region RW_IRAM1 (Exec base: 0x20000000, Load base: 0x080046f8, Size: 0x00001928, Max: 0x00005000, ABSOLUTE, COMPRESSED[0x000000c8])

    Exec Addr    Load Addr    Size         Type   Attr      Idx    E Section Name        Object

    0x20000000   COMPRESSED   0x00000040   Data   RW           28    .data               main.o
    0x20000040   COMPRESSED   0x0000001c   Data   RW          520    .data               usbd_desc.o
    0x2000005c   COMPRESSED   0x00000032   Data   RW          521    .data               usbd_desc.o
    0x2000008e   COMPRESSED   0x00000002   PAD
    0x20000090   COMPRESSED   0x00000010   Data   RW          603    .data               usbd_cdc_if.o
    0x200000a0   COMPRESSED   0x00000004   Data   RW          604    .data               usbd_cdc_if.o
    0x200000a4   COMPRESSED   0x0000000c   Data   RW         1375    .data               stm32f1xx_hal.o
    0x200000b0   COMPRESSED   0x00000004   Data   RW         3578    .data               system_stm32f1xx.o
    0x200000b4   COMPRESSED   0x00000001   Data   RW         3758    .data               usbd_ctlreq.o
    0x200000b5   COMPRESSED   0x00000003   PAD
    0x200000b8   COMPRESSED   0x000000d7   Data   RW         3890    .data               usbd_cdc.o
    0x2000018f   COMPRESSED   0x00000001   PAD
    0x20000190   COMPRESSED   0x00000038   Data   RW         3891    .data               usbd_cdc.o
    0x200001c8        -       0x00000030   Zero   RW          287    .bss                adc.o
    0x200001f8        -       0x00000090   Zero   RW          330    .bss                tim.o
    0x20000288        -       0x000002c4   Zero   RW          481    .bss                usb_device.o
    0x2000054c        -       0x00000200   Zero   RW          519    .bss                usbd_desc.o
    0x2000074c        -       0x000008d0   Zero   RW          602    .bss                usbd_cdc_if.o
    0x2000101c        -       0x0000050c   Zero   RW          681    .bss                usbd_conf.o
    0x20001528        -       0x00000400   Zero   RW            1    STACK               startup_stm32f103xb.o


==============================================================================

Image component sizes


      Code (inc. data)   RO Data    RW Data    ZI Data      Debug   Object Name

       144         22          0          0         48       1593   adc.o
       248         16          0          0          0        983   gpio.o
      2896        164         12         64          0     459032   main.o
        36          8        236          0       1024        796   startup_stm32f103xb.o
       164         28          0         12          0       5837   stm32f1xx_hal.o
      1278         54          0          0          0       7135   stm32f1xx_hal_adc.o
       198         14          0          0          0      28887   stm32f1xx_hal_cortex.o
       500         34          0          0          0       3487   stm32f1xx_hal_gpio.o
        60          8          0          0          0        854   stm32f1xx_hal_msp.o
      2684          0          0          0          0      13065   stm32f1xx_hal_pcd.o
        60          0          0          0          0       1158   stm32f1xx_hal_pcd_ex.o
      1252         94          0          0          0       5025   stm32f1xx_hal_rcc.o
       436         46          0          0          0       2505   stm32f1xx_hal_rcc_ex.o
       440         14          0          0          0       4578   stm32f1xx_hal_tim.o
       104         12          0          0          0       1308   stm32f1xx_hal_tim_ex.o
        32          6          0          0          0       4239   stm32f1xx_it.o
      2440          0          0          0          0      15867   stm32f1xx_ll_usb.o
         2          0         24          4          0       1095   system_stm32f1xx.o
       404         36          0          0        144       2490   tim.o
        84         18          0          0        708        776   usb_device.o
       726         16          0        271          0      12894   usbd_cdc.o
       156         30          0         20       2256       3369   usbd_cdc_if.o
       556         30          0          0       1292      13997   usbd_conf.o
       670          0          0          0          0       9351   usbd_core.o
      1186         28          0          1          0       7844   usbd_ctlreq.o
       288        104          0         78        512       5837   usbd_desc.o
       132          0          0          0          0       4268   usbd_ioreq.o

    ----------------------------------------------------------------------
     17200        782        304        456       5984     618270   Object Totals
         0          0         32          0          0          0   (incl. Generated)
        24          0          0          6          0          0   (incl. Padding)

    ----------------------------------------------------------------------

      Code (inc. data)   RO Data    RW Data    ZI Data      Debug   Library Member Name

        86          0          0          0          0          0   __dczerorl2.o
         0          0          0          0          0          0   entry.o
         0          0          0          0          0          0   entry10a.o
         0          0          0          0          0          0   entry11a.o
         4          0          0          0          0          0   entry12b.o
         8          4          0          0          0          0   entry2.o
         4          0          0          0          0          0   entry5.o
         0          0          0          0          0          0   entry7b.o
         0          0          0          0          0          0   entry8b.o
         8          4          0          0          0          0   entry9a.o
        30          0          0          0          0          0   handlers.o
        36          8          0          0          0         68   init.o
         0          0          0          0          0          0   iusefp.o
        36          0          0          0          0         68   memcpya.o
        36          0          0          0          0        108   memseta.o
        14          0          0          0          0         68   strlen.o
        20          0          0          0          0         68   cfcmple.o
        20          0          0          0          0         68   cfrcmple.o
       176          0          0          0          0        140   fadd.o
       110          0          0          0          0        168   fepilogue.o
        50          0          0          0          0         68   ffixi.o
        18          0          0          0          0         68   fflti.o

    ----------------------------------------------------------------------
       664         16          0          0          0        892   Library Totals
         8          0          0          0          0          0   (incl. Padding)

    ----------------------------------------------------------------------

      Code (inc. data)   RO Data    RW Data    ZI Data      Debug   Library Name

       262         16          0          0          0        312   mc_w.l
       394          0          0          0          0        580   mf_w.l

    ----------------------------------------------------------------------
       664         16          0          0          0        892   Library Totals

    ----------------------------------------------------------------------

==============================================================================


      Code (inc. data)   RO Data    RW Data    ZI Data      Debug   

     17864        798        304        456       5984     610138   Grand Totals
     17864        798        304        200       5984     610138   ELF Image Totals (compressed)
     17864        798        304        200          0          0   ROM Totals

==============================================================================

    Total RO  Size (Code + RO Data)                18168 (  17.74kB)
    Total RW  Size (RW Data + ZI Data)              6440 (   6.29kB)
    Total ROM Size (Code + RO Data + RW Data)      18368 (  17.94kB)

==============================================================================

