Component: ARM Compiler 6.15 Tool: armlink [5dd79300]

==============================================================================

Section Cross References

    startup_stm32f103xb.o(RESET) refers to startup_stm32f103xb.o(STACK) for __initial_sp
    startup_stm32f103xb.o(RESET) refers to startup_stm32f103xb.o(.text) for Reset_Handler
    startup_stm32f103xb.o(RESET) refers to stm32f1xx_it.o(.text.NMI_Handler) for NMI_Handler
    startup_stm32f103xb.o(RESET) refers to stm32f1xx_it.o(.text.HardFault_Handler) for HardFault_Handler
    startup_stm32f103xb.o(RESET) refers to stm32f1xx_it.o(.text.MemManage_Handler) for MemManage_Handler
    startup_stm32f103xb.o(RESET) refers to stm32f1xx_it.o(.text.BusFault_Handler) for BusFault_Handler
    startup_stm32f103xb.o(RESET) refers to stm32f1xx_it.o(.text.UsageFault_Handler) for UsageFault_Handler
    startup_stm32f103xb.o(RESET) refers to stm32f1xx_it.o(.text.SVC_Handler) for SVC_Handler
    startup_stm32f103xb.o(RESET) refers to stm32f1xx_it.o(.text.DebugMon_Handler) for DebugMon_Handler
    startup_stm32f103xb.o(RESET) refers to stm32f1xx_it.o(.text.PendSV_Handler) for PendSV_Handler
    startup_stm32f103xb.o(RESET) refers to stm32f1xx_it.o(.text.SysTick_Handler) for SysTick_Handler
    startup_stm32f103xb.o(RESET) refers to stm32f1xx_it.o(.text.USB_LP_CAN1_RX0_IRQHandler) for USB_LP_CAN1_RX0_IRQHandler
    startup_stm32f103xb.o(.text) refers to system_stm32f1xx.o(.text.SystemInit) for SystemInit
    startup_stm32f103xb.o(.text) refers to entry.o(.ARM.Collect$$$$00000000) for __main
    main.o(.ARM.exidx.text.DWT_Delay_Init) refers to main.o(.text.DWT_Delay_Init) for [Anonymous Symbol]
    main.o(.text.min) refers to fminf.o(i.fminf) for fminf
    main.o(.ARM.exidx.text.min) refers to main.o(.text.min) for [Anonymous Symbol]
    main.o(.text.max) refers to fmaxf.o(i.fmaxf) for fmaxf
    main.o(.ARM.exidx.text.max) refers to main.o(.text.max) for [Anonymous Symbol]
    main.o(.text.JS_Calibration) refers to adc.o(.bss.hadc1) for hadc1
    main.o(.text.JS_Calibration) refers to stm32f1xx_hal_adc.o(.text.HAL_ADC_ConfigChannel) for HAL_ADC_ConfigChannel
    main.o(.text.JS_Calibration) refers to stm32f1xx_hal_adc.o(.text.HAL_ADC_Start) for HAL_ADC_Start
    main.o(.text.JS_Calibration) refers to stm32f1xx_hal_adc.o(.text.HAL_ADC_PollForConversion) for HAL_ADC_PollForConversion
    main.o(.text.JS_Calibration) refers to stm32f1xx_hal_adc.o(.text.HAL_ADC_GetValue) for HAL_ADC_GetValue
    main.o(.text.JS_Calibration) refers to fflti.o(.text) for __aeabi_i2f
    main.o(.text.JS_Calibration) refers to fminf.o(i.fminf) for fminf
    main.o(.text.JS_Calibration) refers to ffixi.o(.text) for __aeabi_f2iz
    main.o(.text.JS_Calibration) refers to fmaxf.o(i.fmaxf) for fmaxf
    main.o(.text.JS_Calibration) refers to stm32f1xx_hal_adc.o(.text.HAL_ADC_Stop) for HAL_ADC_Stop
    main.o(.text.JS_Calibration) refers to fadd.o(.text) for __aeabi_fadd
    main.o(.ARM.exidx.text.JS_Calibration) refers to main.o(.text.JS_Calibration) for [Anonymous Symbol]
    main.o(.text.main) refers to usbd_cdc_if.o(.bss.buffer) for buffer
    main.o(.text.main) refers to memseta.o(.text) for __aeabi_memclr
    main.o(.text.main) refers to stm32f1xx_hal.o(.text.HAL_Init) for HAL_Init
    main.o(.text.main) refers to main.o(.text.SystemClock_Config) for SystemClock_Config
    main.o(.text.main) refers to gpio.o(.text.MX_GPIO_Init) for MX_GPIO_Init
    main.o(.text.main) refers to tim.o(.text.MX_TIM2_Init) for MX_TIM2_Init
    main.o(.text.main) refers to tim.o(.text.MX_TIM3_Init) for MX_TIM3_Init
    main.o(.text.main) refers to adc.o(.text.MX_ADC1_Init) for MX_ADC1_Init
    main.o(.text.main) refers to usb_device.o(.text.MX_USB_DEVICE_Init) for MX_USB_DEVICE_Init
    main.o(.text.main) refers to tim.o(.bss.htim2) for htim2
    main.o(.text.main) refers to stm32f1xx_hal_tim.o(.text.HAL_TIM_Encoder_Start) for HAL_TIM_Encoder_Start
    main.o(.text.main) refers to main.o(.bss.Prev_ENC1) for Prev_ENC1
    main.o(.text.main) refers to tim.o(.bss.htim3) for htim3
    main.o(.text.main) refers to main.o(.bss.Prev_ENC2) for Prev_ENC2
    main.o(.text.main) refers to main.o(.text.JS_Calibration) for JS_Calibration
    main.o(.text.main) refers to main.o(.bss.JS_Cal_X) for JS_Cal_X
    main.o(.text.main) refers to main.o(.bss.JS_Cal_Y) for JS_Cal_Y
    main.o(.text.main) refers to stm32f1xx_hal_gpio.o(.text.HAL_GPIO_ReadPin) for HAL_GPIO_ReadPin
    main.o(.text.main) refers to main.o(.data.done) for done
    main.o(.text.main) refers to usbd_cdc_if.o(.text.CDC_Transmit_FS) for CDC_Transmit_FS
    main.o(.text.main) refers to stm32f1xx_hal.o(.text.HAL_Delay) for HAL_Delay
    main.o(.text.main) refers to strlen.o(.text) for strlen
    main.o(.text.main) refers to stm32f1xx_hal_gpio.o(.text.HAL_GPIO_WritePin) for HAL_GPIO_WritePin
    main.o(.text.main) refers to main.o(.data.ok) for ok
    main.o(.text.main) refers to main.o(.text.to_num) for to_num
[...]
    ../clib/microlib/init/entry.s            0x00000000   Number         0  entry11a.o ABSOLUTE
    ../clib/microlib/init/entry.s            0x00000000   Number         0  entry11b.o ABSOLUTE
    ../clib/microlib/string/memcpy.c         0x00000000   Number         0  memcpya.o ABSOLUTE
    ../clib/microlib/string/memcpy.c         0x00000000   Number         0  memcpyb.o ABSOLUTE
    ../clib/microlib/string/memset.c         0x00000000   Number         0  memseta.o ABSOLUTE
    ../clib/microlib/string/strlen.c         0x00000000   Number         0  strlen.o ABSOLUTE
    ../clib/microlib/stubs.s                 0x00000000   Number         0  iusefp.o ABSOLUTE
    ../fplib/microlib/fpadd.c                0x00000000   Number         0  fadd.o ABSOLUTE
    ../fplib/microlib/fpcmp4.c               0x00000000   Number         0  fcmp4.o ABSOLUTE
    ../fplib/microlib/fpepilogue.c           0x00000000   Number         0  fepilogue.o ABSOLUTE
    ../fplib/microlib/fpfix.c                0x00000000   Number         0  ffixi.o ABSOLUTE
    ../fplib/microlib/fpflt.c                0x00000000   Number         0  fflti.o ABSOLUTE
    ../mathlib/fmax.c                        0x00000000   Number         0  fmaxf.o ABSOLUTE
    ../mathlib/fmax.c                        0x00000000   Number         0  fminf.o ABSOLUTE
    adc.c                                    0x00000000   Number         0  adc.o ABSOLUTE
    dc.s                                     0x00000000   Number         0  dc.o ABSOLUTE
    gpio.c                                   0x00000000   Number         0  gpio.o ABSOLUTE
    handlers.s                               0x00000000   Number         0  handlers.o ABSOLUTE
    init.s                                   0x00000000   Number         0  init.o ABSOLUTE
    main.c                                   0x00000000   Number         0  main.o ABSOLUTE
    startup_stm32f103xb.s                    0x00000000   Number         0  startup_stm32f103xb.o ABSOLUTE
    stm32f1xx_hal.c                          0x00000000   Number         0  stm32f1xx_hal.o ABSOLUTE
    stm32f1xx_hal_adc.c                      0x00000000   Number         0  stm32f1xx_hal_adc.o ABSOLUTE
    stm32f1xx_hal_adc_ex.c                   0x00000000   Number         0  stm32f1xx_hal_adc_ex.o ABSOLUTE
    stm32f1xx_hal_cortex.c                   0x00000000   Number         0  stm32f1xx_hal_cortex.o ABSOLUTE
    stm32f1xx_hal_dma.c                      0x00000000   Number         0  stm32f1xx_hal_dma.o ABSOLUTE
    stm32f1xx_hal_exti.c                     0x00000000   Number         0  stm32f1xx_hal_exti.o ABSOLUTE
    stm32f1xx_hal_flash.c                    0x00000000   Number         0  stm32f1xx_hal_flash.o ABSOLUTE
    stm32f1xx_hal_flash_ex.c                 0x00000000   Number         0  stm32f1xx_hal_flash_ex.o ABSOLUTE
    stm32f1xx_hal_gpio.c                     0x00000000   Number         0  stm32f1xx_hal_gpio.o ABSOLUTE
    stm32f1xx_hal_gpio_ex.c                  0x00000000   Number         0  stm32f1xx_hal_gpio_ex.o ABSOLUTE
    stm32f1xx_hal_msp.c                      0x00000000   Number         0  stm32f1xx_hal_msp.o ABSOLUTE
    stm32f1xx_hal_pcd.c                      0x00000000   Number         0  stm32f1xx_hal_pcd.o ABSOLUTE
    stm32f1xx_hal_pcd_ex.c                   0x00000000   Number         0  stm32f1xx_hal_pcd_ex.o ABSOLUTE
    stm32f1xx_hal_pwr.c                      0x00000000   Number         0  stm32f1xx_hal_pwr.o ABSOLUTE
    stm32f1xx_hal_rcc.c                      0x00000000   Number         0  stm32f1xx_hal_rcc.o ABSOLUTE
    stm32f1xx_hal_rcc_ex.c                   0x00000000   Number         0  stm32f1xx_hal_rcc_ex.o ABSOLUTE
    stm32f1xx_hal_tim.c                      0x00000000   Number         0  stm32f1xx_hal_tim.o ABSOLUTE
    stm32f1xx_hal_tim_ex.c                   0x00000000   Number         0  stm32f1xx_hal_tim_ex.o ABSOLUTE
    stm32f1xx_it.c                           0x00000000   Number         0  stm32f1xx_it.o ABSOLUTE
    stm32f1xx_ll_usb.c                       0x00000000   Number         0  stm32f1xx_ll_usb.o ABSOLUTE
    system_stm32f1xx.c                       0x00000000   Number         0  system_stm32f1xx.o ABSOLUTE
    tim.c                                    0x00000000   Number         0  tim.o ABSOLUTE
    usb_device.c                             0x00000000   Number         0  usb_device.o ABSOLUTE
    usbd_cdc.c                               0x00000000   Number         0  usbd_cdc.o ABSOLUTE
    usbd_cdc_if.c                            0x00000000   Number         0  usbd_cdc_if.o ABSOLUTE
    usbd_conf.c                              0x00000000   Number         0  usbd_conf.o ABSOLUTE
    usbd_core.c                              0x00000000   Number         0  usbd_core.o ABSOLUTE
    usbd_ctlreq.c                            0x00000000   Number         0  usbd_ctlreq.o ABSOLUTE
    usbd_desc.c                              0x00000000   Number         0  usbd_desc.o ABSOLUTE
    usbd_ioreq.c                             0x00000000   Number         0  usbd_ioreq.o ABSOLUTE
    RESET                                    0x08000000   Section      236  startup_stm32f103xb.o(RESET)
    .ARM.Collect$$$$00000000                 0x080000ec   Section        0  entry.o(.ARM.Collect$$$$00000000)
    .ARM.Collect$$$$00000001                 0x080000ec   Section        4  entry2.o(.ARM.Collect$$$$00000001)
    .ARM.Collect$$$$00000004                 0x080000f0   Section        4  entry5.o(.ARM.Collect$$$$00000004)
    .ARM.Collect$$$$00000008                 0x080000f4   Section        0  entry7b.o(.ARM.Collect$$$$00000008)
    .ARM.Collect$$$$0000000A                 0x080000f4   Section        0  entry8b.o(.ARM.Collect$$$$0000000A)
    .ARM.Collect$$$$0000000B                 0x080000f4   Section        8  entry9a.o(.ARM.Collect$$$$0000000B)
    __lit__00000000                          0x080000fc   Data           4  entry2.o(.ARM.Collect$$$$00002712)
    .ARM.Collect$$$$0000000D                 0x080000fc   Section        0  entry10a.o(.ARM.Collect$$$$0000000D)
    .ARM.Collect$$$$0000000F                 0x080000fc   Section        0  entry11a.o(.ARM.Collect$$$$0000000F)
    .ARM.Collect$$$$00002712                 0x080000fc   Section        4  entry2.o(.ARM.Collect$$$$00002712)
    .text                                    0x08000100   Section       36  startup_stm32f103xb.o(.text)
    .text                                    0x08000124   Section        0  memcpya.o(.text)
    .text                                    0x08000148   Section        0  memseta.o(.text)
    .text                                    0x0800016c   Section        0  strlen.o(.text)
    .text                                    0x0800017a   Section        0  fadd.o(.text)
    .text                                    0x0800022a   Section        0  fflti.o(.text)
    .text                                    0x0800023c   Section        0  ffixi.o(.text)
    .text                                    0x0800026e   Section        0  iusefp.o(.text)
    .text                                    0x0800026e   Section        0  fepilogue.o(.text)
    .text                                    0x080002dc   Section        0  fcmp4.o(.text)
    .text                                    0x08000314   Section       36  init.o(.text)
    .text                                    0x08000338   Section        0  __dczerorl2.o(.text)
    [Anonymous Symbol]                       0x08000390   Section        0  stm32f1xx_it.o(.text.BusFault_Handler)
    CDC_Control_FS                           0x08000395   Thumb Code     4  usbd_cdc_if.o(.text.CDC_Control_FS)
    [Anonymous Symbol]                       0x08000394   Section        0  usbd_cdc_if.o(.text.CDC_Control_FS)
    CDC_DeInit_FS                            0x08000399   Thumb Code     4  usbd_cdc_if.o(.text.CDC_DeInit_FS)
    [Anonymous Symbol]                       0x08000398   Section        0  usbd_cdc_if.o(.text.CDC_DeInit_FS)
    CDC_Init_FS                              0x0800039d   Thumb Code    44  usbd_cdc_if.o(.text.CDC_Init_FS)
    [Anonymous Symbol]                       0x0800039c   Section        0  usbd_cdc_if.o(.text.CDC_Init_FS)
    CDC_Receive_FS                           0x080003c9   Thumb Code   118  usbd_cdc_if.o(.text.CDC_Receive_FS)
    [Anonymous Symbol]                       0x080003c8   Section        0  usbd_cdc_if.o(.text.CDC_Receive_FS)
    [Anonymous Symbol]                       0x08000440   Section        0  usbd_cdc_if.o(.text.CDC_Transmit_FS)
    [Anonymous Symbol]                       0x08000478   Section        0  stm32f1xx_it.o(.text.DebugMon_Handler)
    [Anonymous Symbol]                       0x0800047c   Section        0  main.o(.text.Error_Handler)
    [Anonymous Symbol]                       0x08000488   Section        0  stm32f1xx_hal_adc.o(.text.HAL_ADC_ConfigChannel)
    [Anonymous Symbol]                       0x080005dc   Section        0  stm32f1xx_hal_adc.o(.text.HAL_ADC_GetValue)
    [Anonymous Symbol]                       0x080005e4   Section        0  stm32f1xx_hal_adc.o(.text.HAL_ADC_Init)
    [Anonymous Symbol]                       0x08000734   Section        0  adc.o(.text.HAL_ADC_MspInit)
    [Anonymous Symbol]                       0x08000798   Section        0  stm32f1xx_hal_adc.o(.text.HAL_ADC_PollForConversion)
    [Anonymous Symbol]                       0x08000954   Section        0  stm32f1xx_hal_adc.o(.text.HAL_ADC_Start)
    [Anonymous Symbol]                       0x08000a94   Section        0  stm32f1xx_hal_adc.o(.text.HAL_ADC_Stop)
    [Anonymous Symbol]                       0x08000b04   Section        0  stm32f1xx_hal.o(.text.HAL_Delay)
    [Anonymous Symbol]                       0x08000b2c   Section        0  stm32f1xx_hal_gpio.o(.text.HAL_GPIO_Init)
    [Anonymous Symbol]                       0x08000d44   Section        0  stm32f1xx_hal_gpio.o(.text.HAL_GPIO_ReadPin)
    [Anonymous Symbol]                       0x08000d50   Section        0  stm32f1xx_hal_gpio.o(.text.HAL_GPIO_WritePin)
    [Anonymous Symbol]                       0x08000d5c   Section        0  stm32f1xx_hal.o(.text.HAL_GetTick)
    [Anonymous Symbol]                       0x08000d68   Section        0  stm32f1xx_hal.o(.text.HAL_IncTick)
    [Anonymous Symbol]                       0x08000d84   Section        0  stm32f1xx_hal.o(.text.HAL_Init)
    [Anonymous Symbol]                       0x08000dac   Section        0  stm32f1xx_hal.o(.text.HAL_InitTick)
    [Anonymous Symbol]                       0x08000dfc   Section        0  stm32f1xx_hal_msp.o(.text.HAL_MspInit)
    [Anonymous Symbol]                       0x08000e40   Section        0  stm32f1xx_hal_cortex.o(.text.HAL_NVIC_EnableIRQ)
    [Anonymous Symbol]                       0x08000e60   Section        0  stm32f1xx_hal_cortex.o(.text.HAL_NVIC_SetPriority)
    [Anonymous Symbol]                       0x08000eb8   Section        0  stm32f1xx_hal_cortex.o(.text.HAL_NVIC_SetPriorityGrouping)
    [Anonymous Symbol]                       0x08000ed8   Section        0  stm32f1xx_hal_pcd_ex.o(.text.HAL_PCDEx_PMAConfig)
    [Anonymous Symbol]                       0x08000f14   Section        0  usbd_conf.o(.text.HAL_PCDEx_SetConnectionState)
    [Anonymous Symbol]                       0x08000f18   Section        0  usbd_conf.o(.text.HAL_PCD_DataInStageCallback)
    [Anonymous Symbol]                       0x08000f2c   Section        0  usbd_conf.o(.text.HAL_PCD_DataOutStageCallback)
    [Anonymous Symbol]                       0x08000f44   Section        0  stm32f1xx_hal_pcd.o(.text.HAL_PCD_EP_Close)
    [Anonymous Symbol]                       0x08000f90   Section        0  stm32f1xx_hal_pcd.o(.text.HAL_PCD_EP_ClrStall)
    [Anonymous Symbol]                       0x08000ff0   Section        0  stm32f1xx_hal_pcd.o(.text.HAL_PCD_EP_GetRxCount)
    [Anonymous Symbol]                       0x08001004   Section        0  stm32f1xx_hal_pcd.o(.text.HAL_PCD_EP_Open)
    [Anonymous Symbol]                       0x08001064   Section        0  stm32f1xx_hal_pcd.o(.text.HAL_PCD_EP_Receive)
    [Anonymous Symbol]                       0x08001098   Section        0  stm32f1xx_hal_pcd.o(.text.HAL_PCD_EP_SetStall)
    [Anonymous Symbol]                       0x08001104   Section        0  stm32f1xx_hal_pcd.o(.text.HAL_PCD_EP_Transmit)
    [Anonymous Symbol]                       0x0800113c   Section        0  stm32f1xx_hal_pcd.o(.text.HAL_PCD_IRQHandler)
    [Anonymous Symbol]                       0x080018f4   Section        0  stm32f1xx_hal_pcd.o(.text.HAL_PCD_Init)
    [Anonymous Symbol]                       0x080019ec   Section        0  usbd_conf.o(.text.HAL_PCD_MspInit)
    [Anonymous Symbol]                       0x08001a34   Section        0  usbd_conf.o(.text.HAL_PCD_ResetCallback)
    [Anonymous Symbol]                       0x08001a58   Section        0  usbd_conf.o(.text.HAL_PCD_ResumeCallback)
    [Anonymous Symbol]                       0x08001a60   Section        0  usbd_conf.o(.text.HAL_PCD_SOFCallback)
    [Anonymous Symbol]                       0x08001a68   Section        0  stm32f1xx_hal_pcd.o(.text.HAL_PCD_SetAddress)
    [Anonymous Symbol]                       0x08001a90   Section        0  usbd_conf.o(.text.HAL_PCD_SetupStageCallback)
    [Anonymous Symbol]                       0x08001aa0   Section        0  stm32f1xx_hal_pcd.o(.text.HAL_PCD_Start)
    [Anonymous Symbol]                       0x08001ad4   Section        0  usbd_conf.o(.text.HAL_PCD_SuspendCallback)
    [Anonymous Symbol]                       0x08001afc   Section        0  stm32f1xx_hal_rcc_ex.o(.text.HAL_RCCEx_GetPeriphCLKFreq)
    [Anonymous Symbol]                       0x08001be8   Section        0  stm32f1xx_hal_rcc_ex.o(.text.HAL_RCCEx_PeriphCLKConfig)
    [Anonymous Symbol]                       0x08001cf0   Section        0  stm32f1xx_hal_rcc.o(.text.HAL_RCC_ClockConfig)
    [Anonymous Symbol]                       0x08001eac   Section        0  stm32f1xx_hal_rcc.o(.text.HAL_RCC_GetHCLKFreq)
    [Anonymous Symbol]                       0x08001eb8   Section        0  stm32f1xx_hal_rcc.o(.text.HAL_RCC_GetPCLK2Freq)
    [Anonymous Symbol]                       0x08001ee0   Section        0  stm32f1xx_hal_rcc.o(.text.HAL_RCC_OscConfig)
    [Anonymous Symbol]                       0x08002288   Section        0  stm32f1xx_hal_cortex.o(.text.HAL_SYSTICK_Config)
    [Anonymous Symbol]                       0x080022b4   Section        0  stm32f1xx_hal_tim_ex.o(.text.HAL_TIMEx_MasterConfigSynchronization)
    [Anonymous Symbol]                       0x0800232c   Section        0  stm32f1xx_hal_tim.o(.text.HAL_TIM_Encoder_Init)
    [Anonymous Symbol]                       0x08002464   Section        0  tim.o(.text.HAL_TIM_Encoder_MspInit)
    [Anonymous Symbol]                       0x0800255c   Section        0  stm32f1xx_hal_tim.o(.text.HAL_TIM_Encoder_Start)
    [Anonymous Symbol]                       0x08002614   Section        0  stm32f1xx_it.o(.text.HardFault_Handler)
    [Anonymous Symbol]                       0x08002618   Section        0  main.o(.text.JS_Calibration)
    [Anonymous Symbol]                       0x080027b0   Section        0  adc.o(.text.MX_ADC1_Init)
    [Anonymous Symbol]                       0x080027f0   Section        0  gpio.o(.text.MX_GPIO_Init)
    [Anonymous Symbol]                       0x080028f0   Section        0  tim.o(.text.MX_TIM2_Init)
    [Anonymous Symbol]                       0x08002958   Section        0  tim.o(.text.MX_TIM3_Init)
    [Anonymous Symbol]                       0x080029c4   Section        0  usb_device.o(.text.MX_USB_DEVICE_Init)
    [Anonymous Symbol]                       0x08002a38   Section        0  stm32f1xx_it.o(.text.MemManage_Handler)
    [Anonymous Symbol]                       0x08002a3c   Section        0  stm32f1xx_it.o(.text.NMI_Handler)
    [Anonymous Symbol]                       0x08002a40   Section        0  stm32f1xx_it.o(.text.PendSV_Handler)
    [Anonymous Symbol]                       0x08002a44   Section        0  stm32f1xx_it.o(.text.SVC_Handler)
    [Anonymous Symbol]                       0x08002a48   Section        0  stm32f1xx_it.o(.text.SysTick_Handler)
    [Anonymous Symbol]                       0x08002a4c   Section        0  main.o(.text.SystemClock_Config)
    [Anonymous Symbol]                       0x08002ae0   Section        0  system_stm32f1xx.o(.text.SystemInit)
    USBD_CDC_DataIn                          0x08002ae5   Thumb Code    80  usbd_cdc.o(.text.USBD_CDC_DataIn)
    [Anonymous Symbol]                       0x08002ae4   Section        0  usbd_cdc.o(.text.USBD_CDC_DataIn)
    USBD_CDC_DataOut                         0x08002b35   Thumb Code    46  usbd_cdc.o(.text.USBD_CDC_DataOut)
    [Anonymous Symbol]                       0x08002b34   Section        0  usbd_cdc.o(.text.USBD_CDC_DataOut)
    USBD_CDC_DeInit                          0x08002b65   Thumb Code    66  usbd_cdc.o(.text.USBD_CDC_DeInit)
    [Anonymous Symbol]                       0x08002b64   Section        0  usbd_cdc.o(.text.USBD_CDC_DeInit)
    USBD_CDC_EP0_RxReady                     0x08002ba9   Thumb Code    40  usbd_cdc.o(.text.USBD_CDC_EP0_RxReady)
    [Anonymous Symbol]                       0x08002ba8   Section        0  usbd_cdc.o(.text.USBD_CDC_EP0_RxReady)
    [Anonymous Symbol]                       0x08002bd0   Section        0  usbd_cdc.o(.text.USBD_CDC_GetDeviceQualifierDescriptor)
    USBD_CDC_GetFSCfgDesc                    0x08002be1   Thumb Code    16  usbd_cdc.o(.text.USBD_CDC_GetFSCfgDesc)
    [Anonymous Symbol]                       0x08002be0   Section        0  usbd_cdc.o(.text.USBD_CDC_GetFSCfgDesc)
    USBD_CDC_GetHSCfgDesc                    0x08002bf1   Thumb Code    16  usbd_cdc.o(.text.USBD_CDC_GetHSCfgDesc)
    [Anonymous Symbol]                       0x08002bf0   Section        0  usbd_cdc.o(.text.USBD_CDC_GetHSCfgDesc)
    USBD_CDC_GetOtherSpeedCfgDesc            0x08002c01   Thumb Code    16  usbd_cdc.o(.text.USBD_CDC_GetOtherSpeedCfgDesc)
    [Anonymous Symbol]                       0x08002c00   Section        0  usbd_cdc.o(.text.USBD_CDC_GetOtherSpeedCfgDesc)
    USBD_CDC_Init                            0x08002c11   Thumb Code   130  usbd_cdc.o(.text.USBD_CDC_Init)
    [Anonymous Symbol]                       0x08002c10   Section        0  usbd_cdc.o(.text.USBD_CDC_Init)
    [Anonymous Symbol]                       0x08002c94   Section        0  usbd_cdc.o(.text.USBD_CDC_ReceivePacket)
    [Anonymous Symbol]                       0x08002cc0   Section        0  usbd_cdc.o(.text.USBD_CDC_RegisterInterface)
    [Anonymous Symbol]                       0x08002cd0   Section        0  usbd_cdc.o(.text.USBD_CDC_SetRxBuffer)
    [Anonymous Symbol]                       0x08002cdc   Section        0  usbd_cdc.o(.text.USBD_CDC_SetTxBuffer)
    USBD_CDC_Setup                           0x08002ced   Thumb Code   242  usbd_cdc.o(.text.USBD_CDC_Setup)
    [Anonymous Symbol]                       0x08002cec   Section        0  usbd_cdc.o(.text.USBD_CDC_Setup)
    [Anonymous Symbol]                       0x08002de0   Section        0  usbd_cdc.o(.text.USBD_CDC_TransmitPacket)
    [Anonymous Symbol]                       0x08002e18   Section        0  usbd_core.o(.text.USBD_ClrClassConfig)
    [Anonymous Symbol]                       0x08002e28   Section        0  usbd_ioreq.o(.text.USBD_CtlContinueRx)
    [Anonymous Symbol]                       0x08002e38   Section        0  usbd_ioreq.o(.text.USBD_CtlContinueSendData)
    [Anonymous Symbol]                       0x08002e48   Section        0  usbd_ctlreq.o(.text.USBD_CtlError)
    [Anonymous Symbol]                       0x08002e60   Section        0  usbd_ioreq.o(.text.USBD_CtlPrepareRx)
    [Anonymous Symbol]                       0x08002e7c   Section        0  usbd_ioreq.o(.text.USBD_CtlReceiveStatus)
    [Anonymous Symbol]                       0x08002e94   Section        0  usbd_ioreq.o(.text.USBD_CtlSendData)
    [Anonymous Symbol]                       0x08002eb0   Section        0  usbd_ioreq.o(.text.USBD_CtlSendStatus)
    [Anonymous Symbol]                       0x08002ec8   Section        0  usbd_desc.o(.text.USBD_FS_ConfigStrDescriptor)
    [Anonymous Symbol]                       0x08002eec   Section        0  usbd_desc.o(.text.USBD_FS_DeviceDescriptor)
    [Anonymous Symbol]                       0x08002efc   Section        0  usbd_desc.o(.text.USBD_FS_InterfaceStrDescriptor)
    [Anonymous Symbol]                       0x08002f24   Section        0  usbd_desc.o(.text.USBD_FS_LangIDStrDescriptor)
    [Anonymous Symbol]                       0x08002f34   Section        0  usbd_desc.o(.text.USBD_FS_ManufacturerStrDescriptor)
    [Anonymous Symbol]                       0x08002f60   Section        0  usbd_desc.o(.text.USBD_FS_ProductStrDescriptor)
    [Anonymous Symbol]                       0x08002f90   Section        0  usbd_desc.o(.text.USBD_FS_SerialStrDescriptor)
    [Anonymous Symbol]                       0x080030fc   Section        0  usbd_ctlreq.o(.text.USBD_GetString)
    [Anonymous Symbol]                       0x080031d0   Section        0  usbd_core.o(.text.USBD_Init)
    [Anonymous Symbol]                       0x08003200   Section        0  usbd_conf.o(.text.USBD_LL_ClearStallEP)
    [Anonymous Symbol]                       0x08003224   Section        0  usbd_conf.o(.text.USBD_LL_CloseEP)
    [Anonymous Symbol]                       0x08003248   Section        0  usbd_core.o(.text.USBD_LL_DataInStage)
    [Anonymous Symbol]                       0x0800330c   Section        0  usbd_core.o(.text.USBD_LL_DataOutStage)
    [Anonymous Symbol]                       0x08003394   Section        0  usbd_conf.o(.text.USBD_LL_GetRxDataSize)
    [Anonymous Symbol]                       0x0800339c   Section        0  usbd_conf.o(.text.USBD_LL_Init)
    [Anonymous Symbol]                       0x08003424   Section        0  usbd_conf.o(.text.USBD_LL_IsStallEP)
    [Anonymous Symbol]                       0x08003444   Section        0  usbd_conf.o(.text.USBD_LL_OpenEP)
    [Anonymous Symbol]                       0x08003470   Section        0  usbd_conf.o(.text.USBD_LL_PrepareReceive)
    [Anonymous Symbol]                       0x08003494   Section        0  usbd_core.o(.text.USBD_LL_Reset)
    [Anonymous Symbol]                       0x080034e8   Section        0  usbd_core.o(.text.USBD_LL_Resume)
    [Anonymous Symbol]                       0x080034fc   Section        0  usbd_core.o(.text.USBD_LL_SOF)
    [Anonymous Symbol]                       0x08003518   Section        0  usbd_core.o(.text.USBD_LL_SetSpeed)
    [Anonymous Symbol]                       0x08003520   Section        0  usbd_conf.o(.text.USBD_LL_SetUSBAddress)
    [Anonymous Symbol]                       0x08003544   Section        0  usbd_core.o(.text.USBD_LL_SetupStage)
    [Anonymous Symbol]                       0x080035a4   Section        0  usbd_conf.o(.text.USBD_LL_StallEP)
    [Anonymous Symbol]                       0x080035c8   Section        0  usbd_conf.o(.text.USBD_LL_Start)
    [Anonymous Symbol]                       0x080035ec   Section        0  usbd_core.o(.text.USBD_LL_Suspend)
    [Anonymous Symbol]                       0x08003600   Section        0  usbd_conf.o(.text.USBD_LL_Transmit)
    [Anonymous Symbol]                       0x08003624   Section        0  usbd_ctlreq.o(.text.USBD_ParseSetupRequest)
    [Anonymous Symbol]                       0x0800363c   Section        0  usbd_core.o(.text.USBD_RegisterClass)
    [Anonymous Symbol]                       0x0800364c   Section        0  usbd_core.o(.text.USBD_SetClassConfig)
    [Anonymous Symbol]                       0x08003668   Section        0  usbd_core.o(.text.USBD_Start)
    [Anonymous Symbol]                       0x08003674   Section        0  usbd_ctlreq.o(.text.USBD_StdDevReq)
    [Anonymous Symbol]                       0x08003a0c   Section        0  usbd_ctlreq.o(.text.USBD_StdEPReq)
    [Anonymous Symbol]                       0x08003b58   Section        0  usbd_ctlreq.o(.text.USBD_StdItfReq)
    [Anonymous Symbol]                       0x08003bc8   Section        0  usbd_conf.o(.text.USBD_static_free)
    [Anonymous Symbol]                       0x08003bcc   Section        0  usbd_conf.o(.text.USBD_static_malloc)
    [Anonymous Symbol]                       0x08003bd8   Section        0  stm32f1xx_ll_usb.o(.text.USB_ActivateEndpoint)
    [Anonymous Symbol]                       0x08003e2c   Section        0  stm32f1xx_ll_usb.o(.text.USB_CoreInit)
    [Anonymous Symbol]                       0x08003e30   Section        0  stm32f1xx_ll_usb.o(.text.USB_DeactivateEndpoint)
    [Anonymous Symbol]                       0x08003f34   Section        0  stm32f1xx_ll_usb.o(.text.USB_DevConnect)
    [Anonymous Symbol]                       0x08003f38   Section        0  stm32f1xx_ll_usb.o(.text.USB_DevDisconnect)
    [Anonymous Symbol]                       0x08003f3c   Section        0  stm32f1xx_ll_usb.o(.text.USB_DevInit)
    [Anonymous Symbol]                       0x08003f58   Section        0  stm32f1xx_ll_usb.o(.text.USB_DisableGlobalInt)
    [Anonymous Symbol]                       0x08003f6c   Section        0  stm32f1xx_ll_usb.o(.text.USB_EP0_OutStart)
    [Anonymous Symbol]                       0x08003f70   Section        0  stm32f1xx_ll_usb.o(.text.USB_EPClearStall)
    [Anonymous Symbol]                       0x08003ff0   Section        0  stm32f1xx_ll_usb.o(.text.USB_EPSetStall)
    [Anonymous Symbol]                       0x08004024   Section        0  stm32f1xx_ll_usb.o(.text.USB_EPStartXfer)
    [Anonymous Symbol]                       0x08004780   Section        0  stm32f1xx_ll_usb.o(.text.USB_EnableGlobalInt)
    [Anonymous Symbol]                       0x08004794   Section        0  stm32f1xx_it.o(.text.USB_LP_CAN1_RX0_IRQHandler)
    [Anonymous Symbol]                       0x080047a0   Section        0  stm32f1xx_ll_usb.o(.text.USB_ReadInterrupts)
    [Anonymous Symbol]                       0x080047a8   Section        0  stm32f1xx_ll_usb.o(.text.USB_ReadPMA)
    [Anonymous Symbol]                       0x0800485c   Section        0  stm32f1xx_ll_usb.o(.text.USB_SetCurrentMode)
    [Anonymous Symbol]                       0x08004860   Section        0  stm32f1xx_ll_usb.o(.text.USB_SetDevAddress)
    [Anonymous Symbol]                       0x08004870   Section        0  stm32f1xx_ll_usb.o(.text.USB_WritePMA)
    [Anonymous Symbol]                       0x080048f4   Section        0  stm32f1xx_it.o(.text.UsageFault_Handler)
    [Anonymous Symbol]                       0x080048f8   Section        0  main.o(.text.main)
    to_num                                   0x08006551   Thumb Code   516  main.o(.text.to_num)
    [Anonymous Symbol]                       0x08006550   Section        0  main.o(.text.to_num)
    i.__scatterload_copy                     0x08006754   Section       14  handlers.o(i.__scatterload_copy)
    i.__scatterload_null                     0x08006762   Section        2  handlers.o(i.__scatterload_null)
    i.__scatterload_zeroinit                 0x08006764   Section       14  handlers.o(i.__scatterload_zeroinit)
    i.fmaxf                                  0x08006772   Section        0  fmaxf.o(i.fmaxf)
    i.fminf                                  0x0800679a   Section        0  fminf.o(i.fminf)
    .L__const.HAL_RCC_GetSysClockFreq.aPredivFactorTable 0x080067c2   Data           2  stm32f1xx_hal_rcc.o(.rodata..L__const.HAL_RCC_GetSysClockFreq.aPredivFactorTable)
    .L__const.HAL_RCC_GetSysClockFreq.aPLLMULFactorTable 0x080067dc   Data          16  stm32f1xx_hal_rcc.o(.rodata.cst16)
    .L.str.1                                 0x080067ec   Data           6  main.o(.rodata.str1.1)
    [Anonymous Symbol]                       0x080067ec   Section        0  main.o(.rodata.str1.1)
    .L.str                                   0x080067f2   Data           4  main.o(.rodata.str1.1)
    USBD_CDC_DeviceQualifierDesc             0x200000e0   Data          10  usbd_cdc.o(.data.USBD_CDC_DeviceQualifierDesc)
    [Anonymous Symbol]                       0x200000e0   Section        0  usbd_cdc.o(.data.USBD_CDC_DeviceQualifierDesc)
    USBD_SetConfig.cfgidx                    0x200001c0   Data           1  usbd_ctlreq.o(.bss.USBD_SetConfig.cfgidx)
    [Anonymous Symbol]                       0x200001c0   Section        0  usbd_ctlreq.o(.bss.USBD_SetConfig.cfgidx)
    USBD_static_malloc.mem                   0x200003c4   Data         544  usbd_conf.o(.bss.USBD_static_malloc.mem)
    [Anonymous Symbol]                       0x200003c4   Section        0  usbd_conf.o(.bss.USBD_static_malloc.mem)
    STACK                                    0x20001470   Section     1024  startup_stm32f103xb.o(STACK)

    Global Symbols

    Symbol Name                              Value     Ov Type        Size  Object(Section)

    BuildAttributes$$THM_ISAv4$P$D$K$B$S$PE$A:L22UL41UL21$X:L11$S22US41US21$IEEE1$IW$~IW$USESV6$~STKCKD$USESV7$~SHL$OTIME$ROPI$IEEEJ$EBA8$MICROLIB$REQ8$PRES8$EABIv2 0x00000000   Number         0  anon$$obj.o ABSOLUTE
    __cpp_initialize__aeabi_                  - Undefined Weak Reference
    __cxa_finalize                            - Undefined Weak Reference
    _clock_init                               - Undefined Weak Reference
    _microlib_exit                            - Undefined Weak Reference
    __Vectors_Size                           0x000000ec   Number         0  startup_stm32f103xb.o ABSOLUTE
    __Vectors                                0x08000000   Data           4  startup_stm32f103xb.o(RESET)
    __Vectors_End                            0x080000ec   Data           0  startup_stm32f103xb.o(RESET)
    __main                                   0x080000ed   Thumb Code     0  entry.o(.ARM.Collect$$$$00000000)
    _main_stk                                0x080000ed   Thumb Code     0  entry2.o(.ARM.Collect$$$$00000001)
    _main_scatterload                        0x080000f1   Thumb Code     0  entry5.o(.ARM.Collect$$$$00000004)
    __main_after_scatterload                 0x080000f5   Thumb Code     0  entry5.o(.ARM.Collect$$$$00000004)
    _main_clock                              0x080000f5   Thumb Code     0  entry7b.o(.ARM.Collect$$$$00000008)
    _main_cpp_init                           0x080000f5   Thumb Code     0  entry8b.o(.ARM.Collect$$$$0000000A)
    _main_init                               0x080000f5   Thumb Code     0  entry9a.o(.ARM.Collect$$$$0000000B)
    __rt_final_cpp                           0x080000fd   Thumb Code     0  entry10a.o(.ARM.Collect$$$$0000000D)
    __rt_final_exit                          0x080000fd   Thumb Code     0  entry11a.o(.ARM.Collect$$$$0000000F)
    Reset_Handler                            0x08000101   Thumb Code     8  startup_stm32f103xb.o(.text)
    ADC1_2_IRQHandler                        0x0800011b   Thumb Code     0  startup_stm32f103xb.o(.text)
    CAN1_RX1_IRQHandler                      0x0800011b   Thumb Code     0  startup_stm32f103xb.o(.text)
    CAN1_SCE_IRQHandler                      0x0800011b   Thumb Code     0  startup_stm32f103xb.o(.text)
    DMA1_Channel1_IRQHandler                 0x0800011b   Thumb Code     0  startup_stm32f103xb.o(.text)
    DMA1_Channel2_IRQHandler                 0x0800011b   Thumb Code     0  startup_stm32f103xb.o(.text)
    DMA1_Channel3_IRQHandler                 0x0800011b   Thumb Code     0  startup_stm32f103xb.o(.text)
    DMA1_Channel4_IRQHandler                 0x0800011b   Thumb Code     0  startup_stm32f103xb.o(.text)
    DMA1_Channel5_IRQHandler                 0x0800011b   Thumb Code     0  startup_stm32f103xb.o(.text)
    DMA1_Channel6_IRQHandler                 0x0800011b   Thumb Code     0  startup_stm32f103xb.o(.text)
    DMA1_Channel7_IRQHandler                 0x0800011b   Thumb Code     0  startup_stm32f103xb.o(.text)
    EXTI0_IRQHandler                         0x0800011b   Thumb Code     0  startup_stm32f103xb.o(.text)
    EXTI15_10_IRQHandler                     0x0800011b   Thumb Code     0  startup_stm32f103xb.o(.text)
    EXTI1_IRQHandler                         0x0800011b   Thumb Code     0  startup_stm32f103xb.o(.text)
    EXTI2_IRQHandler                         0x0800011b   Thumb Code     0  startup_stm32f103xb.o(.text)
    EXTI3_IRQHandler                         0x0800011b   Thumb Code     0  startup_stm32f103xb.o(.text)
    EXTI4_IRQHandler                         0x0800011b   Thumb Code     0  startup_stm32f103xb.o(.text)
    EXTI9_5_IRQHandler                       0x0800011b   Thumb Code     0  startup_stm32f103xb.o(.text)
    FLASH_IRQHandler                         0x0800011b   Thumb Code     0  startup_stm32f103xb.o(.text)
    I2C1_ER_IRQHandler                       0x0800011b   Thumb Code     0  startup_stm32f103xb.o(.text)
    I2C1_EV_IRQHandler                       0x0800011b   Thumb Code     0  startup_stm32f103xb.o(.text)
    I2C2_ER_IRQHandler                       0x0800011b   Thumb Code     0  startup_stm32f103xb.o(.text)
    I2C2_EV_IRQHandler                       0x0800011b   Thumb Code     0  startup_stm32f103xb.o(.text)
    PVD_IRQHandler                           0x0800011b   Thumb Code     0  startup_stm32f103xb.o(.text)
    RCC_IRQHandler                           0x0800011b   Thumb Code     0  startup_stm32f103xb.o(.text)
    RTC_Alarm_IRQHandler                     0x0800011b   Thumb Code     0  startup_stm32f103xb.o(.text)
    RTC_IRQHandler                           0x0800011b   Thumb Code     0  startup_stm32f103xb.o(.text)
    SPI1_IRQHandler                          0x0800011b   Thumb Code     0  startup_stm32f103xb.o(.text)
    SPI2_IRQHandler                          0x0800011b   Thumb Code     0  startup_stm32f103xb.o(.text)
    TAMPER_IRQHandler                        0x0800011b   Thumb Code     0  startup_stm32f103xb.o(.text)
    TIM1_BRK_IRQHandler                      0x0800011b   Thumb Code     0  startup_stm32f103xb.o(.text)
    TIM1_CC_IRQHandler                       0x0800011b   Thumb Code     0  startup_stm32f103xb.o(.text)
    TIM1_TRG_COM_IRQHandler                  0x0800011b   Thumb Code     0  startup_stm32f103xb.o(.text)
    TIM1_UP_IRQHandler                       0x0800011b   Thumb Code     0  startup_stm32f103xb.o(.text)
    TIM2_IRQHandler                          0x0800011b   Thumb Code     0  startup_stm32f103xb.o(.text)
    TIM3_IRQHandler                          0x0800011b   Thumb Code     0  startup_stm32f103xb.o(.text)
    TIM4_IRQHandler                          0x0800011b   Thumb Code     0  startup_stm32f103xb.o(.text)
    USART1_IRQHandler                        0x0800011b   Thumb Code     0  startup_stm32f103xb.o(.text)
    USART2_IRQHandler                        0x0800011b   Thumb Code     0  startup_stm32f103xb.o(.text)
    USART3_IRQHandler                        0x0800011b   Thumb Code     0  startup_stm32f103xb.o(.text)
    USBWakeUp_IRQHandler                     0x0800011b   Thumb Code     0  startup_stm32f103xb.o(.text)
    USB_HP_CAN1_TX_IRQHandler                0x0800011b   Thumb Code     0  startup_stm32f103xb.o(.text)
    WWDG_IRQHandler                          0x0800011b   Thumb Code     0  startup_stm32f103xb.o(.text)
    __aeabi_memcpy                           0x08000125   Thumb Code    36  memcpya.o(.text)
    __aeabi_memcpy4                          0x08000125   Thumb Code     0  memcpya.o(.text)
    __aeabi_memcpy8                          0x08000125   Thumb Code     0  memcpya.o(.text)
    __aeabi_memset                           0x08000149   Thumb Code    14  memseta.o(.text)
    __aeabi_memset4                          0x08000149   Thumb Code     0  memseta.o(.text)
    __aeabi_memset8                          0x08000149   Thumb Code     0  memseta.o(.text)
    __aeabi_memclr                           0x08000157   Thumb Code     4  memseta.o(.text)
    __aeabi_memclr4                          0x08000157   Thumb Code     0  memseta.o(.text)
    __aeabi_memclr8                          0x08000157   Thumb Code     0  memseta.o(.text)
    _memset$wrapper                          0x0800015b   Thumb Code    18  memseta.o(.text)
    strlen                                   0x0800016d   Thumb Code    14  strlen.o(.text)
    __aeabi_fadd                             0x0800017b   Thumb Code   164  fadd.o(.text)
    __aeabi_fsub                             0x0800021f   Thumb Code     6  fadd.o(.text)
    __aeabi_frsub                            0x08000225   Thumb Code     6  fadd.o(.text)
    __aeabi_i2f                              0x0800022b   Thumb Code    18  fflti.o(.text)
    __aeabi_f2iz                             0x0800023d   Thumb Code    50  ffixi.o(.text)
    __I$use$fp                               0x0800026f   Thumb Code     0  iusefp.o(.text)
    _float_round                             0x0800026f   Thumb Code    18  fepilogue.o(.text)
    _float_epilogue                          0x08000281   Thumb Code    92  fepilogue.o(.text)
    __ARM_fcmp4                              0x080002dd   Thumb Code    54  fcmp4.o(.text)
    _fcmp4                                   0x080002dd   Thumb Code     0  fcmp4.o(.text)
    __scatterload                            0x08000315   Thumb Code    28  init.o(.text)
    __scatterload_rt2                        0x08000315   Thumb Code     0  init.o(.text)
    __decompress                             0x08000339   Thumb Code     0  __dczerorl2.o(.text)
    __decompress1                            0x08000339   Thumb Code    86  __dczerorl2.o(.text)
    BusFault_Handler                         0x08000391   Thumb Code     2  stm32f1xx_it.o(.text.BusFault_Handler)
    CDC_Transmit_FS                          0x08000441   Thumb Code    54  usbd_cdc_if.o(.text.CDC_Transmit_FS)
    DebugMon_Handler                         0x08000479   Thumb Code     2  stm32f1xx_it.o(.text.DebugMon_Handler)
    Error_Handler                            0x0800047d   Thumb Code    10  main.o(.text.Error_Handler)
    HAL_ADC_ConfigChannel                    0x08000489   Thumb Code   338  stm32f1xx_hal_adc.o(.text.HAL_ADC_ConfigChannel)
    HAL_ADC_GetValue                         0x080005dd   Thumb Code     6  stm32f1xx_hal_adc.o(.text.HAL_ADC_GetValue)
    HAL_ADC_Init                             0x080005e5   Thumb Code   334  stm32f1xx_hal_adc.o(.text.HAL_ADC_Init)
    HAL_ADC_MspInit                          0x08000735   Thumb Code   100  adc.o(.text.HAL_ADC_MspInit)
    HAL_ADC_PollForConversion                0x08000799   Thumb Code   442  stm32f1xx_hal_adc.o(.text.HAL_ADC_PollForConversion)
    HAL_ADC_Start                            0x08000955   Thumb Code   320  stm32f1xx_hal_adc.o(.text.HAL_ADC_Start)
    HAL_ADC_Stop                             0x08000a95   Thumb Code   112  stm32f1xx_hal_adc.o(.text.HAL_ADC_Stop)
    HAL_Delay                                0x08000b05   Thumb Code    40  stm32f1xx_hal.o(.text.HAL_Delay)
    HAL_GPIO_Init                            0x08000b2d   Thumb Code   534  stm32f1xx_hal_gpio.o(.text.HAL_GPIO_Init)
    HAL_GPIO_ReadPin                         0x08000d45   Thumb Code    10  stm32f1xx_hal_gpio.o(.text.HAL_GPIO_ReadPin)
    HAL_GPIO_WritePin                        0x08000d51   Thumb Code    10  stm32f1xx_hal_gpio.o(.text.HAL_GPIO_WritePin)
    HAL_GetTick                              0x08000d5d   Thumb Code    12  stm32f1xx_hal.o(.text.HAL_GetTick)
    HAL_IncTick                              0x08000d69   Thumb Code    26  stm32f1xx_hal.o(.text.HAL_IncTick)
    HAL_Init                                 0x08000d85   Thumb Code    38  stm32f1xx_hal.o(.text.HAL_Init)
    HAL_InitTick                             0x08000dad   Thumb Code    80  stm32f1xx_hal.o(.text.HAL_InitTick)
    HAL_MspInit                              0x08000dfd   Thumb Code    66  stm32f1xx_hal_msp.o(.text.HAL_MspInit)
    HAL_NVIC_EnableIRQ                       0x08000e41   Thumb Code    32  stm32f1xx_hal_cortex.o(.text.HAL_NVIC_EnableIRQ)
    HAL_NVIC_SetPriority                     0x08000e61   Thumb Code    86  stm32f1xx_hal_cortex.o(.text.HAL_NVIC_SetPriority)
    HAL_NVIC_SetPriorityGrouping             0x08000eb9   Thumb Code    32  stm32f1xx_hal_cortex.o(.text.HAL_NVIC_SetPriorityGrouping)
    HAL_PCDEx_PMAConfig                      0x08000ed9   Thumb Code    58  stm32f1xx_hal_pcd_ex.o(.text.HAL_PCDEx_PMAConfig)
    HAL_PCDEx_SetConnectionState             0x08000f15   Thumb Code     2  usbd_conf.o(.text.HAL_PCDEx_SetConnectionState)
    HAL_PCD_DataInStageCallback              0x08000f19   Thumb Code    20  usbd_conf.o(.text.HAL_PCD_DataInStageCallback)
    HAL_PCD_DataOutStageCallback             0x08000f2d   Thumb Code    22  usbd_conf.o(.text.HAL_PCD_DataOutStageCallback)
    HAL_PCD_EP_Close                         0x08000f45   Thumb Code    76  stm32f1xx_hal_pcd.o(.text.HAL_PCD_EP_Close)
    HAL_PCD_EP_ClrStall                      0x08000f91   Thumb Code    94  stm32f1xx_hal_pcd.o(.text.HAL_PCD_EP_ClrStall)
    HAL_PCD_EP_GetRxCount                    0x08000ff1   Thumb Code    18  stm32f1xx_hal_pcd.o(.text.HAL_PCD_EP_GetRxCount)
    HAL_PCD_EP_Open                          0x08001005   Thumb Code    96  stm32f1xx_hal_pcd.o(.text.HAL_PCD_EP_Open)
    HAL_PCD_EP_Receive                       0x08001065   Thumb Code    50  stm32f1xx_hal_pcd.o(.text.HAL_PCD_EP_Receive)
    HAL_PCD_EP_SetStall                      0x08001099   Thumb Code   108  stm32f1xx_hal_pcd.o(.text.HAL_PCD_EP_SetStall)
    HAL_PCD_EP_Transmit                      0x08001105   Thumb Code    54  stm32f1xx_hal_pcd.o(.text.HAL_PCD_EP_Transmit)
    HAL_PCD_IRQHandler                       0x0800113d   Thumb Code  1976  stm32f1xx_hal_pcd.o(.text.HAL_PCD_IRQHandler)
    HAL_PCD_Init                             0x080018f5   Thumb Code   246  stm32f1xx_hal_pcd.o(.text.HAL_PCD_Init)
    HAL_PCD_MspInit                          0x080019ed   Thumb Code    70  usbd_conf.o(.text.HAL_PCD_MspInit)
    HAL_PCD_ResetCallback                    0x08001a35   Thumb Code    36  usbd_conf.o(.text.HAL_PCD_ResetCallback)
    HAL_PCD_ResumeCallback                   0x08001a59   Thumb Code     8  usbd_conf.o(.text.HAL_PCD_ResumeCallback)
    HAL_PCD_SOFCallback                      0x08001a61   Thumb Code     8  usbd_conf.o(.text.HAL_PCD_SOFCallback)
    HAL_PCD_SetAddress                       0x08001a69   Thumb Code    40  stm32f1xx_hal_pcd.o(.text.HAL_PCD_SetAddress)
    HAL_PCD_SetupStageCallback               0x08001a91   Thumb Code    14  usbd_conf.o(.text.HAL_PCD_SetupStageCallback)
    HAL_PCD_Start                            0x08001aa1   Thumb Code    50  stm32f1xx_hal_pcd.o(.text.HAL_PCD_Start)
    HAL_PCD_SuspendCallback                  0x08001ad5   Thumb Code    38  usbd_conf.o(.text.HAL_PCD_SuspendCallback)
    HAL_RCCEx_GetPeriphCLKFreq               0x08001afd   Thumb Code   236  stm32f1xx_hal_rcc_ex.o(.text.HAL_RCCEx_GetPeriphCLKFreq)
    HAL_RCCEx_PeriphCLKConfig                0x08001be9   Thumb Code   262  stm32f1xx_hal_rcc_ex.o(.text.HAL_RCCEx_PeriphCLKConfig)
    HAL_RCC_ClockConfig                      0x08001cf1   Thumb Code   442  stm32f1xx_hal_rcc.o(.text.HAL_RCC_ClockConfig)
    HAL_RCC_GetHCLKFreq                      0x08001ead   Thumb Code    12  stm32f1xx_hal_rcc.o(.text.HAL_RCC_GetHCLKFreq)
    HAL_RCC_GetPCLK2Freq                     0x08001eb9   Thumb Code    38  stm32f1xx_hal_rcc.o(.text.HAL_RCC_GetPCLK2Freq)
    HAL_RCC_OscConfig                        0x08001ee1   Thumb Code   936  stm32f1xx_hal_rcc.o(.text.HAL_RCC_OscConfig)
    HAL_SYSTICK_Config                       0x08002289   Thumb Code    44  stm32f1xx_hal_cortex.o(.text.HAL_SYSTICK_Config)
    HAL_TIMEx_MasterConfigSynchronization    0x080022b5   Thumb Code   118  stm32f1xx_hal_tim_ex.o(.text.HAL_TIMEx_MasterConfigSynchronization)
    HAL_TIM_Encoder_Init                     0x0800232d   Thumb Code   312  stm32f1xx_hal_tim.o(.text.HAL_TIM_Encoder_Init)
    HAL_TIM_Encoder_MspInit                  0x08002465   Thumb Code   246  tim.o(.text.HAL_TIM_Encoder_MspInit)
    HAL_TIM_Encoder_Start                    0x0800255d   Thumb Code   184  stm32f1xx_hal_tim.o(.text.HAL_TIM_Encoder_Start)
    HardFault_Handler                        0x08002615   Thumb Code     2  stm32f1xx_it.o(.text.HardFault_Handler)
    JS_Calibration                           0x08002619   Thumb Code   406  main.o(.text.JS_Calibration)
    MX_ADC1_Init                             0x080027b1   Thumb Code    64  adc.o(.text.MX_ADC1_Init)
    MX_GPIO_Init                             0x080027f1   Thumb Code   256  gpio.o(.text.MX_GPIO_Init)
    MX_TIM2_Init                             0x080028f1   Thumb Code   102  tim.o(.text.MX_TIM2_Init)
    MX_TIM3_Init                             0x08002959   Thumb Code   106  tim.o(.text.MX_TIM3_Init)
    MX_USB_DEVICE_Init                       0x080029c5   Thumb Code   114  usb_device.o(.text.MX_USB_DEVICE_Init)
    MemManage_Handler                        0x08002a39   Thumb Code     2  stm32f1xx_it.o(.text.MemManage_Handler)
    NMI_Handler                              0x08002a3d   Thumb Code     2  stm32f1xx_it.o(.text.NMI_Handler)
    PendSV_Handler                           0x08002a41   Thumb Code     2  stm32f1xx_it.o(.text.PendSV_Handler)
    SVC_Handler                              0x08002a45   Thumb Code     2  stm32f1xx_it.o(.text.SVC_Handler)
    SysTick_Handler                          0x08002a49   Thumb Code     4  stm32f1xx_it.o(.text.SysTick_Handler)
    SystemClock_Config                       0x08002a4d   Thumb Code   146  main.o(.text.SystemClock_Config)
    SystemInit                               0x08002ae1   Thumb Code     2  system_stm32f1xx.o(.text.SystemInit)
    USBD_CDC_GetDeviceQualifierDescriptor    0x08002bd1   Thumb Code    16  usbd_cdc.o(.text.USBD_CDC_GetDeviceQualifierDescriptor)
    USBD_CDC_ReceivePacket                   0x08002c95   Thumb Code    42  usbd_cdc.o(.text.USBD_CDC_ReceivePacket)
    USBD_CDC_RegisterInterface               0x08002cc1   Thumb Code    14  usbd_cdc.o(.text.USBD_CDC_RegisterInterface)
    USBD_CDC_SetRxBuffer                     0x08002cd1   Thumb Code    12  usbd_cdc.o(.text.USBD_CDC_SetRxBuffer)
    USBD_CDC_SetTxBuffer                     0x08002cdd   Thumb Code    16  usbd_cdc.o(.text.USBD_CDC_SetTxBuffer)
    USBD_CDC_TransmitPacket                  0x08002de1   Thumb Code    56  usbd_cdc.o(.text.USBD_CDC_TransmitPacket)
    USBD_ClrClassConfig                      0x08002e19   Thumb Code    14  usbd_core.o(.text.USBD_ClrClassConfig)
    USBD_CtlContinueRx                       0x08002e29   Thumb Code    16  usbd_ioreq.o(.text.USBD_CtlContinueRx)
    USBD_CtlContinueSendData                 0x08002e39   Thumb Code    16  usbd_ioreq.o(.text.USBD_CtlContinueSendData)
    USBD_CtlError                            0x08002e49   Thumb Code    22  usbd_ctlreq.o(.text.USBD_CtlError)
    USBD_CtlPrepareRx                        0x08002e61   Thumb Code    26  usbd_ioreq.o(.text.USBD_CtlPrepareRx)
    USBD_CtlReceiveStatus                    0x08002e7d   Thumb Code    22  usbd_ioreq.o(.text.USBD_CtlReceiveStatus)
    USBD_CtlSendData                         0x08002e95   Thumb Code    26  usbd_ioreq.o(.text.USBD_CtlSendData)
    USBD_CtlSendStatus                       0x08002eb1   Thumb Code    22  usbd_ioreq.o(.text.USBD_CtlSendStatus)
    USBD_FS_ConfigStrDescriptor              0x08002ec9   Thumb Code    36  usbd_desc.o(.text.USBD_FS_ConfigStrDescriptor)
    USBD_FS_DeviceDescriptor                 0x08002eed   Thumb Code    14  usbd_desc.o(.text.USBD_FS_DeviceDescriptor)
    USBD_FS_InterfaceStrDescriptor           0x08002efd   Thumb Code    40  usbd_desc.o(.text.USBD_FS_InterfaceStrDescriptor)
    USBD_FS_LangIDStrDescriptor              0x08002f25   Thumb Code    14  usbd_desc.o(.text.USBD_FS_LangIDStrDescriptor)
    USBD_FS_ManufacturerStrDescriptor        0x08002f35   Thumb Code    44  usbd_desc.o(.text.USBD_FS_ManufacturerStrDescriptor)
    USBD_FS_ProductStrDescriptor             0x08002f61   Thumb Code    48  usbd_desc.o(.text.USBD_FS_ProductStrDescriptor)
    USBD_FS_SerialStrDescriptor              0x08002f91   Thumb Code   364  usbd_desc.o(.text.USBD_FS_SerialStrDescriptor)
    USBD_GetString                           0x080030fd   Thumb Code   210  usbd_ctlreq.o(.text.USBD_GetString)
    USBD_Init                                0x080031d1   Thumb Code    48  usbd_core.o(.text.USBD_Init)
    USBD_LL_ClearStallEP                     0x08003201   Thumb Code    36  usbd_conf.o(.text.USBD_LL_ClearStallEP)
    USBD_LL_CloseEP                          0x08003225   Thumb Code    36  usbd_conf.o(.text.USBD_LL_CloseEP)
    USBD_LL_DataInStage                      0x08003249   Thumb Code   194  usbd_core.o(.text.USBD_LL_DataInStage)
    USBD_LL_DataOutStage                     0x0800330d   Thumb Code   134  usbd_core.o(.text.USBD_LL_DataOutStage)
    USBD_LL_GetRxDataSize                    0x08003395   Thumb Code     8  usbd_conf.o(.text.USBD_LL_GetRxDataSize)
    USBD_LL_Init                             0x0800339d   Thumb Code   134  usbd_conf.o(.text.USBD_LL_Init)
    USBD_LL_IsStallEP                        0x08003425   Thumb Code    32  usbd_conf.o(.text.USBD_LL_IsStallEP)
    USBD_LL_OpenEP                           0x08003445   Thumb Code    42  usbd_conf.o(.text.USBD_LL_OpenEP)
    USBD_LL_PrepareReceive                   0x08003471   Thumb Code    36  usbd_conf.o(.text.USBD_LL_PrepareReceive)
    USBD_LL_Reset                            0x08003495   Thumb Code    84  usbd_core.o(.text.USBD_LL_Reset)
    USBD_LL_Resume                           0x080034e9   Thumb Code    20  usbd_core.o(.text.USBD_LL_Resume)
    USBD_LL_SOF                              0x080034fd   Thumb Code    26  usbd_core.o(.text.USBD_LL_SOF)
    USBD_LL_SetSpeed                         0x08003519   Thumb Code     8  usbd_core.o(.text.USBD_LL_SetSpeed)
    USBD_LL_SetUSBAddress                    0x08003521   Thumb Code    36  usbd_conf.o(.text.USBD_LL_SetUSBAddress)
    USBD_LL_SetupStage                       0x08003545   Thumb Code    96  usbd_core.o(.text.USBD_LL_SetupStage)
    USBD_LL_StallEP                          0x080035a5   Thumb Code    36  usbd_conf.o(.text.USBD_LL_StallEP)
    USBD_LL_Start                            0x080035c9   Thumb Code    36  usbd_conf.o(.text.USBD_LL_Start)
    USBD_LL_Suspend                          0x080035ed   Thumb Code    20  usbd_core.o(.text.USBD_LL_Suspend)
    USBD_LL_Transmit                         0x08003601   Thumb Code    36  usbd_conf.o(.text.USBD_LL_Transmit)
    USBD_ParseSetupRequest                   0x08003625   Thumb Code    22  usbd_ctlreq.o(.text.USBD_ParseSetupRequest)
    USBD_RegisterClass                       0x0800363d   Thumb Code    14  usbd_core.o(.text.USBD_RegisterClass)
    USBD_SetClassConfig                      0x0800364d   Thumb Code    26  usbd_core.o(.text.USBD_SetClassConfig)
    USBD_Start                               0x08003669   Thumb Code    10  usbd_core.o(.text.USBD_Start)
    USBD_StdDevReq                           0x08003675   Thumb Code   918  usbd_ctlreq.o(.text.USBD_StdDevReq)
    USBD_StdEPReq                            0x08003a0d   Thumb Code   330  usbd_ctlreq.o(.text.USBD_StdEPReq)
    USBD_StdItfReq                           0x08003b59   Thumb Code   112  usbd_ctlreq.o(.text.USBD_StdItfReq)
    USBD_static_free                         0x08003bc9   Thumb Code     2  usbd_conf.o(.text.USBD_static_free)
    USBD_static_malloc                       0x08003bcd   Thumb Code    10  usbd_conf.o(.text.USBD_static_malloc)
    USB_ActivateEndpoint                     0x08003bd9   Thumb Code   594  stm32f1xx_ll_usb.o(.text.USB_ActivateEndpoint)
    USB_CoreInit                             0x08003e2d   Thumb Code     4  stm32f1xx_ll_usb.o(.text.USB_CoreInit)
    USB_DeactivateEndpoint                   0x08003e31   Thumb Code   260  stm32f1xx_ll_usb.o(.text.USB_DeactivateEndpoint)
    USB_DevConnect                           0x08003f35   Thumb Code     4  stm32f1xx_ll_usb.o(.text.USB_DevConnect)
    USB_DevDisconnect                        0x08003f39   Thumb Code     4  stm32f1xx_ll_usb.o(.text.USB_DevDisconnect)
    USB_DevInit                              0x08003f3d   Thumb Code    26  stm32f1xx_ll_usb.o(.text.USB_DevInit)
    USB_DisableGlobalInt                     0x08003f59   Thumb Code    20  stm32f1xx_ll_usb.o(.text.USB_DisableGlobalInt)
    USB_EP0_OutStart                         0x08003f6d   Thumb Code     4  stm32f1xx_ll_usb.o(.text.USB_EP0_OutStart)
    USB_EPClearStall                         0x08003f71   Thumb Code   126  stm32f1xx_ll_usb.o(.text.USB_EPClearStall)
    USB_EPSetStall                           0x08003ff1   Thumb Code    50  stm32f1xx_ll_usb.o(.text.USB_EPSetStall)
    USB_EPStartXfer                          0x08004025   Thumb Code  1882  stm32f1xx_ll_usb.o(.text.USB_EPStartXfer)
    USB_EnableGlobalInt                      0x08004781   Thumb Code    20  stm32f1xx_ll_usb.o(.text.USB_EnableGlobalInt)
    USB_LP_CAN1_RX0_IRQHandler               0x08004795   Thumb Code    12  stm32f1xx_it.o(.text.USB_LP_CAN1_RX0_IRQHandler)
    USB_ReadInterrupts                       0x080047a1   Thumb Code     6  stm32f1xx_ll_usb.o(.text.USB_ReadInterrupts)
    USB_ReadPMA                              0x080047a9   Thumb Code   178  stm32f1xx_ll_usb.o(.text.USB_ReadPMA)
    USB_SetCurrentMode                       0x0800485d   Thumb Code     4  stm32f1xx_ll_usb.o(.text.USB_SetCurrentMode)
    USB_SetDevAddress                        0x08004861   Thumb Code    14  stm32f1xx_ll_usb.o(.text.USB_SetDevAddress)
    USB_WritePMA                             0x08004871   Thumb Code   130  stm32f1xx_ll_usb.o(.text.USB_WritePMA)
    UsageFault_Handler                       0x080048f5   Thumb Code     2  stm32f1xx_it.o(.text.UsageFault_Handler)
    main                                     0x080048f9   Thumb Code  7254  main.o(.text.main)
    __scatterload_copy                       0x08006755   Thumb Code    14  handlers.o(i.__scatterload_copy)
    __scatterload_null                       0x08006763   Thumb Code     2  handlers.o(i.__scatterload_null)
    __scatterload_zeroinit                   0x08006765   Thumb Code    14  handlers.o(i.__scatterload_zeroinit)
    fmaxf                                    0x08006773   Thumb Code    40  fmaxf.o(i.fmaxf)
    fminf                                    0x0800679b   Thumb Code    40  fminf.o(i.fminf)
    AHBPrescTable                            0x080067c4   Data          16  system_stm32f1xx.o(.rodata.AHBPrescTable)
    APBPrescTable                            0x080067d4   Data           8  system_stm32f1xx.o(.rodata.APBPrescTable)
    Region$$Table$$Base                      0x080067f8   Number         0  anon$$obj.o(Region$$Table)
    Region$$Table$$Limit                     0x08006818   Number         0  anon$$obj.o(Region$$Table)
    FS_Desc                                  0x20000000   Data          28  usbd_desc.o(.data.FS_Desc)
    SystemCoreClock                          0x2000001c   Data           4  system_stm32f1xx.o(.data.SystemCoreClock)
    USBD_CDC                                 0x20000020   Data          56  usbd_cdc.o(.data.USBD_CDC)
    USBD_CDC_CfgFSDesc                       0x20000058   Data          67  usbd_cdc.o(.data.USBD_CDC_CfgFSDesc)
    USBD_CDC_CfgHSDesc                       0x2000009c   Data          67  usbd_cdc.o(.data.USBD_CDC_CfgHSDesc)
    USBD_CDC_OtherSpeedCfgDesc               0x200000ec   Data          67  usbd_cdc.o(.data.USBD_CDC_OtherSpeedCfgDesc)
    USBD_FS_DeviceDesc                       0x20000130   Data          18  usbd_desc.o(.data.USBD_FS_DeviceDesc)
    USBD_Interface_fops_FS                   0x20000144   Data          16  usbd_cdc_if.o(.data.USBD_Interface_fops_FS)
    USBD_LangIDDesc                          0x20000154   Data           4  usbd_desc.o(.data.USBD_LangIDDesc)
    USBD_StringSerial                        0x20000158   Data          26  usbd_desc.o(.data.USBD_StringSerial)
    done                                     0x20000174   Data           4  main.o(.data.done)
    ok                                       0x20000178   Data           4  main.o(.data.ok)
    uwTickFreq                               0x2000017c   Data           1  stm32f1xx_hal.o(.data.uwTickFreq)
    uwTickPrio                               0x20000180   Data           4  stm32f1xx_hal.o(.data.uwTickPrio)
    Cur_ENC1                                 0x20000188   Data           4  main.o(.bss.Cur_ENC1)
    Cur_ENC2                                 0x2000018c   Data           4  main.o(.bss.Cur_ENC2)
    Delta_ENC1                               0x20000190   Data           4  main.o(.bss.Delta_ENC1)
    Delta_ENC2                               0x20000194   Data           4  main.o(.bss.Delta_ENC2)
    JS                                       0x20000198   Data           8  main.o(.bss.JS)
    JS_Cal_X                                 0x200001a0   Data           8  main.o(.bss.JS_Cal_X)
    JS_Cal_Y                                 0x200001a8   Data           8  main.o(.bss.JS_Cal_Y)
    Nstep                                    0x200001b0   Data           4  main.o(.bss.Nstep)
    Prev_ENC1                                0x200001b4   Data           4  main.o(.bss.Prev_ENC1)
    Prev_ENC2                                0x200001b8   Data           4  main.o(.bss.Prev_ENC2)
    Spd                                      0x200001bc   Data           4  main.o(.bss.Spd)
    USBD_StrDesc                             0x200001c4   Data         512  usbd_desc.o(.bss.USBD_StrDesc)
    UserRxBufferFS                           0x200005e4   Data        1000  usbd_cdc_if.o(.bss.UserRxBufferFS)
    UserTxBufferFS                           0x200009cc   Data        1000  usbd_cdc_if.o(.bss.UserTxBufferFS)
    buffer                                   0x20000db4   Data          64  usbd_cdc_if.o(.bss.buffer)
    hUsbDeviceFS                             0x20000df4   Data         708  usb_device.o(.bss.hUsbDeviceFS)
    hadc1                                    0x200010b8   Data          48  adc.o(.bss.hadc1)
    hpcd_USB_FS                              0x200010e8   Data         748  usbd_conf.o(.bss.hpcd_USB_FS)
    htim2                                    0x200013d4   Data          72  tim.o(.bss.htim2)
    htim3                                    0x2000141c   Data          72  tim.o(.bss.htim3)
    len                                      0x20001464   Data           4  usbd_cdc_if.o(.bss.len)
    uwTick                                   0x20001468   Data           4  stm32f1xx_hal.o(.bss.uwTick)
    __initial_sp                             0x20001870   Data           0  startup_stm32f103xb.o(STACK)



==============================================================================

Memory Map of the image

  Image Entry point : 0x080000ed

  Load Region LR_IROM1 (Base: 0x08000000, Size: 0x000069a0, Max: 0x00010000, ABSOLUTE, COMPRESSED[0x000068e0])

    Execution Region ER_IROM1 (Exec base: 0x08000000, Load base: 0x08000000, Size: 0x00006818, Max: 0x00010000, ABSOLUTE)

    Exec Addr    Load Addr    Size         Type   Attr      Idx    E Section Name        Object

    0x08000000   0x08000000   0x000000ec   Data   RO            3    RESET               startup_stm32f103xb.o
    0x080000ec   0x080000ec   0x00000000   Code   RO         1326  * .ARM.Collect$$$$00000000  mc_w.l(entry.o)
    0x080000ec   0x080000ec   0x00000004   Code   RO         1343    .ARM.Collect$$$$00000001  mc_w.l(entry2.o)
    0x080000f0   0x080000f0   0x00000004   Code   RO         1346    .ARM.Collect$$$$00000004  mc_w.l(entry5.o)
    0x080000f4   0x080000f4   0x00000000   Code   RO         1348    .ARM.Collect$$$$00000008  mc_w.l(entry7b.o)
    0x080000f4   0x080000f4   0x00000000   Code   RO         1350    .ARM.Collect$$$$0000000A  mc_w.l(entry8b.o)
    0x080000f4   0x080000f4   0x00000008   Code   RO         1351    .ARM.Collect$$$$0000000B  mc_w.l(entry9a.o)
    0x080000fc   0x080000fc   0x00000000   Code   RO         1353    .ARM.Collect$$$$0000000D  mc_w.l(entry10a.o)
    0x080000fc   0x080000fc   0x00000000   Code   RO         1355    .ARM.Collect$$$$0000000F  mc_w.l(entry11a.o)
    0x080000fc   0x080000fc   0x00000004   Code   RO         1344    .ARM.Collect$$$$00002712  mc_w.l(entry2.o)
    0x08000100   0x08000100   0x00000024   Code   RO            4    .text               startup_stm32f103xb.o
    0x08000124   0x08000124   0x00000024   Code   RO         1329    .text               mc_w.l(memcpya.o)
    0x08000148   0x08000148   0x00000024   Code   RO         1331    .text               mc_w.l(memseta.o)
    0x0800016c   0x0800016c   0x0000000e   Code   RO         1333    .text               mc_w.l(strlen.o)
    0x0800017a   0x0800017a   0x000000b0   Code   RO         1337    .text               mf_w.l(fadd.o)
    0x0800022a   0x0800022a   0x00000012   Code   RO         1339    .text               mf_w.l(fflti.o)
    0x0800023c   0x0800023c   0x00000032   Code   RO         1341    .text               mf_w.l(ffixi.o)
    0x0800026e   0x0800026e   0x00000000   Code   RO         1357    .text               mc_w.l(iusefp.o)
    0x0800026e   0x0800026e   0x0000006e   Code   RO         1358    .text               mf_w.l(fepilogue.o)
    0x080002dc   0x080002dc   0x00000036   Code   RO         1360    .text               mf_w.l(fcmp4.o)
    0x08000312   0x08000312   0x00000002   PAD
    0x08000314   0x08000314   0x00000024   Code   RO         1362    .text               mc_w.l(init.o)
    0x08000338   0x08000338   0x00000056   Code   RO         1372    .text               mc_w.l(__dczerorl2.o)
    0x0800038e   0x0800038e   0x00000002   PAD
    0x08000390   0x08000390   0x00000002   Code   RO           99    .text.BusFault_Handler  stm32f1xx_it.o
    0x08000392   0x08000392   0x00000002   PAD
    0x08000394   0x08000394   0x00000004   Code   RO          169    .text.CDC_Control_FS  usbd_cdc_if.o
    0x08000398   0x08000398   0x00000004   Code   RO          167    .text.CDC_DeInit_FS  usbd_cdc_if.o
    0x0800039c   0x0800039c   0x0000002c   Code   RO          165    .text.CDC_Init_FS   usbd_cdc_if.o
    0x080003c8   0x080003c8   0x00000076   Code   RO          171    .text.CDC_Receive_FS  usbd_cdc_if.o
    0x0800043e   0x0800043e   0x00000002   PAD
    0x08000440   0x08000440   0x00000036   Code   RO          173    .text.CDC_Transmit_FS  usbd_cdc_if.o
    0x08000476   0x08000476   0x00000002   PAD
    0x08000478   0x08000478   0x00000002   Code   RO          105    .text.DebugMon_Handler  stm32f1xx_it.o
    0x0800047a   0x0800047a   0x00000002   PAD
    0x0800047c   0x0800047c   0x0000000a   Code   RO           25    .text.Error_Handler  main.o
    0x08000486   0x08000486   0x00000002   PAD
    0x08000488   0x08000488   0x00000152   Code   RO          806    .text.HAL_ADC_ConfigChannel  stm32f1xx_hal_adc.o
    0x080005da   0x080005da   0x00000002   PAD
    0x080005dc   0x080005dc   0x00000006   Code   RO          794    .text.HAL_ADC_GetValue  stm32f1xx_hal_adc.o
    0x080005e2   0x080005e2   0x00000002   PAD
    0x080005e4   0x080005e4   0x0000014e   Code   RO          760    .text.HAL_ADC_Init  stm32f1xx_hal_adc.o
    0x08000732   0x08000732   0x00000002   PAD
    0x08000734   0x08000734   0x00000064   Code   RO           62    .text.HAL_ADC_MspInit  adc.o
    0x08000798   0x08000798   0x000001ba   Code   RO          776    .text.HAL_ADC_PollForConversion  stm32f1xx_hal_adc.o
    0x08000952   0x08000952   0x00000002   PAD
    0x08000954   0x08000954   0x00000140   Code   RO          770    .text.HAL_ADC_Start  stm32f1xx_hal_adc.o
    0x08000a94   0x08000a94   0x00000070   Code   RO          774    .text.HAL_ADC_Stop  stm32f1xx_hal_adc.o
    0x08000b04   0x08000b04   0x00000028   Code   RO          446    .text.HAL_Delay     stm32f1xx_hal.o
    0x08000b2c   0x08000b2c   0x00000216   Code   RO          539    .text.HAL_GPIO_Init  stm32f1xx_hal_gpio.o
    0x08000d42   0x08000d42   0x00000002   PAD
    0x08000d44   0x08000d44   0x0000000a   Code   RO          543    .text.HAL_GPIO_ReadPin  stm32f1xx_hal_gpio.o
    0x08000d4e   0x08000d4e   0x00000002   PAD
    0x08000d50   0x08000d50   0x0000000a   Code   RO          545    .text.HAL_GPIO_WritePin  stm32f1xx_hal_gpio.o
    0x08000d5a   0x08000d5a   0x00000002   PAD
    0x08000d5c   0x08000d5c   0x0000000c   Code   RO          438    .text.HAL_GetTick   stm32f1xx_hal.o
    0x08000d68   0x08000d68   0x0000001a   Code   RO          436    .text.HAL_IncTick   stm32f1xx_hal.o
    0x08000d82   0x08000d82   0x00000002   PAD
    0x08000d84   0x08000d84   0x00000026   Code   RO          426    .text.HAL_Init      stm32f1xx_hal.o
    0x08000daa   0x08000daa   0x00000002   PAD
    0x08000dac   0x08000dac   0x00000050   Code   RO          428    .text.HAL_InitTick  stm32f1xx_hal.o
    0x08000dfc   0x08000dfc   0x00000042   Code   RO          120    .text.HAL_MspInit   stm32f1xx_hal_msp.o
    0x08000e3e   0x08000e3e   0x00000002   PAD
    0x08000e40   0x08000e40   0x00000020   Code   RO          599    .text.HAL_NVIC_EnableIRQ  stm32f1xx_hal_cortex.o
    0x08000e60   0x08000e60   0x00000056   Code   RO          597    .text.HAL_NVIC_SetPriority  stm32f1xx_hal_cortex.o
    0x08000eb6   0x08000eb6   0x00000002   PAD
    0x08000eb8   0x08000eb8   0x00000020   Code   RO          595    .text.HAL_NVIC_SetPriorityGrouping  stm32f1xx_hal_cortex.o
    0x08000ed8   0x08000ed8   0x0000003a   Code   RO          348    .text.HAL_PCDEx_PMAConfig  stm32f1xx_hal_pcd_ex.o
    0x08000f12   0x08000f12   0x00000002   PAD
    0x08000f14   0x08000f14   0x00000002   Code   RO          248    .text.HAL_PCDEx_SetConnectionState  usbd_conf.o
    0x08000f16   0x08000f16   0x00000002   PAD
    0x08000f18   0x08000f18   0x00000014   Code   RO          196    .text.HAL_PCD_DataInStageCallback  usbd_conf.o
    0x08000f2c   0x08000f2c   0x00000016   Code   RO          194    .text.HAL_PCD_DataOutStageCallback  usbd_conf.o
    0x08000f42   0x08000f42   0x00000002   PAD
    0x08000f44   0x08000f44   0x0000004c   Code   RO          320    .text.HAL_PCD_EP_Close  stm32f1xx_hal_pcd.o
    0x08000f90   0x08000f90   0x0000005e   Code   RO          330    .text.HAL_PCD_EP_ClrStall  stm32f1xx_hal_pcd.o
    0x08000fee   0x08000fee   0x00000002   PAD
    0x08000ff0   0x08000ff0   0x00000012   Code   RO          324    .text.HAL_PCD_EP_GetRxCount  stm32f1xx_hal_pcd.o
    0x08001002   0x08001002   0x00000002   PAD
    0x08001004   0x08001004   0x00000060   Code   RO          318    .text.HAL_PCD_EP_Open  stm32f1xx_hal_pcd.o
    0x08001064   0x08001064   0x00000032   Code   RO          322    .text.HAL_PCD_EP_Receive  stm32f1xx_hal_pcd.o
    0x08001096   0x08001096   0x00000002   PAD
    0x08001098   0x08001098   0x0000006c   Code   RO          328    .text.HAL_PCD_EP_SetStall  stm32f1xx_hal_pcd.o
    0x08001104   0x08001104   0x00000036   Code   RO          326    .text.HAL_PCD_EP_Transmit  stm32f1xx_hal_pcd.o
    0x0800113a   0x0800113a   0x00000002   PAD
    0x0800113c   0x0800113c   0x000007b8   Code   RO          286    .text.HAL_PCD_IRQHandler  stm32f1xx_hal_pcd.o
    0x080018f4   0x080018f4   0x000000f6   Code   RO          274    .text.HAL_PCD_Init  stm32f1xx_hal_pcd.o
    0x080019ea   0x080019ea   0x00000002   PAD
    0x080019ec   0x080019ec   0x00000046   Code   RO          188    .text.HAL_PCD_MspInit  usbd_conf.o
    0x08001a32   0x08001a32   0x00000002   PAD
    0x08001a34   0x08001a34   0x00000024   Code   RO          200    .text.HAL_PCD_ResetCallback  usbd_conf.o
    0x08001a58   0x08001a58   0x00000008   Code   RO          204    .text.HAL_PCD_ResumeCallback  usbd_conf.o
    0x08001a60   0x08001a60   0x00000008   Code   RO          198    .text.HAL_PCD_SOFCallback  usbd_conf.o
    0x08001a68   0x08001a68   0x00000028   Code   RO          290    .text.HAL_PCD_SetAddress  stm32f1xx_hal_pcd.o
    0x08001a90   0x08001a90   0x0000000e   Code   RO          192    .text.HAL_PCD_SetupStageCallback  usbd_conf.o
    0x08001a9e   0x08001a9e   0x00000002   PAD
    0x08001aa0   0x08001aa0   0x00000032   Code   RO          282    .text.HAL_PCD_Start  stm32f1xx_hal_pcd.o
    0x08001ad2   0x08001ad2   0x00000002   PAD
    0x08001ad4   0x08001ad4   0x00000026   Code   RO          202    .text.HAL_PCD_SuspendCallback  usbd_conf.o
    0x08001afa   0x08001afa   0x00000002   PAD
    0x08001afc   0x08001afc   0x000000ec   Code   RO          529    .text.HAL_RCCEx_GetPeriphCLKFreq  stm32f1xx_hal_rcc_ex.o
    0x08001be8   0x08001be8   0x00000106   Code   RO          525    .text.HAL_RCCEx_PeriphCLKConfig  stm32f1xx_hal_rcc_ex.o
    0x08001cee   0x08001cee   0x00000002   PAD
    0x08001cf0   0x08001cf0   0x000001ba   Code   RO          491    .text.HAL_RCC_ClockConfig  stm32f1xx_hal_rcc.o
    0x08001eaa   0x08001eaa   0x00000002   PAD
    0x08001eac   0x08001eac   0x0000000c   Code   RO          501    .text.HAL_RCC_GetHCLKFreq  stm32f1xx_hal_rcc.o
    0x08001eb8   0x08001eb8   0x00000026   Code   RO          505    .text.HAL_RCC_GetPCLK2Freq  stm32f1xx_hal_rcc.o
    0x08001ede   0x08001ede   0x00000002   PAD
    0x08001ee0   0x08001ee0   0x000003a8   Code   RO          489    .text.HAL_RCC_OscConfig  stm32f1xx_hal_rcc.o
    0x08002288   0x08002288   0x0000002c   Code   RO          607    .text.HAL_SYSTICK_Config  stm32f1xx_hal_cortex.o
    0x080022b4   0x080022b4   0x00000076   Code   RO         1150    .text.HAL_TIMEx_MasterConfigSynchronization  stm32f1xx_hal_tim_ex.o
    0x0800232a   0x0800232a   0x00000002   PAD
    0x0800232c   0x0800232c   0x00000138   Code   RO          970    .text.HAL_TIM_Encoder_Init  stm32f1xx_hal_tim.o
    0x08002464   0x08002464   0x000000f6   Code   RO           79    .text.HAL_TIM_Encoder_MspInit  tim.o
    0x0800255a   0x0800255a   0x00000002   PAD
    0x0800255c   0x0800255c   0x000000b8   Code   RO          978    .text.HAL_TIM_Encoder_Start  stm32f1xx_hal_tim.o
    0x08002614   0x08002614   0x00000002   Code   RO           95    .text.HardFault_Handler  stm32f1xx_it.o
    0x08002616   0x08002616   0x00000002   PAD
    0x08002618   0x08002618   0x00000196   Code   RO           17    .text.JS_Calibration  main.o
    0x080027ae   0x080027ae   0x00000002   PAD
    0x080027b0   0x080027b0   0x00000040   Code   RO           60    .text.MX_ADC1_Init  adc.o
    0x080027f0   0x080027f0   0x00000100   Code   RO           51    .text.MX_GPIO_Init  gpio.o
    0x080028f0   0x080028f0   0x00000066   Code   RO           75    .text.MX_TIM2_Init  tim.o
    0x08002956   0x08002956   0x00000002   PAD
    0x08002958   0x08002958   0x0000006a   Code   RO           77    .text.MX_TIM3_Init  tim.o
    0x080029c2   0x080029c2   0x00000002   PAD
    0x080029c4   0x080029c4   0x00000072   Code   RO          129    .text.MX_USB_DEVICE_Init  usb_device.o
    0x08002a36   0x08002a36   0x00000002   PAD
    0x08002a38   0x08002a38   0x00000002   Code   RO           97    .text.MemManage_Handler  stm32f1xx_it.o
    0x08002a3a   0x08002a3a   0x00000002   PAD
    0x08002a3c   0x08002a3c   0x00000002   Code   RO           93    .text.NMI_Handler   stm32f1xx_it.o
    0x08002a3e   0x08002a3e   0x00000002   PAD
    0x08002a40   0x08002a40   0x00000002   Code   RO          107    .text.PendSV_Handler  stm32f1xx_it.o
    0x08002a42   0x08002a42   0x00000002   PAD
    0x08002a44   0x08002a44   0x00000002   Code   RO          103    .text.SVC_Handler   stm32f1xx_it.o
    0x08002a46   0x08002a46   0x00000002   PAD
    0x08002a48   0x08002a48   0x00000004   Code   RO          109    .text.SysTick_Handler  stm32f1xx_it.o
    0x08002a4c   0x08002a4c   0x00000092   Code   RO           21    .text.SystemClock_Config  main.o
    0x08002ade   0x08002ade   0x00000002   PAD
    0x08002ae0   0x08002ae0   0x00000002   Code   RO         1174    .text.SystemInit    system_stm32f1xx.o
    0x08002ae2   0x08002ae2   0x00000002   PAD
    0x08002ae4   0x08002ae4   0x00000050   Code   RO         1288    .text.USBD_CDC_DataIn  usbd_cdc.o
    0x08002b34   0x08002b34   0x0000002e   Code   RO         1290    .text.USBD_CDC_DataOut  usbd_cdc.o
    0x08002b62   0x08002b62   0x00000002   PAD
    0x08002b64   0x08002b64   0x00000042   Code   RO         1282    .text.USBD_CDC_DeInit  usbd_cdc.o
    0x08002ba6   0x08002ba6   0x00000002   PAD
    0x08002ba8   0x08002ba8   0x00000028   Code   RO         1286    .text.USBD_CDC_EP0_RxReady  usbd_cdc.o
    0x08002bd0   0x08002bd0   0x00000010   Code   RO         1298    .text.USBD_CDC_GetDeviceQualifierDescriptor  usbd_cdc.o
    0x08002be0   0x08002be0   0x00000010   Code   RO         1294    .text.USBD_CDC_GetFSCfgDesc  usbd_cdc.o
    0x08002bf0   0x08002bf0   0x00000010   Code   RO         1292    .text.USBD_CDC_GetHSCfgDesc  usbd_cdc.o
    0x08002c00   0x08002c00   0x00000010   Code   RO         1296    .text.USBD_CDC_GetOtherSpeedCfgDesc  usbd_cdc.o
    0x08002c10   0x08002c10   0x00000082   Code   RO         1280    .text.USBD_CDC_Init  usbd_cdc.o
    0x08002c92   0x08002c92   0x00000002   PAD
    0x08002c94   0x08002c94   0x0000002a   Code   RO         1308    .text.USBD_CDC_ReceivePacket  usbd_cdc.o
    0x08002cbe   0x08002cbe   0x00000002   PAD
    0x08002cc0   0x08002cc0   0x0000000e   Code   RO         1300    .text.USBD_CDC_RegisterInterface  usbd_cdc.o
    0x08002cce   0x08002cce   0x00000002   PAD
    0x08002cd0   0x08002cd0   0x0000000c   Code   RO         1304    .text.USBD_CDC_SetRxBuffer  usbd_cdc.o
    0x08002cdc   0x08002cdc   0x00000010   Code   RO         1302    .text.USBD_CDC_SetTxBuffer  usbd_cdc.o
    0x08002cec   0x08002cec   0x000000f2   Code   RO         1284    .text.USBD_CDC_Setup  usbd_cdc.o
    0x08002dde   0x08002dde   0x00000002   PAD
    0x08002de0   0x08002de0   0x00000038   Code   RO         1306    .text.USBD_CDC_TransmitPacket  usbd_cdc.o
    0x08002e18   0x08002e18   0x0000000e   Code   RO         1203    .text.USBD_ClrClassConfig  usbd_core.o
    0x08002e26   0x08002e26   0x00000002   PAD
    0x08002e28   0x08002e28   0x00000010   Code   RO         1264    .text.USBD_CtlContinueRx  usbd_ioreq.o
    0x08002e38   0x08002e38   0x00000010   Code   RO         1260    .text.USBD_CtlContinueSendData  usbd_ioreq.o
    0x08002e48   0x08002e48   0x00000016   Code   RO         1239    .text.USBD_CtlError  usbd_ctlreq.o
    0x08002e5e   0x08002e5e   0x00000002   PAD
    0x08002e60   0x08002e60   0x0000001a   Code   RO         1262    .text.USBD_CtlPrepareRx  usbd_ioreq.o
    0x08002e7a   0x08002e7a   0x00000002   PAD
    0x08002e7c   0x08002e7c   0x00000016   Code   RO         1268    .text.USBD_CtlReceiveStatus  usbd_ioreq.o
    0x08002e92   0x08002e92   0x00000002   PAD
    0x08002e94   0x08002e94   0x0000001a   Code   RO         1258    .text.USBD_CtlSendData  usbd_ioreq.o
    0x08002eae   0x08002eae   0x00000002   PAD
    0x08002eb0   0x08002eb0   0x00000016   Code   RO         1266    .text.USBD_CtlSendStatus  usbd_ioreq.o
    0x08002ec6   0x08002ec6   0x00000002   PAD
    0x08002ec8   0x08002ec8   0x00000024   Code   RO          148    .text.USBD_FS_ConfigStrDescriptor  usbd_desc.o
    0x08002eec   0x08002eec   0x0000000e   Code   RO          138    .text.USBD_FS_DeviceDescriptor  usbd_desc.o
    0x08002efa   0x08002efa   0x00000002   PAD
    0x08002efc   0x08002efc   0x00000028   Code   RO          150    .text.USBD_FS_InterfaceStrDescriptor  usbd_desc.o
    0x08002f24   0x08002f24   0x0000000e   Code   RO          140    .text.USBD_FS_LangIDStrDescriptor  usbd_desc.o
    0x08002f32   0x08002f32   0x00000002   PAD
    0x08002f34   0x08002f34   0x0000002c   Code   RO          142    .text.USBD_FS_ManufacturerStrDescriptor  usbd_desc.o
    0x08002f60   0x08002f60   0x00000030   Code   RO          144    .text.USBD_FS_ProductStrDescriptor  usbd_desc.o
    0x08002f90   0x08002f90   0x0000016c   Code   RO          146    .text.USBD_FS_SerialStrDescriptor  usbd_desc.o
    0x080030fc   0x080030fc   0x000000d2   Code   RO         1247    .text.USBD_GetString  usbd_ctlreq.o
    0x080031ce   0x080031ce   0x00000002   PAD
    0x080031d0   0x080031d0   0x00000030   Code   RO         1189    .text.USBD_Init     usbd_core.o
    0x08003200   0x08003200   0x00000024   Code   RO          230    .text.USBD_LL_ClearStallEP  usbd_conf.o
    0x08003224   0x08003224   0x00000024   Code   RO          224    .text.USBD_LL_CloseEP  usbd_conf.o
    0x08003248   0x08003248   0x000000c2   Code   RO         1209    .text.USBD_LL_DataInStage  usbd_core.o
    0x0800330a   0x0800330a   0x00000002   PAD
    0x0800330c   0x0800330c   0x00000086   Code   RO         1207    .text.USBD_LL_DataOutStage  usbd_core.o
    0x08003392   0x08003392   0x00000002   PAD
    0x08003394   0x08003394   0x00000008   Code   RO          240    .text.USBD_LL_GetRxDataSize  usbd_conf.o
    0x0800339c   0x0800339c   0x00000086   Code   RO          214    .text.USBD_LL_Init  usbd_conf.o
    0x08003422   0x08003422   0x00000002   PAD
    0x08003424   0x08003424   0x00000020   Code   RO          232    .text.USBD_LL_IsStallEP  usbd_conf.o
    0x08003444   0x08003444   0x0000002a   Code   RO          222    .text.USBD_LL_OpenEP  usbd_conf.o
    0x0800346e   0x0800346e   0x00000002   PAD
    0x08003470   0x08003470   0x00000024   Code   RO          238    .text.USBD_LL_PrepareReceive  usbd_conf.o
    0x08003494   0x08003494   0x00000054   Code   RO         1211    .text.USBD_LL_Reset  usbd_core.o
    0x080034e8   0x080034e8   0x00000014   Code   RO         1217    .text.USBD_LL_Resume  usbd_core.o
    0x080034fc   0x080034fc   0x0000001a   Code   RO         1219    .text.USBD_LL_SOF   usbd_core.o
    0x08003516   0x08003516   0x00000002   PAD
    0x08003518   0x08003518   0x00000008   Code   RO         1213    .text.USBD_LL_SetSpeed  usbd_core.o
    0x08003520   0x08003520   0x00000024   Code   RO          234    .text.USBD_LL_SetUSBAddress  usbd_conf.o
    0x08003544   0x08003544   0x00000060   Code   RO         1205    .text.USBD_LL_SetupStage  usbd_core.o
    0x080035a4   0x080035a4   0x00000024   Code   RO          228    .text.USBD_LL_StallEP  usbd_conf.o
    0x080035c8   0x080035c8   0x00000024   Code   RO          218    .text.USBD_LL_Start  usbd_conf.o
    0x080035ec   0x080035ec   0x00000014   Code   RO         1215    .text.USBD_LL_Suspend  usbd_core.o
    0x08003600   0x08003600   0x00000024   Code   RO          236    .text.USBD_LL_Transmit  usbd_conf.o
    0x08003624   0x08003624   0x00000016   Code   RO         1245    .text.USBD_ParseSetupRequest  usbd_ctlreq.o
    0x0800363a   0x0800363a   0x00000002   PAD
    0x0800363c   0x0800363c   0x0000000e   Code   RO         1193    .text.USBD_RegisterClass  usbd_core.o
    0x0800364a   0x0800364a   0x00000002   PAD
    0x0800364c   0x0800364c   0x0000001a   Code   RO         1201    .text.USBD_SetClassConfig  usbd_core.o
    0x08003666   0x08003666   0x00000002   PAD
    0x08003668   0x08003668   0x0000000a   Code   RO         1195    .text.USBD_Start    usbd_core.o
    0x08003672   0x08003672   0x00000002   PAD
    0x08003674   0x08003674   0x00000396   Code   RO         1237    .text.USBD_StdDevReq  usbd_ctlreq.o
    0x08003a0a   0x08003a0a   0x00000002   PAD
    0x08003a0c   0x08003a0c   0x0000014a   Code   RO         1243    .text.USBD_StdEPReq  usbd_ctlreq.o
    0x08003b56   0x08003b56   0x00000002   PAD
    0x08003b58   0x08003b58   0x00000070   Code   RO         1241    .text.USBD_StdItfReq  usbd_ctlreq.o
    0x08003bc8   0x08003bc8   0x00000002   Code   RO          246    .text.USBD_static_free  usbd_conf.o
    0x08003bca   0x08003bca   0x00000002   PAD
    0x08003bcc   0x08003bcc   0x0000000a   Code   RO          244    .text.USBD_static_malloc  usbd_conf.o
    0x08003bd6   0x08003bd6   0x00000002   PAD
    0x08003bd8   0x08003bd8   0x00000252   Code   RO          378    .text.USB_ActivateEndpoint  stm32f1xx_ll_usb.o
    0x08003e2a   0x08003e2a   0x00000002   PAD
    0x08003e2c   0x08003e2c   0x00000004   Code   RO          364    .text.USB_CoreInit  stm32f1xx_ll_usb.o
    0x08003e30   0x08003e30   0x00000104   Code   RO          380    .text.USB_DeactivateEndpoint  stm32f1xx_ll_usb.o
    0x08003f34   0x08003f34   0x00000004   Code   RO          394    .text.USB_DevConnect  stm32f1xx_ll_usb.o
    0x08003f38   0x08003f38   0x00000004   Code   RO          396    .text.USB_DevDisconnect  stm32f1xx_ll_usb.o
    0x08003f3c   0x08003f3c   0x0000001a   Code   RO          372    .text.USB_DevInit   stm32f1xx_ll_usb.o
    0x08003f56   0x08003f56   0x00000002   PAD
    0x08003f58   0x08003f58   0x00000014   Code   RO          368    .text.USB_DisableGlobalInt  stm32f1xx_ll_usb.o
    0x08003f6c   0x08003f6c   0x00000004   Code   RO          410    .text.USB_EP0_OutStart  stm32f1xx_ll_usb.o
    0x08003f70   0x08003f70   0x0000007e   Code   RO          388    .text.USB_EPClearStall  stm32f1xx_ll_usb.o
    0x08003fee   0x08003fee   0x00000002   PAD
    0x08003ff0   0x08003ff0   0x00000032   Code   RO          386    .text.USB_EPSetStall  stm32f1xx_ll_usb.o
    0x08004022   0x08004022   0x00000002   PAD
    0x08004024   0x08004024   0x0000075a   Code   RO          382    .text.USB_EPStartXfer  stm32f1xx_ll_usb.o
    0x0800477e   0x0800477e   0x00000002   PAD
    0x08004780   0x08004780   0x00000014   Code   RO          366    .text.USB_EnableGlobalInt  stm32f1xx_ll_usb.o
    0x08004794   0x08004794   0x0000000c   Code   RO          111    .text.USB_LP_CAN1_RX0_IRQHandler  stm32f1xx_it.o
    0x080047a0   0x080047a0   0x00000006   Code   RO          398    .text.USB_ReadInterrupts  stm32f1xx_ll_usb.o
    0x080047a6   0x080047a6   0x00000002   PAD
    0x080047a8   0x080047a8   0x000000b2   Code   RO          416    .text.USB_ReadPMA   stm32f1xx_ll_usb.o
    0x0800485a   0x0800485a   0x00000002   PAD
    0x0800485c   0x0800485c   0x00000004   Code   RO          370    .text.USB_SetCurrentMode  stm32f1xx_ll_usb.o
    0x08004860   0x08004860   0x0000000e   Code   RO          392    .text.USB_SetDevAddress  stm32f1xx_ll_usb.o
    0x0800486e   0x0800486e   0x00000002   PAD
    0x08004870   0x08004870   0x00000082   Code   RO          384    .text.USB_WritePMA  stm32f1xx_ll_usb.o
    0x080048f2   0x080048f2   0x00000002   PAD
    0x080048f4   0x080048f4   0x00000002   Code   RO          101    .text.UsageFault_Handler  stm32f1xx_it.o
    0x080048f6   0x080048f6   0x00000002   PAD
    0x080048f8   0x080048f8   0x00001c56   Code   RO           19    .text.main          main.o
    0x0800654e   0x0800654e   0x00000002   PAD
    0x08006550   0x08006550   0x00000204   Code   RO           23    .text.to_num        main.o
    0x08006754   0x08006754   0x0000000e   Code   RO         1366    i.__scatterload_copy  mc_w.l(handlers.o)
    0x08006762   0x08006762   0x00000002   Code   RO         1367    i.__scatterload_null  mc_w.l(handlers.o)
    0x08006764   0x08006764   0x0000000e   Code   RO         1368    i.__scatterload_zeroinit  mc_w.l(handlers.o)
    0x08006772   0x08006772   0x00000028   Code   RO         1322    i.fmaxf             m_ws.l(fmaxf.o)
    0x0800679a   0x0800679a   0x00000028   Code   RO         1324    i.fminf             m_ws.l(fminf.o)
    0x080067c2   0x080067c2   0x00000002   Data   RO          516    .rodata..L__const.HAL_RCC_GetSysClockFreq.aPredivFactorTable  stm32f1xx_hal_rcc.o
    0x080067c4   0x080067c4   0x00000010   Data   RO         1179    .rodata.AHBPrescTable  system_stm32f1xx.o
    0x080067d4   0x080067d4   0x00000008   Data   RO         1180    .rodata.APBPrescTable  system_stm32f1xx.o
    0x080067dc   0x080067dc   0x00000010   Data   RO          515    .rodata.cst16       stm32f1xx_hal_rcc.o
    0x080067ec   0x080067ec   0x0000000a   Data   RO           28    .rodata.str1.1      main.o
    0x080067f6   0x080067f6   0x00000002   PAD
    0x080067f8   0x080067f8   0x00000020   Data   RO         1365    Region$$Table       anon$$obj.o


    Execution Region RW_IRAM1 (Exec base: 0x20000000, Load base: 0x08006818, Size: 0x00001870, Max: 0x00005000, ABSOLUTE, COMPRESSED[0x000000c8])

    Exec Addr    Load Addr    Size         Type   Attr      Idx    E Section Name        Object

    0x20000000   COMPRESSED   0x0000001c   Data   RW          152    .data.FS_Desc       usbd_desc.o
    0x2000001c   COMPRESSED   0x00000004   Data   RW         1178    .data.SystemCoreClock  system_stm32f1xx.o
    0x20000020   COMPRESSED   0x00000038   Data   RW         1310    .data.USBD_CDC      usbd_cdc.o
    0x20000058   COMPRESSED   0x00000043   Data   RW         1312    .data.USBD_CDC_CfgFSDesc  usbd_cdc.o
    0x2000009b   COMPRESSED   0x00000001   PAD
    0x2000009c   COMPRESSED   0x00000043   Data   RW         1311    .data.USBD_CDC_CfgHSDesc  usbd_cdc.o
    0x200000df   COMPRESSED   0x00000001   PAD
    0x200000e0   COMPRESSED   0x0000000a   Data   RW         1314    .data.USBD_CDC_DeviceQualifierDesc  usbd_cdc.o
    0x200000ea   COMPRESSED   0x00000002   PAD
    0x200000ec   COMPRESSED   0x00000043   Data   RW         1313    .data.USBD_CDC_OtherSpeedCfgDesc  usbd_cdc.o
    0x2000012f   COMPRESSED   0x00000001   PAD
    0x20000130   COMPRESSED   0x00000012   Data   RW          153    .data.USBD_FS_DeviceDesc  usbd_desc.o
    0x20000142   COMPRESSED   0x00000002   PAD
    0x20000144   COMPRESSED   0x00000010   Data   RW          175    .data.USBD_Interface_fops_FS  usbd_cdc_if.o
    0x20000154   COMPRESSED   0x00000004   Data   RW          154    .data.USBD_LangIDDesc  usbd_desc.o
    0x20000158   COMPRESSED   0x0000001a   Data   RW          155    .data.USBD_StringSerial  usbd_desc.o
    0x20000172   COMPRESSED   0x00000002   PAD
    0x20000174   COMPRESSED   0x00000004   Data   RW           30    .data.done          main.o
    0x20000178   COMPRESSED   0x00000004   Data   RW           29    .data.ok            main.o
    0x2000017c   COMPRESSED   0x00000001   Data   RW          477    .data.uwTickFreq    stm32f1xx_hal.o
    0x2000017d   COMPRESSED   0x00000003   PAD
    0x20000180   COMPRESSED   0x00000004   Data   RW          476    .data.uwTickPrio    stm32f1xx_hal.o
    0x20000184   COMPRESSED   0x00000004   PAD
    0x20000188        -       0x00000004   Zero   RW           38    .bss.Cur_ENC1       main.o
    0x2000018c        -       0x00000004   Zero   RW           40    .bss.Cur_ENC2       main.o
    0x20000190        -       0x00000004   Zero   RW           39    .bss.Delta_ENC1     main.o
    0x20000194        -       0x00000004   Zero   RW           41    .bss.Delta_ENC2     main.o
    0x20000198        -       0x00000008   Zero   RW           36    .bss.JS             main.o
    0x200001a0        -       0x00000008   Zero   RW           33    .bss.JS_Cal_X       main.o
    0x200001a8        -       0x00000008   Zero   RW           34    .bss.JS_Cal_Y       main.o
    0x200001b0        -       0x00000004   Zero   RW           35    .bss.Nstep          main.o
    0x200001b4        -       0x00000004   Zero   RW           31    .bss.Prev_ENC1      main.o
    0x200001b8        -       0x00000004   Zero   RW           32    .bss.Prev_ENC2      main.o
    0x200001bc        -       0x00000004   Zero   RW           37    .bss.Spd            main.o
    0x200001c0        -       0x00000001   Zero   RW         1249    .bss.USBD_SetConfig.cfgidx  usbd_ctlreq.o
    0x200001c1   COMPRESSED   0x00000003   PAD
    0x200001c4        -       0x00000200   Zero   RW          156    .bss.USBD_StrDesc   usbd_desc.o
    0x200003c4        -       0x00000220   Zero   RW          251    .bss.USBD_static_malloc.mem  usbd_conf.o
    0x200005e4        -       0x000003e8   Zero   RW          176    .bss.UserRxBufferFS  usbd_cdc_if.o
    0x200009cc        -       0x000003e8   Zero   RW          177    .bss.UserTxBufferFS  usbd_cdc_if.o
    0x20000db4        -       0x00000040   Zero   RW          178    .bss.buffer         usbd_cdc_if.o
    0x20000df4        -       0x000002c4   Zero   RW          131    .bss.hUsbDeviceFS   usb_device.o
    0x200010b8        -       0x00000030   Zero   RW           66    .bss.hadc1          adc.o
    0x200010e8        -       0x000002ec   Zero   RW          250    .bss.hpcd_USB_FS    usbd_conf.o
    0x200013d4        -       0x00000048   Zero   RW           83    .bss.htim2          tim.o
    0x2000141c        -       0x00000048   Zero   RW           84    .bss.htim3          tim.o
    0x20001464        -       0x00000004   Zero   RW          179    .bss.len            usbd_cdc_if.o
    0x20001468        -       0x00000004   Zero   RW          478    .bss.uwTick         stm32f1xx_hal.o
    0x2000146c   COMPRESSED   0x00000004   PAD
    0x20001470        -       0x00000400   Zero   RW            1    STACK               startup_stm32f103xb.o


==============================================================================

Image component sizes


      Code (inc. data)   RO Data    RW Data    ZI Data      Debug   Object Name

       164          0          0          0         48       3834   adc.o
       256          0          0          0          0       1607   gpio.o
      8332          0         10          8         56      17618   main.o
        36          8        236          0       1024        776   startup_stm32f103xb.o
       196          0          0          5          4       5754   stm32f1xx_hal.o
      1552          0          0          0          0      12979   stm32f1xx_hal_adc.o
       194          0          0          0          0       8496   stm32f1xx_hal_cortex.o
       554         20          0          0          0       4565   stm32f1xx_hal_gpio.o
        66          0          0          0          0       1181   stm32f1xx_hal_msp.o
      2808          0          0          0          0      14447   stm32f1xx_hal_pcd.o
        58          0          0          0          0       4042   stm32f1xx_hal_pcd_ex.o
      1428          0         18          0          0       7601   stm32f1xx_hal_rcc.o
       498         20          0          0          0       3493   stm32f1xx_hal_rcc_ex.o
       496          0          0          0          0      52840   stm32f1xx_hal_tim.o
       118          0          0          0          0      20118   stm32f1xx_hal_tim_ex.o
        32          0          0          0          0        998   stm32f1xx_it.o
      3326          4          0          0          0      18958   stm32f1xx_ll_usb.o
         2          0         24          4          0       1586   system_stm32f1xx.o
       454          0          0          0        144       5627   tim.o
       114          0          0          0        708       2816   usb_device.o
       808          0          0        267          0      10324   usbd_cdc.o
       224          0          0         16       2068       2916   usbd_cdc_if.o
       698          0          0          0       1292      15855   usbd_conf.o
       694          0          0          0          0       7348   usbd_core.o
      1614         30          0          0          1       9022   usbd_ctlreq.o
       560         72          0         76        512       4063   usbd_desc.o
       128          0          0          0          0       4318   usbd_ioreq.o

    ----------------------------------------------------------------------
     25576        154        322        388       5868     243182   Object Totals
         0          0         32          0          0          0   (incl. Generated)
       166          0          2         12         11          0   (incl. Padding)

    ----------------------------------------------------------------------

      Code (inc. data)   RO Data    RW Data    ZI Data      Debug   Library Member Name

        40          0          0          0          0         80   fmaxf.o
        40          0          0          0          0         80   fminf.o
        86          0          0          0          0          0   __dczerorl2.o
         0          0          0          0          0          0   entry.o
         0          0          0          0          0          0   entry10a.o
         0          0          0          0          0          0   entry11a.o
         8          4          0          0          0          0   entry2.o
         4          0          0          0          0          0   entry5.o
         0          0          0          0          0          0   entry7b.o
         0          0          0          0          0          0   entry8b.o
         8          4          0          0          0          0   entry9a.o
        30          0          0          0          0          0   handlers.o
        36          8          0          0          0         68   init.o
         0          0          0          0          0          0   iusefp.o
        36          0          0          0          0         68   memcpya.o
        36          0          0          0          0        108   memseta.o
        14          0          0          0          0         68   strlen.o
       176          0          0          0          0        140   fadd.o
        54          0          0          0          0         68   fcmp4.o
       110          0          0          0          0        168   fepilogue.o
        50          0          0          0          0         68   ffixi.o
        18          0          0          0          0         68   fflti.o

    ----------------------------------------------------------------------
       750         16          0          0          0        984   Library Totals
         4          0          0          0          0          0   (incl. Padding)

    ----------------------------------------------------------------------

      Code (inc. data)   RO Data    RW Data    ZI Data      Debug   Library Name

        80          0          0          0          0        160   m_ws.l
       258         16          0          0          0        312   mc_w.l
       408          0          0          0          0        512   mf_w.l

    ----------------------------------------------------------------------
       750         16          0          0          0        984   Library Totals

    ----------------------------------------------------------------------

==============================================================================


      Code (inc. data)   RO Data    RW Data    ZI Data      Debug   

     26326        170        322        388       5868     243634   Grand Totals
     26326        170        322        200       5868     243634   ELF Image Totals (compressed)
     26326        170        322        200          0          0   ROM Totals

==============================================================================

    Total RO  Size (Code + RO Data)                26648 (  26.02kB)
    Total RW  Size (RW Data + ZI Data)              6256 (   6.11kB)
    Total ROM Size (Code + RO Data + RW Data)      26848 (  26.22kB)

==============================================================================

